<!doctype html public "-//w3c//dtd html 4.0 transitional//en">
<html><head>
<title>Static Call Graph - [.\Objects\test1.axf]</title></head>
<body><HR>
<H1>Static Call Graph for image .\Objects\test1.axf</H1><HR>
<BR><P>#&#060CALLGRAPH&#062# ARM Linker, 5050041: Last Updated: Tue Apr 14 18:59:24 2015
<BR><P>
<H3>Maximum Stack Usage =        580 bytes + Unknown(Functions without stacksize, Cycles, Untraceable Function Pointers)</H3><H3>
Call chain for Maximum Stack Depth:</H3>
tcp_server_recv &rArr; receivedData &rArr; led_cont &rArr; init_TCPclient_listen &rArr; tcp_new &rArr; tcp_alloc &rArr; tcp_kill_prio &rArr; tcp_abandon &rArr; tcp_pcb_remove &rArr; tcp_output &rArr; tcp_output_segment &rArr; ip_output &rArr; ip_output_if &rArr; ip_frag &rArr; pbuf_alloc &rArr; pbuf_free &rArr; mem_free &rArr; plug_holes
<P>
<H3>
Functions with no stack information
</H3><UL>
 <LI><a href="#[57]">__user_initial_stackheap</a>
</UL>
</UL>
<P>
<H3>
Mutually Recursive functions
</H3> <LI><a href="#[1f]">ADC1_2_IRQHandler</a>&nbsp;&nbsp;&nbsp;&rArr;&nbsp;&nbsp;&nbsp;<a href="#[1f]">ADC1_2_IRQHandler</a><BR>
</UL>
<P>
<H3>
Function Pointers
</H3><UL>
 <LI><a href="#[1f]">ADC1_2_IRQHandler</a> from startup_stm32f10x_cl.o(.text) referenced from startup_stm32f10x_cl.o(RESET)
 <LI><a href="#[7]">BusFault_Handler</a> from stm32f10x_it.o(.text) referenced from startup_stm32f10x_cl.o(RESET)
 <LI><a href="#[21]">CAN1_RX0_IRQHandler</a> from startup_stm32f10x_cl.o(.text) referenced from startup_stm32f10x_cl.o(RESET)
 <LI><a href="#[22]">CAN1_RX1_IRQHandler</a> from startup_stm32f10x_cl.o(.text) referenced from startup_stm32f10x_cl.o(RESET)
 <LI><a href="#[23]">CAN1_SCE_IRQHandler</a> from startup_stm32f10x_cl.o(.text) referenced from startup_stm32f10x_cl.o(RESET)
 <LI><a href="#[20]">CAN1_TX_IRQHandler</a> from startup_stm32f10x_cl.o(.text) referenced from startup_stm32f10x_cl.o(RESET)
 <LI><a href="#[46]">CAN2_RX0_IRQHandler</a> from startup_stm32f10x_cl.o(.text) referenced from startup_stm32f10x_cl.o(RESET)
 <LI><a href="#[47]">CAN2_RX1_IRQHandler</a> from startup_stm32f10x_cl.o(.text) referenced from startup_stm32f10x_cl.o(RESET)
 <LI><a href="#[48]">CAN2_SCE_IRQHandler</a> from startup_stm32f10x_cl.o(.text) referenced from startup_stm32f10x_cl.o(RESET)
 <LI><a href="#[45]">CAN2_TX_IRQHandler</a> from startup_stm32f10x_cl.o(.text) referenced from startup_stm32f10x_cl.o(RESET)
 <LI><a href="#[18]">DMA1_Channel1_IRQHandler</a> from startup_stm32f10x_cl.o(.text) referenced from startup_stm32f10x_cl.o(RESET)
 <LI><a href="#[19]">DMA1_Channel2_IRQHandler</a> from startup_stm32f10x_cl.o(.text) referenced from startup_stm32f10x_cl.o(RESET)
 <LI><a href="#[1a]">DMA1_Channel3_IRQHandler</a> from startup_stm32f10x_cl.o(.text) referenced from startup_stm32f10x_cl.o(RESET)
 <LI><a href="#[1b]">DMA1_Channel4_IRQHandler</a> from startup_stm32f10x_cl.o(.text) referenced from startup_stm32f10x_cl.o(RESET)
 <LI><a href="#[1c]">DMA1_Channel5_IRQHandler</a> from startup_stm32f10x_cl.o(.text) referenced from startup_stm32f10x_cl.o(RESET)
 <LI><a href="#[1d]">DMA1_Channel6_IRQHandler</a> from startup_stm32f10x_cl.o(.text) referenced from startup_stm32f10x_cl.o(RESET)
 <LI><a href="#[1e]">DMA1_Channel7_IRQHandler</a> from startup_stm32f10x_cl.o(.text) referenced from startup_stm32f10x_cl.o(RESET)
 <LI><a href="#[3e]">DMA2_Channel1_IRQHandler</a> from startup_stm32f10x_cl.o(.text) referenced from startup_stm32f10x_cl.o(RESET)
 <LI><a href="#[3f]">DMA2_Channel2_IRQHandler</a> from startup_stm32f10x_cl.o(.text) referenced from startup_stm32f10x_cl.o(RESET)
 <LI><a href="#[40]">DMA2_Channel3_IRQHandler</a> from startup_stm32f10x_cl.o(.text) referenced from startup_stm32f10x_cl.o(RESET)
 <LI><a href="#[41]">DMA2_Channel4_IRQHandler</a> from startup_stm32f10x_cl.o(.text) referenced from startup_stm32f10x_cl.o(RESET)
 <LI><a href="#[42]">DMA2_Channel5_IRQHandler</a> from startup_stm32f10x_cl.o(.text) referenced from startup_stm32f10x_cl.o(RESET)
 <LI><a href="#[a]">DebugMon_Handler</a> from stm32f10x_it.o(.text) referenced from startup_stm32f10x_cl.o(RESET)
 <LI><a href="#[43]">ETH_IRQHandler</a> from stm32f10x_it.o(.text) referenced from startup_stm32f10x_cl.o(RESET)
 <LI><a href="#[44]">ETH_WKUP_IRQHandler</a> from startup_stm32f10x_cl.o(.text) referenced from startup_stm32f10x_cl.o(RESET)
 <LI><a href="#[13]">EXTI0_IRQHandler</a> from startup_stm32f10x_cl.o(.text) referenced from startup_stm32f10x_cl.o(RESET)
 <LI><a href="#[35]">EXTI15_10_IRQHandler</a> from stm32f10x_it.o(.text) referenced from startup_stm32f10x_cl.o(RESET)
 <LI><a href="#[14]">EXTI1_IRQHandler</a> from startup_stm32f10x_cl.o(.text) referenced from startup_stm32f10x_cl.o(RESET)
 <LI><a href="#[15]">EXTI2_IRQHandler</a> from startup_stm32f10x_cl.o(.text) referenced from startup_stm32f10x_cl.o(RESET)
 <LI><a href="#[16]">EXTI3_IRQHandler</a> from startup_stm32f10x_cl.o(.text) referenced from startup_stm32f10x_cl.o(RESET)
 <LI><a href="#[17]">EXTI4_IRQHandler</a> from startup_stm32f10x_cl.o(.text) referenced from startup_stm32f10x_cl.o(RESET)
 <LI><a href="#[24]">EXTI9_5_IRQHandler</a> from startup_stm32f10x_cl.o(.text) referenced from startup_stm32f10x_cl.o(RESET)
 <LI><a href="#[11]">FLASH_IRQHandler</a> from startup_stm32f10x_cl.o(.text) referenced from startup_stm32f10x_cl.o(RESET)
 <LI><a href="#[5]">HardFault_Handler</a> from stm32f10x_it.o(.text) referenced from startup_stm32f10x_cl.o(RESET)
 <LI><a href="#[2d]">I2C1_ER_IRQHandler</a> from startup_stm32f10x_cl.o(.text) referenced from startup_stm32f10x_cl.o(RESET)
 <LI><a href="#[2c]">I2C1_EV_IRQHandler</a> from startup_stm32f10x_cl.o(.text) referenced from startup_stm32f10x_cl.o(RESET)
 <LI><a href="#[2f]">I2C2_ER_IRQHandler</a> from startup_stm32f10x_cl.o(.text) referenced from startup_stm32f10x_cl.o(RESET)
 <LI><a href="#[2e]">I2C2_EV_IRQHandler</a> from startup_stm32f10x_cl.o(.text) referenced from startup_stm32f10x_cl.o(RESET)
 <LI><a href="#[6]">MemManage_Handler</a> from stm32f10x_it.o(.text) referenced from startup_stm32f10x_cl.o(RESET)
 <LI><a href="#[4]">NMI_Handler</a> from stm32f10x_it.o(.text) referenced from startup_stm32f10x_cl.o(RESET)
 <LI><a href="#[49]">OTG_FS_IRQHandler</a> from startup_stm32f10x_cl.o(.text) referenced from startup_stm32f10x_cl.o(RESET)
 <LI><a href="#[37]">OTG_FS_WKUP_IRQHandler</a> from startup_stm32f10x_cl.o(.text) referenced from startup_stm32f10x_cl.o(RESET)
 <LI><a href="#[e]">PVD_IRQHandler</a> from startup_stm32f10x_cl.o(.text) referenced from startup_stm32f10x_cl.o(RESET)
 <LI><a href="#[b]">PendSV_Handler</a> from stm32f10x_it.o(.text) referenced from startup_stm32f10x_cl.o(RESET)
 <LI><a href="#[12]">RCC_IRQHandler</a> from startup_stm32f10x_cl.o(.text) referenced from startup_stm32f10x_cl.o(RESET)
 <LI><a href="#[36]">RTCAlarm_IRQHandler</a> from startup_stm32f10x_cl.o(.text) referenced from startup_stm32f10x_cl.o(RESET)
 <LI><a href="#[10]">RTC_IRQHandler</a> from startup_stm32f10x_cl.o(.text) referenced from startup_stm32f10x_cl.o(RESET)
 <LI><a href="#[55]">Reset_Handler</a> from startup_stm32f10x_cl.o(.text) referenced from startup_stm32f10x_cl.o(RESET)
 <LI><a href="#[30]">SPI1_IRQHandler</a> from startup_stm32f10x_cl.o(.text) referenced from startup_stm32f10x_cl.o(RESET)
 <LI><a href="#[31]">SPI2_IRQHandler</a> from startup_stm32f10x_cl.o(.text) referenced from startup_stm32f10x_cl.o(RESET)
 <LI><a href="#[39]">SPI3_IRQHandler</a> from startup_stm32f10x_cl.o(.text) referenced from startup_stm32f10x_cl.o(RESET)
 <LI><a href="#[9]">SVC_Handler</a> from stm32f10x_it.o(.text) referenced from startup_stm32f10x_cl.o(RESET)
 <LI><a href="#[c]">SysTick_Handler</a> from stm32f10x_it.o(.text) referenced from startup_stm32f10x_cl.o(RESET)
 <LI><a href="#[4a]">SystemInit</a> from system_stm32f10x.o(.text) referenced from startup_stm32f10x_cl.o(.text)
 <LI><a href="#[f]">TAMPER_IRQHandler</a> from startup_stm32f10x_cl.o(.text) referenced from startup_stm32f10x_cl.o(RESET)
 <LI><a href="#[25]">TIM1_BRK_IRQHandler</a> from startup_stm32f10x_cl.o(.text) referenced from startup_stm32f10x_cl.o(RESET)
 <LI><a href="#[28]">TIM1_CC_IRQHandler</a> from startup_stm32f10x_cl.o(.text) referenced from startup_stm32f10x_cl.o(RESET)
 <LI><a href="#[27]">TIM1_TRG_COM_IRQHandler</a> from startup_stm32f10x_cl.o(.text) referenced from startup_stm32f10x_cl.o(RESET)
 <LI><a href="#[26]">TIM1_UP_IRQHandler</a> from startup_stm32f10x_cl.o(.text) referenced from startup_stm32f10x_cl.o(RESET)
 <LI><a href="#[29]">TIM2_IRQHandler</a> from startup_stm32f10x_cl.o(.text) referenced from startup_stm32f10x_cl.o(RESET)
 <LI><a href="#[2a]">TIM3_IRQHandler</a> from startup_stm32f10x_cl.o(.text) referenced from startup_stm32f10x_cl.o(RESET)
 <LI><a href="#[2b]">TIM4_IRQHandler</a> from startup_stm32f10x_cl.o(.text) referenced from startup_stm32f10x_cl.o(RESET)
 <LI><a href="#[38]">TIM5_IRQHandler</a> from startup_stm32f10x_cl.o(.text) referenced from startup_stm32f10x_cl.o(RESET)
 <LI><a href="#[3c]">TIM6_IRQHandler</a> from startup_stm32f10x_cl.o(.text) referenced from startup_stm32f10x_cl.o(RESET)
 <LI><a href="#[3d]">TIM7_IRQHandler</a> from startup_stm32f10x_cl.o(.text) referenced from startup_stm32f10x_cl.o(RESET)
 <LI><a href="#[3a]">UART4_IRQHandler</a> from startup_stm32f10x_cl.o(.text) referenced from startup_stm32f10x_cl.o(RESET)
 <LI><a href="#[3b]">UART5_IRQHandler</a> from startup_stm32f10x_cl.o(.text) referenced from startup_stm32f10x_cl.o(RESET)
 <LI><a href="#[32]">USART1_IRQHandler</a> from startup_stm32f10x_cl.o(.text) referenced from startup_stm32f10x_cl.o(RESET)
 <LI><a href="#[33]">USART2_IRQHandler</a> from startup_stm32f10x_cl.o(.text) referenced from startup_stm32f10x_cl.o(RESET)
 <LI><a href="#[34]">USART3_IRQHandler</a> from startup_stm32f10x_cl.o(.text) referenced from startup_stm32f10x_cl.o(RESET)
 <LI><a href="#[8]">UsageFault_Handler</a> from stm32f10x_it.o(.text) referenced from startup_stm32f10x_cl.o(RESET)
 <LI><a href="#[d]">WWDG_IRQHandler</a> from startup_stm32f10x_cl.o(.text) referenced from startup_stm32f10x_cl.o(RESET)
 <LI><a href="#[56]">__main</a> from __main.o(!!!main) referenced from startup_stm32f10x_cl.o(.text)
 <LI><a href="#[54]">_printf_input_char</a> from _printf_char_common.o(.text) referenced from _printf_char_common.o(.text)
 <LI><a href="#[53]">_sputc</a> from _sputc.o(.text) referenced from noretval__2sprintf.o(.text)
 <LI><a href="#[4c]">etharp_output</a> from etharp.o(.text) referenced from ethernetif.o(.text)
 <LI><a href="#[4f]">ethernet_input</a> from etharp.o(.text) referenced from netconf.o(.text)
 <LI><a href="#[50]">ethernetif_init</a> from ethernetif.o(.text) referenced from netconf.o(.text)
 <LI><a href="#[4d]">low_level_output</a> from ethernetif.o(.text) referenced from ethernetif.o(.text)
 <LI><a href="#[51]">tcp_accept_null</a> from tcp.o(.text) referenced from tcp.o(.text)
 <LI><a href="#[103]">tcp_client_connected</a> from client.o(.text) referenced from client.o(.text)
 <LI><a href="#[117]">tcp_err_callback</a> from server.o(.text) referenced from server.o(.text)
 <LI><a href="#[119]">tcp_poll_callback</a> from server.o(.text) referenced from server.o(.text)
 <LI><a href="#[52]">tcp_recv_null</a> from tcp.o(.text) referenced from tcp.o(.text)
 <LI><a href="#[128]">tcp_server_accept</a> from server.o(.text) referenced 3 times from server.o(.text)
 <LI><a href="#[4e]">tcp_server_recv</a> from server.o(.text) referenced from server.o(.text)
 <LI><a href="#[105]">udp_client_callback</a> from client.o(.text) referenced from client.o(.text)
 <LI><a href="#[12d]">udp_server_callback</a> from server.o(.text) referenced from server.o(.text)
</UL>
<P>
<H3>
Global Symbols
</H3>
<P><STRONG><a name="[56]"></a>__main</STRONG> (Thumb, 8 bytes, Stack size 0 bytes, __main.o(!!!main))
<BR><BR>[Calls]<UL><LI><a href="#[58]">&gt;&gt;</a>&nbsp;&nbsp;&nbsp;__scatterload
<LI><a href="#[59]">&gt;&gt;</a>&nbsp;&nbsp;&nbsp;__rt_entry
</UL>

<P><STRONG><a name="[58]"></a>__scatterload</STRONG> (Thumb, 0 bytes, Stack size unknown bytes, __scatter.o(!!!scatter))
<BR><BR>[Called By]<UL><LI><a href="#[56]">&gt;&gt;</a>&nbsp;&nbsp;&nbsp;__main
</UL>

<P><STRONG><a name="[5a]"></a>__scatterload_rt2</STRONG> (Thumb, 44 bytes, Stack size unknown bytes, __scatter.o(!!!scatter), UNUSED)
<BR><BR>[Calls]<UL><LI><a href="#[59]">&gt;&gt;</a>&nbsp;&nbsp;&nbsp;__rt_entry
</UL>

<P><STRONG><a name="[1c5]"></a>__scatterload_rt2_thumb_only</STRONG> (Thumb, 0 bytes, Stack size unknown bytes, __scatter.o(!!!scatter), UNUSED)

<P><STRONG><a name="[1c6]"></a>__scatterload_null</STRONG> (Thumb, 0 bytes, Stack size unknown bytes, __scatter.o(!!!scatter), UNUSED)

<P><STRONG><a name="[1c7]"></a>__decompress</STRONG> (Thumb, 90 bytes, Stack size unknown bytes, __dczerorl2.o(!!dczerorl2), UNUSED)

<P><STRONG><a name="[1c8]"></a>__decompress1</STRONG> (Thumb, 0 bytes, Stack size unknown bytes, __dczerorl2.o(!!dczerorl2), UNUSED)

<P><STRONG><a name="[1c9]"></a>__scatterload_zeroinit</STRONG> (Thumb, 28 bytes, Stack size unknown bytes, __scatter_zi.o(!!handler_zi), UNUSED)

<P><STRONG><a name="[5b]"></a>_printf_d</STRONG> (Thumb, 0 bytes, Stack size unknown bytes, _printf_d.o(.ARM.Collect$$_printf_percent$$00000009))
<BR><BR>[Stack]<UL><LI>Max Depth = 56 + Unknown Stack Size
<LI>Call Chain = _printf_d &rArr; _printf_int_dec &rArr; _printf_int_common
</UL>
<BR>[Calls]<UL><LI><a href="#[5c]">&gt;&gt;</a>&nbsp;&nbsp;&nbsp;_printf_int_dec
</UL>

<P><STRONG><a name="[1b5]"></a>_printf_percent</STRONG> (Thumb, 0 bytes, Stack size unknown bytes, _printf_percent.o(.ARM.Collect$$_printf_percent$$00000000))
<BR><BR>[Called By]<UL><LI><a href="#[1b4]">&gt;&gt;</a>&nbsp;&nbsp;&nbsp;__printf
</UL>

<P><STRONG><a name="[1ca]"></a>_printf_percent_end</STRONG> (Thumb, 0 bytes, Stack size unknown bytes, _printf_percent_end.o(.ARM.Collect$$_printf_percent$$00000017))

<P><STRONG><a name="[60]"></a>__rt_lib_init</STRONG> (Thumb, 0 bytes, Stack size unknown bytes, libinit.o(.ARM.Collect$$libinit$$00000000))
<BR><BR>[Called By]<UL><LI><a href="#[5f]">&gt;&gt;</a>&nbsp;&nbsp;&nbsp;__rt_entry_li
</UL>

<P><STRONG><a name="[1cb]"></a>__rt_lib_init_alloca_1</STRONG> (Thumb, 0 bytes, Stack size unknown bytes, libinit2.o(.ARM.Collect$$libinit$$0000002E))

<P><STRONG><a name="[1cc]"></a>__rt_lib_init_argv_1</STRONG> (Thumb, 0 bytes, Stack size unknown bytes, libinit2.o(.ARM.Collect$$libinit$$0000002C))

<P><STRONG><a name="[1cd]"></a>__rt_lib_init_atexit_1</STRONG> (Thumb, 0 bytes, Stack size unknown bytes, libinit2.o(.ARM.Collect$$libinit$$0000001B))

<P><STRONG><a name="[1ce]"></a>__rt_lib_init_clock_1</STRONG> (Thumb, 0 bytes, Stack size unknown bytes, libinit2.o(.ARM.Collect$$libinit$$00000021))

<P><STRONG><a name="[1cf]"></a>__rt_lib_init_cpp_1</STRONG> (Thumb, 0 bytes, Stack size unknown bytes, libinit2.o(.ARM.Collect$$libinit$$00000032))

<P><STRONG><a name="[1d0]"></a>__rt_lib_init_exceptions_1</STRONG> (Thumb, 0 bytes, Stack size unknown bytes, libinit2.o(.ARM.Collect$$libinit$$00000030))

<P><STRONG><a name="[1d1]"></a>__rt_lib_init_fp_1</STRONG> (Thumb, 0 bytes, Stack size unknown bytes, libinit2.o(.ARM.Collect$$libinit$$00000002))

<P><STRONG><a name="[1d2]"></a>__rt_lib_init_fp_trap_1</STRONG> (Thumb, 0 bytes, Stack size unknown bytes, libinit2.o(.ARM.Collect$$libinit$$0000001F))

<P><STRONG><a name="[1d3]"></a>__rt_lib_init_getenv_1</STRONG> (Thumb, 0 bytes, Stack size unknown bytes, libinit2.o(.ARM.Collect$$libinit$$00000023))

<P><STRONG><a name="[1d4]"></a>__rt_lib_init_heap_1</STRONG> (Thumb, 0 bytes, Stack size unknown bytes, libinit2.o(.ARM.Collect$$libinit$$0000000A))

<P><STRONG><a name="[1d5]"></a>__rt_lib_init_lc_collate_1</STRONG> (Thumb, 0 bytes, Stack size unknown bytes, libinit2.o(.ARM.Collect$$libinit$$00000011))

<P><STRONG><a name="[1d6]"></a>__rt_lib_init_lc_ctype_1</STRONG> (Thumb, 0 bytes, Stack size unknown bytes, libinit2.o(.ARM.Collect$$libinit$$00000013))

<P><STRONG><a name="[1d7]"></a>__rt_lib_init_lc_monetary_1</STRONG> (Thumb, 0 bytes, Stack size unknown bytes, libinit2.o(.ARM.Collect$$libinit$$00000015))

<P><STRONG><a name="[1d8]"></a>__rt_lib_init_lc_numeric_1</STRONG> (Thumb, 0 bytes, Stack size unknown bytes, libinit2.o(.ARM.Collect$$libinit$$00000017))

<P><STRONG><a name="[1d9]"></a>__rt_lib_init_lc_time_1</STRONG> (Thumb, 0 bytes, Stack size unknown bytes, libinit2.o(.ARM.Collect$$libinit$$00000019))

<P><STRONG><a name="[1da]"></a>__rt_lib_init_preinit_1</STRONG> (Thumb, 0 bytes, Stack size unknown bytes, libinit2.o(.ARM.Collect$$libinit$$00000004))

<P><STRONG><a name="[1db]"></a>__rt_lib_init_rand_1</STRONG> (Thumb, 0 bytes, Stack size unknown bytes, libinit2.o(.ARM.Collect$$libinit$$0000000E))

<P><STRONG><a name="[1dc]"></a>__rt_lib_init_return</STRONG> (Thumb, 0 bytes, Stack size unknown bytes, libinit2.o(.ARM.Collect$$libinit$$00000033))

<P><STRONG><a name="[1dd]"></a>__rt_lib_init_signal_1</STRONG> (Thumb, 0 bytes, Stack size unknown bytes, libinit2.o(.ARM.Collect$$libinit$$0000001D))

<P><STRONG><a name="[1de]"></a>__rt_lib_init_stdio_1</STRONG> (Thumb, 0 bytes, Stack size unknown bytes, libinit2.o(.ARM.Collect$$libinit$$00000025))

<P><STRONG><a name="[1df]"></a>__rt_lib_init_user_alloc_1</STRONG> (Thumb, 0 bytes, Stack size unknown bytes, libinit2.o(.ARM.Collect$$libinit$$0000000C))

<P><STRONG><a name="[65]"></a>__rt_lib_shutdown</STRONG> (Thumb, 0 bytes, Stack size unknown bytes, libshutdown.o(.ARM.Collect$$libshutdown$$00000000))
<BR><BR>[Called By]<UL><LI><a href="#[64]">&gt;&gt;</a>&nbsp;&nbsp;&nbsp;__rt_exit_ls
</UL>

<P><STRONG><a name="[1e0]"></a>__rt_lib_shutdown_fp_trap_1</STRONG> (Thumb, 0 bytes, Stack size unknown bytes, libshutdown2.o(.ARM.Collect$$libshutdown$$00000006))

<P><STRONG><a name="[1e1]"></a>__rt_lib_shutdown_heap_1</STRONG> (Thumb, 0 bytes, Stack size unknown bytes, libshutdown2.o(.ARM.Collect$$libshutdown$$0000000E))

<P><STRONG><a name="[1e2]"></a>__rt_lib_shutdown_return</STRONG> (Thumb, 0 bytes, Stack size unknown bytes, libshutdown2.o(.ARM.Collect$$libshutdown$$0000000F))

<P><STRONG><a name="[1e3]"></a>__rt_lib_shutdown_signal_1</STRONG> (Thumb, 0 bytes, Stack size unknown bytes, libshutdown2.o(.ARM.Collect$$libshutdown$$00000009))

<P><STRONG><a name="[1e4]"></a>__rt_lib_shutdown_stdio_1</STRONG> (Thumb, 0 bytes, Stack size unknown bytes, libshutdown2.o(.ARM.Collect$$libshutdown$$00000003))

<P><STRONG><a name="[1e5]"></a>__rt_lib_shutdown_user_alloc_1</STRONG> (Thumb, 0 bytes, Stack size unknown bytes, libshutdown2.o(.ARM.Collect$$libshutdown$$0000000B))

<P><STRONG><a name="[59]"></a>__rt_entry</STRONG> (Thumb, 0 bytes, Stack size unknown bytes, __rtentry.o(.ARM.Collect$$rtentry$$00000000))
<BR><BR>[Called By]<UL><LI><a href="#[5a]">&gt;&gt;</a>&nbsp;&nbsp;&nbsp;__scatterload_rt2
<LI><a href="#[56]">&gt;&gt;</a>&nbsp;&nbsp;&nbsp;__main
</UL>

<P><STRONG><a name="[1e6]"></a>__rt_entry_presh_1</STRONG> (Thumb, 0 bytes, Stack size unknown bytes, __rtentry2.o(.ARM.Collect$$rtentry$$00000002))

<P><STRONG><a name="[5d]"></a>__rt_entry_sh</STRONG> (Thumb, 0 bytes, Stack size unknown bytes, __rtentry4.o(.ARM.Collect$$rtentry$$00000004))
<BR><BR>[Stack]<UL><LI>Max Depth = 8 + Unknown Stack Size
<LI>Call Chain = __rt_entry_sh &rArr; __user_setup_stackheap
</UL>
<BR>[Calls]<UL><LI><a href="#[5e]">&gt;&gt;</a>&nbsp;&nbsp;&nbsp;__user_setup_stackheap
</UL>

<P><STRONG><a name="[5f]"></a>__rt_entry_li</STRONG> (Thumb, 0 bytes, Stack size unknown bytes, __rtentry2.o(.ARM.Collect$$rtentry$$0000000A))
<BR><BR>[Calls]<UL><LI><a href="#[60]">&gt;&gt;</a>&nbsp;&nbsp;&nbsp;__rt_lib_init
</UL>

<P><STRONG><a name="[1e7]"></a>__rt_entry_postsh_1</STRONG> (Thumb, 0 bytes, Stack size unknown bytes, __rtentry2.o(.ARM.Collect$$rtentry$$00000009))

<P><STRONG><a name="[61]"></a>__rt_entry_main</STRONG> (Thumb, 0 bytes, Stack size unknown bytes, __rtentry2.o(.ARM.Collect$$rtentry$$0000000D))
<BR><BR>[Stack]<UL><LI>Max Depth = 532 + Unknown Stack Size
<LI>Call Chain = __rt_entry_main &rArr; main &rArr; LwIP_Init &rArr; netif_add &rArr; netif_set_addr &rArr; netif_set_ipaddr &rArr; tcp_abandon &rArr; tcp_pcb_remove &rArr; tcp_output &rArr; tcp_output_segment &rArr; ip_output &rArr; ip_output_if &rArr; ip_frag &rArr; pbuf_alloc &rArr; pbuf_free &rArr; mem_free &rArr; plug_holes
</UL>
<BR>[Calls]<UL><LI><a href="#[62]">&gt;&gt;</a>&nbsp;&nbsp;&nbsp;main
<LI><a href="#[63]">&gt;&gt;</a>&nbsp;&nbsp;&nbsp;exit
</UL>

<P><STRONG><a name="[1e8]"></a>__rt_entry_postli_1</STRONG> (Thumb, 0 bytes, Stack size unknown bytes, __rtentry2.o(.ARM.Collect$$rtentry$$0000000C))

<P><STRONG><a name="[1bc]"></a>__rt_exit</STRONG> (Thumb, 0 bytes, Stack size unknown bytes, rtexit.o(.ARM.Collect$$rtexit$$00000000))
<BR><BR>[Called By]<UL><LI><a href="#[63]">&gt;&gt;</a>&nbsp;&nbsp;&nbsp;exit
</UL>

<P><STRONG><a name="[64]"></a>__rt_exit_ls</STRONG> (Thumb, 0 bytes, Stack size unknown bytes, rtexit2.o(.ARM.Collect$$rtexit$$00000003))
<BR><BR>[Calls]<UL><LI><a href="#[65]">&gt;&gt;</a>&nbsp;&nbsp;&nbsp;__rt_lib_shutdown
</UL>

<P><STRONG><a name="[1e9]"></a>__rt_exit_prels_1</STRONG> (Thumb, 0 bytes, Stack size unknown bytes, rtexit2.o(.ARM.Collect$$rtexit$$00000002))

<P><STRONG><a name="[66]"></a>__rt_exit_exit</STRONG> (Thumb, 0 bytes, Stack size unknown bytes, rtexit2.o(.ARM.Collect$$rtexit$$00000004))
<BR><BR>[Calls]<UL><LI><a href="#[67]">&gt;&gt;</a>&nbsp;&nbsp;&nbsp;_sys_exit
</UL>

<P><STRONG><a name="[68]"></a>System_Periodic_Handle</STRONG> (Thumb, 12 bytes, Stack size 8 bytes, main.o(.text))
<BR><BR>[Stack]<UL><LI>Max Depth = 468<LI>Call Chain = System_Periodic_Handle &rArr; LwIP_Periodic_Handle &rArr; tcp_tmr &rArr; tcp_slowtmr &rArr; tcp_abandon &rArr; tcp_pcb_remove &rArr; tcp_output &rArr; tcp_output_segment &rArr; ip_output &rArr; ip_output_if &rArr; ip_frag &rArr; pbuf_alloc &rArr; pbuf_free &rArr; mem_free &rArr; plug_holes
</UL>
<BR>[Calls]<UL><LI><a href="#[69]">&gt;&gt;</a>&nbsp;&nbsp;&nbsp;LwIP_Periodic_Handle
</UL>
<BR>[Called By]<UL><LI><a href="#[62]">&gt;&gt;</a>&nbsp;&nbsp;&nbsp;main
</UL>

<P><STRONG><a name="[62]"></a>main</STRONG> (Thumb, 36 bytes, Stack size 0 bytes, main.o(.text))
<BR><BR>[Stack]<UL><LI>Max Depth = 532<LI>Call Chain = main &rArr; LwIP_Init &rArr; netif_add &rArr; netif_set_addr &rArr; netif_set_ipaddr &rArr; tcp_abandon &rArr; tcp_pcb_remove &rArr; tcp_output &rArr; tcp_output_segment &rArr; ip_output &rArr; ip_output_if &rArr; ip_frag &rArr; pbuf_alloc &rArr; pbuf_free &rArr; mem_free &rArr; plug_holes
</UL>
<BR>[Calls]<UL><LI><a href="#[6c]">&gt;&gt;</a>&nbsp;&nbsp;&nbsp;set_pos
<LI><a href="#[6e]">&gt;&gt;</a>&nbsp;&nbsp;&nbsp;init_TCPclient_listen
<LI><a href="#[6a]">&gt;&gt;</a>&nbsp;&nbsp;&nbsp;System_Setup
<LI><a href="#[6d]">&gt;&gt;</a>&nbsp;&nbsp;&nbsp;LwIP_Init
<LI><a href="#[6b]">&gt;&gt;</a>&nbsp;&nbsp;&nbsp;InitAll
<LI><a href="#[68]">&gt;&gt;</a>&nbsp;&nbsp;&nbsp;System_Periodic_Handle
</UL>
<BR>[Called By]<UL><LI><a href="#[61]">&gt;&gt;</a>&nbsp;&nbsp;&nbsp;__rt_entry_main
</UL>

<P><STRONG><a name="[126]"></a>Delay</STRONG> (Thumb, 26 bytes, Stack size 0 bytes, main.o(.text))
<BR><BR>[Called By]<UL><LI><a href="#[4e]">&gt;&gt;</a>&nbsp;&nbsp;&nbsp;tcp_server_recv
<LI><a href="#[14a]">&gt;&gt;</a>&nbsp;&nbsp;&nbsp;Display_Periodic_Handle
</UL>

<P><STRONG><a name="[14b]"></a>Time_Update</STRONG> (Thumb, 12 bytes, Stack size 0 bytes, main.o(.text))
<BR><BR>[Called By]<UL><LI><a href="#[c]">&gt;&gt;</a>&nbsp;&nbsp;&nbsp;SysTick_Handler
</UL>

<P><STRONG><a name="[55]"></a>Reset_Handler</STRONG> (Thumb, 8 bytes, Stack size 0 bytes, startup_stm32f10x_cl.o(.text))

<P><STRONG><a name="[1f]"></a>ADC1_2_IRQHandler</STRONG> (Thumb, 0 bytes, Stack size 0 bytes, startup_stm32f10x_cl.o(.text))
<BR><BR>[Calls]<UL><LI><a href="#[1f]">&gt;&gt;</a>&nbsp;&nbsp;&nbsp;ADC1_2_IRQHandler
</UL>
<BR>[Called By]<UL><LI><a href="#[1f]">&gt;&gt;</a>&nbsp;&nbsp;&nbsp;ADC1_2_IRQHandler
</UL>
<BR>[Address Reference Count : 1]<UL><LI> startup_stm32f10x_cl.o(RESET)
</UL>
<P><STRONG><a name="[21]"></a>CAN1_RX0_IRQHandler</STRONG> (Thumb, 0 bytes, Stack size 0 bytes, startup_stm32f10x_cl.o(.text))
<BR>[Address Reference Count : 1]<UL><LI> startup_stm32f10x_cl.o(RESET)
</UL>
<P><STRONG><a name="[22]"></a>CAN1_RX1_IRQHandler</STRONG> (Thumb, 0 bytes, Stack size 0 bytes, startup_stm32f10x_cl.o(.text))
<BR>[Address Reference Count : 1]<UL><LI> startup_stm32f10x_cl.o(RESET)
</UL>
<P><STRONG><a name="[23]"></a>CAN1_SCE_IRQHandler</STRONG> (Thumb, 0 bytes, Stack size 0 bytes, startup_stm32f10x_cl.o(.text))
<BR>[Address Reference Count : 1]<UL><LI> startup_stm32f10x_cl.o(RESET)
</UL>
<P><STRONG><a name="[20]"></a>CAN1_TX_IRQHandler</STRONG> (Thumb, 0 bytes, Stack size 0 bytes, startup_stm32f10x_cl.o(.text))
<BR>[Address Reference Count : 1]<UL><LI> startup_stm32f10x_cl.o(RESET)
</UL>
<P><STRONG><a name="[46]"></a>CAN2_RX0_IRQHandler</STRONG> (Thumb, 0 bytes, Stack size 0 bytes, startup_stm32f10x_cl.o(.text))
<BR>[Address Reference Count : 1]<UL><LI> startup_stm32f10x_cl.o(RESET)
</UL>
<P><STRONG><a name="[47]"></a>CAN2_RX1_IRQHandler</STRONG> (Thumb, 0 bytes, Stack size 0 bytes, startup_stm32f10x_cl.o(.text))
<BR>[Address Reference Count : 1]<UL><LI> startup_stm32f10x_cl.o(RESET)
</UL>
<P><STRONG><a name="[48]"></a>CAN2_SCE_IRQHandler</STRONG> (Thumb, 0 bytes, Stack size 0 bytes, startup_stm32f10x_cl.o(.text))
<BR>[Address Reference Count : 1]<UL><LI> startup_stm32f10x_cl.o(RESET)
</UL>
<P><STRONG><a name="[45]"></a>CAN2_TX_IRQHandler</STRONG> (Thumb, 0 bytes, Stack size 0 bytes, startup_stm32f10x_cl.o(.text))
<BR>[Address Reference Count : 1]<UL><LI> startup_stm32f10x_cl.o(RESET)
</UL>
<P><STRONG><a name="[18]"></a>DMA1_Channel1_IRQHandler</STRONG> (Thumb, 0 bytes, Stack size 0 bytes, startup_stm32f10x_cl.o(.text))
<BR>[Address Reference Count : 1]<UL><LI> startup_stm32f10x_cl.o(RESET)
</UL>
<P><STRONG><a name="[19]"></a>DMA1_Channel2_IRQHandler</STRONG> (Thumb, 0 bytes, Stack size 0 bytes, startup_stm32f10x_cl.o(.text))
<BR>[Address Reference Count : 1]<UL><LI> startup_stm32f10x_cl.o(RESET)
</UL>
<P><STRONG><a name="[1a]"></a>DMA1_Channel3_IRQHandler</STRONG> (Thumb, 0 bytes, Stack size 0 bytes, startup_stm32f10x_cl.o(.text))
<BR>[Address Reference Count : 1]<UL><LI> startup_stm32f10x_cl.o(RESET)
</UL>
<P><STRONG><a name="[1b]"></a>DMA1_Channel4_IRQHandler</STRONG> (Thumb, 0 bytes, Stack size 0 bytes, startup_stm32f10x_cl.o(.text))
<BR>[Address Reference Count : 1]<UL><LI> startup_stm32f10x_cl.o(RESET)
</UL>
<P><STRONG><a name="[1c]"></a>DMA1_Channel5_IRQHandler</STRONG> (Thumb, 0 bytes, Stack size 0 bytes, startup_stm32f10x_cl.o(.text))
<BR>[Address Reference Count : 1]<UL><LI> startup_stm32f10x_cl.o(RESET)
</UL>
<P><STRONG><a name="[1d]"></a>DMA1_Channel6_IRQHandler</STRONG> (Thumb, 0 bytes, Stack size 0 bytes, startup_stm32f10x_cl.o(.text))
<BR>[Address Reference Count : 1]<UL><LI> startup_stm32f10x_cl.o(RESET)
</UL>
<P><STRONG><a name="[1e]"></a>DMA1_Channel7_IRQHandler</STRONG> (Thumb, 0 bytes, Stack size 0 bytes, startup_stm32f10x_cl.o(.text))
<BR>[Address Reference Count : 1]<UL><LI> startup_stm32f10x_cl.o(RESET)
</UL>
<P><STRONG><a name="[3e]"></a>DMA2_Channel1_IRQHandler</STRONG> (Thumb, 0 bytes, Stack size 0 bytes, startup_stm32f10x_cl.o(.text))
<BR>[Address Reference Count : 1]<UL><LI> startup_stm32f10x_cl.o(RESET)
</UL>
<P><STRONG><a name="[3f]"></a>DMA2_Channel2_IRQHandler</STRONG> (Thumb, 0 bytes, Stack size 0 bytes, startup_stm32f10x_cl.o(.text))
<BR>[Address Reference Count : 1]<UL><LI> startup_stm32f10x_cl.o(RESET)
</UL>
<P><STRONG><a name="[40]"></a>DMA2_Channel3_IRQHandler</STRONG> (Thumb, 0 bytes, Stack size 0 bytes, startup_stm32f10x_cl.o(.text))
<BR>[Address Reference Count : 1]<UL><LI> startup_stm32f10x_cl.o(RESET)
</UL>
<P><STRONG><a name="[41]"></a>DMA2_Channel4_IRQHandler</STRONG> (Thumb, 0 bytes, Stack size 0 bytes, startup_stm32f10x_cl.o(.text))
<BR>[Address Reference Count : 1]<UL><LI> startup_stm32f10x_cl.o(RESET)
</UL>
<P><STRONG><a name="[42]"></a>DMA2_Channel5_IRQHandler</STRONG> (Thumb, 0 bytes, Stack size 0 bytes, startup_stm32f10x_cl.o(.text))
<BR>[Address Reference Count : 1]<UL><LI> startup_stm32f10x_cl.o(RESET)
</UL>
<P><STRONG><a name="[44]"></a>ETH_WKUP_IRQHandler</STRONG> (Thumb, 0 bytes, Stack size 0 bytes, startup_stm32f10x_cl.o(.text))
<BR>[Address Reference Count : 1]<UL><LI> startup_stm32f10x_cl.o(RESET)
</UL>
<P><STRONG><a name="[13]"></a>EXTI0_IRQHandler</STRONG> (Thumb, 0 bytes, Stack size 0 bytes, startup_stm32f10x_cl.o(.text))
<BR>[Address Reference Count : 1]<UL><LI> startup_stm32f10x_cl.o(RESET)
</UL>
<P><STRONG><a name="[14]"></a>EXTI1_IRQHandler</STRONG> (Thumb, 0 bytes, Stack size 0 bytes, startup_stm32f10x_cl.o(.text))
<BR>[Address Reference Count : 1]<UL><LI> startup_stm32f10x_cl.o(RESET)
</UL>
<P><STRONG><a name="[15]"></a>EXTI2_IRQHandler</STRONG> (Thumb, 0 bytes, Stack size 0 bytes, startup_stm32f10x_cl.o(.text))
<BR>[Address Reference Count : 1]<UL><LI> startup_stm32f10x_cl.o(RESET)
</UL>
<P><STRONG><a name="[16]"></a>EXTI3_IRQHandler</STRONG> (Thumb, 0 bytes, Stack size 0 bytes, startup_stm32f10x_cl.o(.text))
<BR>[Address Reference Count : 1]<UL><LI> startup_stm32f10x_cl.o(RESET)
</UL>
<P><STRONG><a name="[17]"></a>EXTI4_IRQHandler</STRONG> (Thumb, 0 bytes, Stack size 0 bytes, startup_stm32f10x_cl.o(.text))
<BR>[Address Reference Count : 1]<UL><LI> startup_stm32f10x_cl.o(RESET)
</UL>
<P><STRONG><a name="[24]"></a>EXTI9_5_IRQHandler</STRONG> (Thumb, 0 bytes, Stack size 0 bytes, startup_stm32f10x_cl.o(.text))
<BR>[Address Reference Count : 1]<UL><LI> startup_stm32f10x_cl.o(RESET)
</UL>
<P><STRONG><a name="[11]"></a>FLASH_IRQHandler</STRONG> (Thumb, 0 bytes, Stack size 0 bytes, startup_stm32f10x_cl.o(.text))
<BR>[Address Reference Count : 1]<UL><LI> startup_stm32f10x_cl.o(RESET)
</UL>
<P><STRONG><a name="[2d]"></a>I2C1_ER_IRQHandler</STRONG> (Thumb, 0 bytes, Stack size 0 bytes, startup_stm32f10x_cl.o(.text))
<BR>[Address Reference Count : 1]<UL><LI> startup_stm32f10x_cl.o(RESET)
</UL>
<P><STRONG><a name="[2c]"></a>I2C1_EV_IRQHandler</STRONG> (Thumb, 0 bytes, Stack size 0 bytes, startup_stm32f10x_cl.o(.text))
<BR>[Address Reference Count : 1]<UL><LI> startup_stm32f10x_cl.o(RESET)
</UL>
<P><STRONG><a name="[2f]"></a>I2C2_ER_IRQHandler</STRONG> (Thumb, 0 bytes, Stack size 0 bytes, startup_stm32f10x_cl.o(.text))
<BR>[Address Reference Count : 1]<UL><LI> startup_stm32f10x_cl.o(RESET)
</UL>
<P><STRONG><a name="[2e]"></a>I2C2_EV_IRQHandler</STRONG> (Thumb, 0 bytes, Stack size 0 bytes, startup_stm32f10x_cl.o(.text))
<BR>[Address Reference Count : 1]<UL><LI> startup_stm32f10x_cl.o(RESET)
</UL>
<P><STRONG><a name="[49]"></a>OTG_FS_IRQHandler</STRONG> (Thumb, 0 bytes, Stack size 0 bytes, startup_stm32f10x_cl.o(.text))
<BR>[Address Reference Count : 1]<UL><LI> startup_stm32f10x_cl.o(RESET)
</UL>
<P><STRONG><a name="[37]"></a>OTG_FS_WKUP_IRQHandler</STRONG> (Thumb, 0 bytes, Stack size 0 bytes, startup_stm32f10x_cl.o(.text))
<BR>[Address Reference Count : 1]<UL><LI> startup_stm32f10x_cl.o(RESET)
</UL>
<P><STRONG><a name="[e]"></a>PVD_IRQHandler</STRONG> (Thumb, 0 bytes, Stack size 0 bytes, startup_stm32f10x_cl.o(.text))
<BR>[Address Reference Count : 1]<UL><LI> startup_stm32f10x_cl.o(RESET)
</UL>
<P><STRONG><a name="[12]"></a>RCC_IRQHandler</STRONG> (Thumb, 0 bytes, Stack size 0 bytes, startup_stm32f10x_cl.o(.text))
<BR>[Address Reference Count : 1]<UL><LI> startup_stm32f10x_cl.o(RESET)
</UL>
<P><STRONG><a name="[36]"></a>RTCAlarm_IRQHandler</STRONG> (Thumb, 0 bytes, Stack size 0 bytes, startup_stm32f10x_cl.o(.text))
<BR>[Address Reference Count : 1]<UL><LI> startup_stm32f10x_cl.o(RESET)
</UL>
<P><STRONG><a name="[10]"></a>RTC_IRQHandler</STRONG> (Thumb, 0 bytes, Stack size 0 bytes, startup_stm32f10x_cl.o(.text))
<BR>[Address Reference Count : 1]<UL><LI> startup_stm32f10x_cl.o(RESET)
</UL>
<P><STRONG><a name="[30]"></a>SPI1_IRQHandler</STRONG> (Thumb, 0 bytes, Stack size 0 bytes, startup_stm32f10x_cl.o(.text))
<BR>[Address Reference Count : 1]<UL><LI> startup_stm32f10x_cl.o(RESET)
</UL>
<P><STRONG><a name="[31]"></a>SPI2_IRQHandler</STRONG> (Thumb, 0 bytes, Stack size 0 bytes, startup_stm32f10x_cl.o(.text))
<BR>[Address Reference Count : 1]<UL><LI> startup_stm32f10x_cl.o(RESET)
</UL>
<P><STRONG><a name="[39]"></a>SPI3_IRQHandler</STRONG> (Thumb, 0 bytes, Stack size 0 bytes, startup_stm32f10x_cl.o(.text))
<BR>[Address Reference Count : 1]<UL><LI> startup_stm32f10x_cl.o(RESET)
</UL>
<P><STRONG><a name="[f]"></a>TAMPER_IRQHandler</STRONG> (Thumb, 0 bytes, Stack size 0 bytes, startup_stm32f10x_cl.o(.text))
<BR>[Address Reference Count : 1]<UL><LI> startup_stm32f10x_cl.o(RESET)
</UL>
<P><STRONG><a name="[25]"></a>TIM1_BRK_IRQHandler</STRONG> (Thumb, 0 bytes, Stack size 0 bytes, startup_stm32f10x_cl.o(.text))
<BR>[Address Reference Count : 1]<UL><LI> startup_stm32f10x_cl.o(RESET)
</UL>
<P><STRONG><a name="[28]"></a>TIM1_CC_IRQHandler</STRONG> (Thumb, 0 bytes, Stack size 0 bytes, startup_stm32f10x_cl.o(.text))
<BR>[Address Reference Count : 1]<UL><LI> startup_stm32f10x_cl.o(RESET)
</UL>
<P><STRONG><a name="[27]"></a>TIM1_TRG_COM_IRQHandler</STRONG> (Thumb, 0 bytes, Stack size 0 bytes, startup_stm32f10x_cl.o(.text))
<BR>[Address Reference Count : 1]<UL><LI> startup_stm32f10x_cl.o(RESET)
</UL>
<P><STRONG><a name="[26]"></a>TIM1_UP_IRQHandler</STRONG> (Thumb, 0 bytes, Stack size 0 bytes, startup_stm32f10x_cl.o(.text))
<BR>[Address Reference Count : 1]<UL><LI> startup_stm32f10x_cl.o(RESET)
</UL>
<P><STRONG><a name="[29]"></a>TIM2_IRQHandler</STRONG> (Thumb, 0 bytes, Stack size 0 bytes, startup_stm32f10x_cl.o(.text))
<BR>[Address Reference Count : 1]<UL><LI> startup_stm32f10x_cl.o(RESET)
</UL>
<P><STRONG><a name="[2a]"></a>TIM3_IRQHandler</STRONG> (Thumb, 0 bytes, Stack size 0 bytes, startup_stm32f10x_cl.o(.text))
<BR>[Address Reference Count : 1]<UL><LI> startup_stm32f10x_cl.o(RESET)
</UL>
<P><STRONG><a name="[2b]"></a>TIM4_IRQHandler</STRONG> (Thumb, 0 bytes, Stack size 0 bytes, startup_stm32f10x_cl.o(.text))
<BR>[Address Reference Count : 1]<UL><LI> startup_stm32f10x_cl.o(RESET)
</UL>
<P><STRONG><a name="[38]"></a>TIM5_IRQHandler</STRONG> (Thumb, 0 bytes, Stack size 0 bytes, startup_stm32f10x_cl.o(.text))
<BR>[Address Reference Count : 1]<UL><LI> startup_stm32f10x_cl.o(RESET)
</UL>
<P><STRONG><a name="[3c]"></a>TIM6_IRQHandler</STRONG> (Thumb, 0 bytes, Stack size 0 bytes, startup_stm32f10x_cl.o(.text))
<BR>[Address Reference Count : 1]<UL><LI> startup_stm32f10x_cl.o(RESET)
</UL>
<P><STRONG><a name="[3d]"></a>TIM7_IRQHandler</STRONG> (Thumb, 0 bytes, Stack size 0 bytes, startup_stm32f10x_cl.o(.text))
<BR>[Address Reference Count : 1]<UL><LI> startup_stm32f10x_cl.o(RESET)
</UL>
<P><STRONG><a name="[3a]"></a>UART4_IRQHandler</STRONG> (Thumb, 0 bytes, Stack size 0 bytes, startup_stm32f10x_cl.o(.text))
<BR>[Address Reference Count : 1]<UL><LI> startup_stm32f10x_cl.o(RESET)
</UL>
<P><STRONG><a name="[3b]"></a>UART5_IRQHandler</STRONG> (Thumb, 0 bytes, Stack size 0 bytes, startup_stm32f10x_cl.o(.text))
<BR>[Address Reference Count : 1]<UL><LI> startup_stm32f10x_cl.o(RESET)
</UL>
<P><STRONG><a name="[32]"></a>USART1_IRQHandler</STRONG> (Thumb, 0 bytes, Stack size 0 bytes, startup_stm32f10x_cl.o(.text))
<BR>[Address Reference Count : 1]<UL><LI> startup_stm32f10x_cl.o(RESET)
</UL>
<P><STRONG><a name="[33]"></a>USART2_IRQHandler</STRONG> (Thumb, 0 bytes, Stack size 0 bytes, startup_stm32f10x_cl.o(.text))
<BR>[Address Reference Count : 1]<UL><LI> startup_stm32f10x_cl.o(RESET)
</UL>
<P><STRONG><a name="[34]"></a>USART3_IRQHandler</STRONG> (Thumb, 0 bytes, Stack size 0 bytes, startup_stm32f10x_cl.o(.text))
<BR>[Address Reference Count : 1]<UL><LI> startup_stm32f10x_cl.o(RESET)
</UL>
<P><STRONG><a name="[d]"></a>WWDG_IRQHandler</STRONG> (Thumb, 0 bytes, Stack size 0 bytes, startup_stm32f10x_cl.o(.text))
<BR>[Address Reference Count : 1]<UL><LI> startup_stm32f10x_cl.o(RESET)
</UL>
<P><STRONG><a name="[57]"></a>__user_initial_stackheap</STRONG> (Thumb, 0 bytes, Stack size unknown bytes, startup_stm32f10x_cl.o(.text))
<BR><BR>[Called By]<UL><LI><a href="#[5e]">&gt;&gt;</a>&nbsp;&nbsp;&nbsp;__user_setup_stackheap
</UL>

<P><STRONG><a name="[4a]"></a>SystemInit</STRONG> (Thumb, 84 bytes, Stack size 8 bytes, system_stm32f10x.o(.text))
<BR><BR>[Stack]<UL><LI>Max Depth = 28<LI>Call Chain = SystemInit &rArr; SetSysClock &rArr; SetSysClockTo72
</UL>
<BR>[Calls]<UL><LI><a href="#[6f]">&gt;&gt;</a>&nbsp;&nbsp;&nbsp;SetSysClock
</UL>
<BR>[Called By]<UL><LI><a href="#[6a]">&gt;&gt;</a>&nbsp;&nbsp;&nbsp;System_Setup
</UL>
<BR>[Address Reference Count : 1]<UL><LI> startup_stm32f10x_cl.o(.text)
</UL>
<P><STRONG><a name="[1ea]"></a>SystemCoreClockUpdate</STRONG> (Thumb, 232 bytes, Stack size 20 bytes, system_stm32f10x.o(.text), UNUSED)

<P><STRONG><a name="[15d]"></a>NVIC_PriorityGroupConfig</STRONG> (Thumb, 10 bytes, Stack size 0 bytes, misc.o(.text))
<BR><BR>[Called By]<UL><LI><a href="#[15b]">&gt;&gt;</a>&nbsp;&nbsp;&nbsp;NVIC_Configuration
</UL>

<P><STRONG><a name="[b8]"></a>NVIC_Init</STRONG> (Thumb, 100 bytes, Stack size 16 bytes, misc.o(.text))
<BR><BR>[Stack]<UL><LI>Max Depth = 16<LI>Call Chain = NVIC_Init
</UL>
<BR>[Called By]<UL><LI><a href="#[ee]">&gt;&gt;</a>&nbsp;&nbsp;&nbsp;STM_EVAL_PBInit
<LI><a href="#[b7]">&gt;&gt;</a>&nbsp;&nbsp;&nbsp;IOE_EXTI_Config
<LI><a href="#[15b]">&gt;&gt;</a>&nbsp;&nbsp;&nbsp;NVIC_Configuration
</UL>

<P><STRONG><a name="[15c]"></a>NVIC_SetVectorTable</STRONG> (Thumb, 14 bytes, Stack size 0 bytes, misc.o(.text))
<BR><BR>[Called By]<UL><LI><a href="#[15b]">&gt;&gt;</a>&nbsp;&nbsp;&nbsp;NVIC_Configuration
</UL>

<P><STRONG><a name="[1eb]"></a>NVIC_SystemLPConfig</STRONG> (Thumb, 34 bytes, Stack size 0 bytes, misc.o(.text), UNUSED)

<P><STRONG><a name="[1ec]"></a>SysTick_CLKSourceConfig</STRONG> (Thumb, 40 bytes, Stack size 0 bytes, misc.o(.text), UNUSED)

<P><STRONG><a name="[71]"></a>ADC_DeInit</STRONG> (Thumb, 78 bytes, Stack size 8 bytes, stm32f10x_adc.o(.text), UNUSED)
<BR><BR>[Calls]<UL><LI><a href="#[72]">&gt;&gt;</a>&nbsp;&nbsp;&nbsp;RCC_APB2PeriphResetCmd
</UL>

<P><STRONG><a name="[161]"></a>ADC_Init</STRONG> (Thumb, 70 bytes, Stack size 12 bytes, stm32f10x_adc.o(.text), UNUSED)
<BR><BR>[Called By]<UL><LI><a href="#[160]">&gt;&gt;</a>&nbsp;&nbsp;&nbsp;ADC_Configuration
</UL>

<P><STRONG><a name="[1ed]"></a>ADC_StructInit</STRONG> (Thumb, 18 bytes, Stack size 0 bytes, stm32f10x_adc.o(.text), UNUSED)

<P><STRONG><a name="[163]"></a>ADC_Cmd</STRONG> (Thumb, 22 bytes, Stack size 0 bytes, stm32f10x_adc.o(.text), UNUSED)
<BR><BR>[Called By]<UL><LI><a href="#[160]">&gt;&gt;</a>&nbsp;&nbsp;&nbsp;ADC_Configuration
</UL>

<P><STRONG><a name="[1ee]"></a>ADC_DMACmd</STRONG> (Thumb, 22 bytes, Stack size 0 bytes, stm32f10x_adc.o(.text), UNUSED)

<P><STRONG><a name="[1ef]"></a>ADC_ITConfig</STRONG> (Thumb, 24 bytes, Stack size 8 bytes, stm32f10x_adc.o(.text), UNUSED)

<P><STRONG><a name="[1f0]"></a>ADC_ResetCalibration</STRONG> (Thumb, 10 bytes, Stack size 0 bytes, stm32f10x_adc.o(.text), UNUSED)

<P><STRONG><a name="[1f1]"></a>ADC_GetResetCalibrationStatus</STRONG> (Thumb, 20 bytes, Stack size 0 bytes, stm32f10x_adc.o(.text), UNUSED)

<P><STRONG><a name="[1f2]"></a>ADC_StartCalibration</STRONG> (Thumb, 10 bytes, Stack size 0 bytes, stm32f10x_adc.o(.text), UNUSED)

<P><STRONG><a name="[1f3]"></a>ADC_GetCalibrationStatus</STRONG> (Thumb, 20 bytes, Stack size 0 bytes, stm32f10x_adc.o(.text), UNUSED)

<P><STRONG><a name="[164]"></a>ADC_SoftwareStartConvCmd</STRONG> (Thumb, 22 bytes, Stack size 0 bytes, stm32f10x_adc.o(.text), UNUSED)
<BR><BR>[Called By]<UL><LI><a href="#[160]">&gt;&gt;</a>&nbsp;&nbsp;&nbsp;ADC_Configuration
</UL>

<P><STRONG><a name="[1f4]"></a>ADC_GetSoftwareStartConvStatus</STRONG> (Thumb, 20 bytes, Stack size 0 bytes, stm32f10x_adc.o(.text), UNUSED)

<P><STRONG><a name="[1f5]"></a>ADC_DiscModeChannelCountConfig</STRONG> (Thumb, 24 bytes, Stack size 8 bytes, stm32f10x_adc.o(.text), UNUSED)

<P><STRONG><a name="[1f6]"></a>ADC_DiscModeCmd</STRONG> (Thumb, 22 bytes, Stack size 0 bytes, stm32f10x_adc.o(.text), UNUSED)

<P><STRONG><a name="[162]"></a>ADC_RegularChannelConfig</STRONG> (Thumb, 184 bytes, Stack size 20 bytes, stm32f10x_adc.o(.text), UNUSED)
<BR><BR>[Called By]<UL><LI><a href="#[160]">&gt;&gt;</a>&nbsp;&nbsp;&nbsp;ADC_Configuration
</UL>

<P><STRONG><a name="[1f7]"></a>ADC_ExternalTrigConvCmd</STRONG> (Thumb, 22 bytes, Stack size 0 bytes, stm32f10x_adc.o(.text), UNUSED)

<P><STRONG><a name="[1f8]"></a>ADC_GetConversionValue</STRONG> (Thumb, 8 bytes, Stack size 0 bytes, stm32f10x_adc.o(.text), UNUSED)

<P><STRONG><a name="[1f9]"></a>ADC_GetDualModeConversionValue</STRONG> (Thumb, 8 bytes, Stack size 0 bytes, stm32f10x_adc.o(.text), UNUSED)

<P><STRONG><a name="[1fa]"></a>ADC_AutoInjectedConvCmd</STRONG> (Thumb, 22 bytes, Stack size 0 bytes, stm32f10x_adc.o(.text), UNUSED)

<P><STRONG><a name="[1fb]"></a>ADC_InjectedDiscModeCmd</STRONG> (Thumb, 22 bytes, Stack size 0 bytes, stm32f10x_adc.o(.text), UNUSED)

<P><STRONG><a name="[1fc]"></a>ADC_ExternalTrigInjectedConvConfig</STRONG> (Thumb, 16 bytes, Stack size 0 bytes, stm32f10x_adc.o(.text), UNUSED)

<P><STRONG><a name="[1fd]"></a>ADC_ExternalTrigInjectedConvCmd</STRONG> (Thumb, 22 bytes, Stack size 0 bytes, stm32f10x_adc.o(.text), UNUSED)

<P><STRONG><a name="[1fe]"></a>ADC_SoftwareStartInjectedConvCmd</STRONG> (Thumb, 22 bytes, Stack size 0 bytes, stm32f10x_adc.o(.text), UNUSED)

<P><STRONG><a name="[1ff]"></a>ADC_GetSoftwareStartInjectedConvCmdStatus</STRONG> (Thumb, 20 bytes, Stack size 0 bytes, stm32f10x_adc.o(.text), UNUSED)

<P><STRONG><a name="[200]"></a>ADC_InjectedChannelConfig</STRONG> (Thumb, 130 bytes, Stack size 20 bytes, stm32f10x_adc.o(.text), UNUSED)

<P><STRONG><a name="[201]"></a>ADC_InjectedSequencerLengthConfig</STRONG> (Thumb, 24 bytes, Stack size 8 bytes, stm32f10x_adc.o(.text), UNUSED)

<P><STRONG><a name="[202]"></a>ADC_SetInjectedOffset</STRONG> (Thumb, 20 bytes, Stack size 8 bytes, stm32f10x_adc.o(.text), UNUSED)

<P><STRONG><a name="[203]"></a>ADC_GetInjectedConversionValue</STRONG> (Thumb, 28 bytes, Stack size 8 bytes, stm32f10x_adc.o(.text), UNUSED)

<P><STRONG><a name="[204]"></a>ADC_AnalogWatchdogCmd</STRONG> (Thumb, 16 bytes, Stack size 0 bytes, stm32f10x_adc.o(.text), UNUSED)

<P><STRONG><a name="[205]"></a>ADC_AnalogWatchdogThresholdsConfig</STRONG> (Thumb, 6 bytes, Stack size 0 bytes, stm32f10x_adc.o(.text), UNUSED)

<P><STRONG><a name="[206]"></a>ADC_AnalogWatchdogSingleChannelConfig</STRONG> (Thumb, 16 bytes, Stack size 0 bytes, stm32f10x_adc.o(.text), UNUSED)

<P><STRONG><a name="[207]"></a>ADC_TempSensorVrefintCmd</STRONG> (Thumb, 64 bytes, Stack size 0 bytes, stm32f10x_adc.o(.text), UNUSED)

<P><STRONG><a name="[208]"></a>ADC_GetFlagStatus</STRONG> (Thumb, 18 bytes, Stack size 0 bytes, stm32f10x_adc.o(.text), UNUSED)

<P><STRONG><a name="[209]"></a>ADC_ClearFlag</STRONG> (Thumb, 6 bytes, Stack size 0 bytes, stm32f10x_adc.o(.text), UNUSED)

<P><STRONG><a name="[20a]"></a>ADC_GetITStatus</STRONG> (Thumb, 36 bytes, Stack size 16 bytes, stm32f10x_adc.o(.text), UNUSED)

<P><STRONG><a name="[20b]"></a>ADC_ClearITPendingBit</STRONG> (Thumb, 10 bytes, Stack size 0 bytes, stm32f10x_adc.o(.text), UNUSED)

<P><STRONG><a name="[20c]"></a>EXTI_DeInit</STRONG> (Thumb, 28 bytes, Stack size 0 bytes, stm32f10x_exti.o(.text), UNUSED)

<P><STRONG><a name="[86]"></a>EXTI_Init</STRONG> (Thumb, 142 bytes, Stack size 0 bytes, stm32f10x_exti.o(.text))
<BR><BR>[Called By]<UL><LI><a href="#[ee]">&gt;&gt;</a>&nbsp;&nbsp;&nbsp;STM_EVAL_PBInit
<LI><a href="#[b7]">&gt;&gt;</a>&nbsp;&nbsp;&nbsp;IOE_EXTI_Config
<LI><a href="#[85]">&gt;&gt;</a>&nbsp;&nbsp;&nbsp;Init_Int
</UL>

<P><STRONG><a name="[20d]"></a>EXTI_StructInit</STRONG> (Thumb, 16 bytes, Stack size 0 bytes, stm32f10x_exti.o(.text), UNUSED)

<P><STRONG><a name="[20e]"></a>EXTI_GenerateSWInterrupt</STRONG> (Thumb, 16 bytes, Stack size 0 bytes, stm32f10x_exti.o(.text), UNUSED)

<P><STRONG><a name="[20f]"></a>EXTI_GetFlagStatus</STRONG> (Thumb, 22 bytes, Stack size 0 bytes, stm32f10x_exti.o(.text), UNUSED)

<P><STRONG><a name="[210]"></a>EXTI_ClearFlag</STRONG> (Thumb, 8 bytes, Stack size 0 bytes, stm32f10x_exti.o(.text), UNUSED)

<P><STRONG><a name="[14d]"></a>EXTI_GetITStatus</STRONG> (Thumb, 34 bytes, Stack size 0 bytes, stm32f10x_exti.o(.text))
<BR><BR>[Called By]<UL><LI><a href="#[35]">&gt;&gt;</a>&nbsp;&nbsp;&nbsp;EXTI15_10_IRQHandler
</UL>

<P><STRONG><a name="[150]"></a>EXTI_ClearITPendingBit</STRONG> (Thumb, 8 bytes, Stack size 0 bytes, stm32f10x_exti.o(.text))
<BR><BR>[Called By]<UL><LI><a href="#[35]">&gt;&gt;</a>&nbsp;&nbsp;&nbsp;EXTI15_10_IRQHandler
</UL>

<P><STRONG><a name="[73]"></a>GPIO_DeInit</STRONG> (Thumb, 172 bytes, Stack size 8 bytes, stm32f10x_gpio.o(.text), UNUSED)
<BR><BR>[Calls]<UL><LI><a href="#[72]">&gt;&gt;</a>&nbsp;&nbsp;&nbsp;RCC_APB2PeriphResetCmd
</UL>

<P><STRONG><a name="[74]"></a>GPIO_AFIODeInit</STRONG> (Thumb, 20 bytes, Stack size 8 bytes, stm32f10x_gpio.o(.text), UNUSED)
<BR><BR>[Calls]<UL><LI><a href="#[72]">&gt;&gt;</a>&nbsp;&nbsp;&nbsp;RCC_APB2PeriphResetCmd
</UL>

<P><STRONG><a name="[83]"></a>GPIO_Init</STRONG> (Thumb, 278 bytes, Stack size 24 bytes, stm32f10x_gpio.o(.text))
<BR><BR>[Stack]<UL><LI>Max Depth = 24<LI>Call Chain = GPIO_Init
</UL>
<BR>[Called By]<UL><LI><a href="#[f1]">&gt;&gt;</a>&nbsp;&nbsp;&nbsp;STM_EVAL_COMInit
<LI><a href="#[ee]">&gt;&gt;</a>&nbsp;&nbsp;&nbsp;STM_EVAL_PBInit
<LI><a href="#[ed]">&gt;&gt;</a>&nbsp;&nbsp;&nbsp;STM_EVAL_LEDInit
<LI><a href="#[d5]">&gt;&gt;</a>&nbsp;&nbsp;&nbsp;LCD_CtrlLinesConfig
<LI><a href="#[d1]">&gt;&gt;</a>&nbsp;&nbsp;&nbsp;LCD_SPIConfig
<LI><a href="#[b7]">&gt;&gt;</a>&nbsp;&nbsp;&nbsp;IOE_EXTI_Config
<LI><a href="#[b4]">&gt;&gt;</a>&nbsp;&nbsp;&nbsp;IOE_GPIO_Config
<LI><a href="#[89]">&gt;&gt;</a>&nbsp;&nbsp;&nbsp;Rele
<LI><a href="#[88]">&gt;&gt;</a>&nbsp;&nbsp;&nbsp;InitServo_PWM_TIM3
<LI><a href="#[87]">&gt;&gt;</a>&nbsp;&nbsp;&nbsp;InitServo_PWM_TIM2
<LI><a href="#[84]">&gt;&gt;</a>&nbsp;&nbsp;&nbsp;Init_Joystick
<LI><a href="#[82]">&gt;&gt;</a>&nbsp;&nbsp;&nbsp;initLED
<LI><a href="#[15a]">&gt;&gt;</a>&nbsp;&nbsp;&nbsp;GPIO_Configuration
</UL>

<P><STRONG><a name="[211]"></a>GPIO_StructInit</STRONG> (Thumb, 16 bytes, Stack size 0 bytes, stm32f10x_gpio.o(.text), UNUSED)

<P><STRONG><a name="[f0]"></a>GPIO_ReadInputDataBit</STRONG> (Thumb, 18 bytes, Stack size 0 bytes, stm32f10x_gpio.o(.text), UNUSED)
<BR><BR>[Called By]<UL><LI><a href="#[ef]">&gt;&gt;</a>&nbsp;&nbsp;&nbsp;STM_EVAL_PBGetState
</UL>

<P><STRONG><a name="[212]"></a>GPIO_ReadInputData</STRONG> (Thumb, 8 bytes, Stack size 0 bytes, stm32f10x_gpio.o(.text), UNUSED)

<P><STRONG><a name="[213]"></a>GPIO_ReadOutputDataBit</STRONG> (Thumb, 18 bytes, Stack size 0 bytes, stm32f10x_gpio.o(.text), UNUSED)

<P><STRONG><a name="[214]"></a>GPIO_ReadOutputData</STRONG> (Thumb, 8 bytes, Stack size 0 bytes, stm32f10x_gpio.o(.text), UNUSED)

<P><STRONG><a name="[121]"></a>GPIO_SetBits</STRONG> (Thumb, 4 bytes, Stack size 0 bytes, stm32f10x_gpio.o(.text))
<BR><BR>[Called By]<UL><LI><a href="#[11f]">&gt;&gt;</a>&nbsp;&nbsp;&nbsp;led_cont
</UL>

<P><STRONG><a name="[122]"></a>GPIO_ResetBits</STRONG> (Thumb, 4 bytes, Stack size 0 bytes, stm32f10x_gpio.o(.text))
<BR><BR>[Called By]<UL><LI><a href="#[11f]">&gt;&gt;</a>&nbsp;&nbsp;&nbsp;led_cont
</UL>

<P><STRONG><a name="[cb]"></a>GPIO_WriteBit</STRONG> (Thumb, 10 bytes, Stack size 0 bytes, stm32f10x_gpio.o(.text))
<BR><BR>[Called By]<UL><LI><a href="#[ca]">&gt;&gt;</a>&nbsp;&nbsp;&nbsp;LCD_CtrlLinesWrite
</UL>

<P><STRONG><a name="[215]"></a>GPIO_Write</STRONG> (Thumb, 4 bytes, Stack size 0 bytes, stm32f10x_gpio.o(.text), UNUSED)

<P><STRONG><a name="[216]"></a>GPIO_PinLockConfig</STRONG> (Thumb, 18 bytes, Stack size 0 bytes, stm32f10x_gpio.o(.text), UNUSED)

<P><STRONG><a name="[217]"></a>GPIO_EventOutputConfig</STRONG> (Thumb, 26 bytes, Stack size 0 bytes, stm32f10x_gpio.o(.text), UNUSED)

<P><STRONG><a name="[218]"></a>GPIO_EventOutputCmd</STRONG> (Thumb, 6 bytes, Stack size 0 bytes, stm32f10x_gpio.o(.text), UNUSED)

<P><STRONG><a name="[d2]"></a>GPIO_PinRemapConfig</STRONG> (Thumb, 138 bytes, Stack size 20 bytes, stm32f10x_gpio.o(.text))
<BR><BR>[Stack]<UL><LI>Max Depth = 20<LI>Call Chain = GPIO_PinRemapConfig
</UL>
<BR>[Called By]<UL><LI><a href="#[f1]">&gt;&gt;</a>&nbsp;&nbsp;&nbsp;STM_EVAL_COMInit
<LI><a href="#[d1]">&gt;&gt;</a>&nbsp;&nbsp;&nbsp;LCD_SPIConfig
<LI><a href="#[15a]">&gt;&gt;</a>&nbsp;&nbsp;&nbsp;GPIO_Configuration
</UL>

<P><STRONG><a name="[b5]"></a>GPIO_EXTILineConfig</STRONG> (Thumb, 66 bytes, Stack size 12 bytes, stm32f10x_gpio.o(.text))
<BR><BR>[Stack]<UL><LI>Max Depth = 12<LI>Call Chain = GPIO_EXTILineConfig
</UL>
<BR>[Called By]<UL><LI><a href="#[ee]">&gt;&gt;</a>&nbsp;&nbsp;&nbsp;STM_EVAL_PBInit
<LI><a href="#[b7]">&gt;&gt;</a>&nbsp;&nbsp;&nbsp;IOE_EXTI_Config
<LI><a href="#[b4]">&gt;&gt;</a>&nbsp;&nbsp;&nbsp;IOE_GPIO_Config
</UL>

<P><STRONG><a name="[152]"></a>GPIO_ETH_MediaInterfaceConfig</STRONG> (Thumb, 8 bytes, Stack size 0 bytes, stm32f10x_gpio.o(.text))
<BR><BR>[Called By]<UL><LI><a href="#[151]">&gt;&gt;</a>&nbsp;&nbsp;&nbsp;Ethernet_Configuration
</UL>

<P><STRONG><a name="[75]"></a>I2C_DeInit</STRONG> (Thumb, 50 bytes, Stack size 8 bytes, stm32f10x_i2c.o(.text), UNUSED)
<BR><BR>[Calls]<UL><LI><a href="#[76]">&gt;&gt;</a>&nbsp;&nbsp;&nbsp;RCC_APB1PeriphResetCmd
</UL>

<P><STRONG><a name="[77]"></a>I2C_Init</STRONG> (Thumb, 222 bytes, Stack size 48 bytes, stm32f10x_i2c.o(.text))
<BR><BR>[Stack]<UL><LI>Max Depth = 72<LI>Call Chain = I2C_Init &rArr; RCC_GetClocksFreq
</UL>
<BR>[Calls]<UL><LI><a href="#[78]">&gt;&gt;</a>&nbsp;&nbsp;&nbsp;RCC_GetClocksFreq
</UL>
<BR>[Called By]<UL><LI><a href="#[9d]">&gt;&gt;</a>&nbsp;&nbsp;&nbsp;IOE_I2C_Config
</UL>

<P><STRONG><a name="[219]"></a>I2C_StructInit</STRONG> (Thumb, 30 bytes, Stack size 0 bytes, stm32f10x_i2c.o(.text), UNUSED)

<P><STRONG><a name="[a0]"></a>I2C_Cmd</STRONG> (Thumb, 24 bytes, Stack size 0 bytes, stm32f10x_i2c.o(.text))
<BR><BR>[Called By]<UL><LI><a href="#[c0]">&gt;&gt;</a>&nbsp;&nbsp;&nbsp;I2C_ReadDataBuffer
<LI><a href="#[a6]">&gt;&gt;</a>&nbsp;&nbsp;&nbsp;I2C_ReadDeviceRegister
<LI><a href="#[9e]">&gt;&gt;</a>&nbsp;&nbsp;&nbsp;I2C_WriteDeviceRegister
</UL>

<P><STRONG><a name="[21a]"></a>I2C_DMACmd</STRONG> (Thumb, 24 bytes, Stack size 0 bytes, stm32f10x_i2c.o(.text), UNUSED)

<P><STRONG><a name="[21b]"></a>I2C_DMALastTransferCmd</STRONG> (Thumb, 24 bytes, Stack size 0 bytes, stm32f10x_i2c.o(.text), UNUSED)

<P><STRONG><a name="[a1]"></a>I2C_GenerateSTART</STRONG> (Thumb, 24 bytes, Stack size 0 bytes, stm32f10x_i2c.o(.text))
<BR><BR>[Called By]<UL><LI><a href="#[c0]">&gt;&gt;</a>&nbsp;&nbsp;&nbsp;I2C_ReadDataBuffer
<LI><a href="#[a6]">&gt;&gt;</a>&nbsp;&nbsp;&nbsp;I2C_ReadDeviceRegister
<LI><a href="#[9e]">&gt;&gt;</a>&nbsp;&nbsp;&nbsp;I2C_WriteDeviceRegister
</UL>

<P><STRONG><a name="[a5]"></a>I2C_GenerateSTOP</STRONG> (Thumb, 24 bytes, Stack size 0 bytes, stm32f10x_i2c.o(.text))
<BR><BR>[Called By]<UL><LI><a href="#[c0]">&gt;&gt;</a>&nbsp;&nbsp;&nbsp;I2C_ReadDataBuffer
<LI><a href="#[a6]">&gt;&gt;</a>&nbsp;&nbsp;&nbsp;I2C_ReadDeviceRegister
<LI><a href="#[9e]">&gt;&gt;</a>&nbsp;&nbsp;&nbsp;I2C_WriteDeviceRegister
</UL>

<P><STRONG><a name="[a7]"></a>I2C_AcknowledgeConfig</STRONG> (Thumb, 24 bytes, Stack size 0 bytes, stm32f10x_i2c.o(.text))
<BR><BR>[Called By]<UL><LI><a href="#[c0]">&gt;&gt;</a>&nbsp;&nbsp;&nbsp;I2C_ReadDataBuffer
<LI><a href="#[a6]">&gt;&gt;</a>&nbsp;&nbsp;&nbsp;I2C_ReadDeviceRegister
</UL>

<P><STRONG><a name="[21c]"></a>I2C_OwnAddress2Config</STRONG> (Thumb, 22 bytes, Stack size 0 bytes, stm32f10x_i2c.o(.text), UNUSED)

<P><STRONG><a name="[21d]"></a>I2C_DualAddressCmd</STRONG> (Thumb, 24 bytes, Stack size 0 bytes, stm32f10x_i2c.o(.text), UNUSED)

<P><STRONG><a name="[21e]"></a>I2C_GeneralCallCmd</STRONG> (Thumb, 24 bytes, Stack size 0 bytes, stm32f10x_i2c.o(.text), UNUSED)

<P><STRONG><a name="[21f]"></a>I2C_ITConfig</STRONG> (Thumb, 18 bytes, Stack size 0 bytes, stm32f10x_i2c.o(.text), UNUSED)

<P><STRONG><a name="[a4]"></a>I2C_SendData</STRONG> (Thumb, 4 bytes, Stack size 0 bytes, stm32f10x_i2c.o(.text))
<BR><BR>[Called By]<UL><LI><a href="#[c0]">&gt;&gt;</a>&nbsp;&nbsp;&nbsp;I2C_ReadDataBuffer
<LI><a href="#[a6]">&gt;&gt;</a>&nbsp;&nbsp;&nbsp;I2C_ReadDeviceRegister
<LI><a href="#[9e]">&gt;&gt;</a>&nbsp;&nbsp;&nbsp;I2C_WriteDeviceRegister
</UL>

<P><STRONG><a name="[a8]"></a>I2C_ReceiveData</STRONG> (Thumb, 8 bytes, Stack size 0 bytes, stm32f10x_i2c.o(.text))
<BR><BR>[Called By]<UL><LI><a href="#[c0]">&gt;&gt;</a>&nbsp;&nbsp;&nbsp;I2C_ReadDataBuffer
<LI><a href="#[a6]">&gt;&gt;</a>&nbsp;&nbsp;&nbsp;I2C_ReadDeviceRegister
</UL>

<P><STRONG><a name="[a3]"></a>I2C_Send7bitAddress</STRONG> (Thumb, 18 bytes, Stack size 0 bytes, stm32f10x_i2c.o(.text))
<BR><BR>[Called By]<UL><LI><a href="#[c0]">&gt;&gt;</a>&nbsp;&nbsp;&nbsp;I2C_ReadDataBuffer
<LI><a href="#[a6]">&gt;&gt;</a>&nbsp;&nbsp;&nbsp;I2C_ReadDeviceRegister
<LI><a href="#[9e]">&gt;&gt;</a>&nbsp;&nbsp;&nbsp;I2C_WriteDeviceRegister
</UL>

<P><STRONG><a name="[220]"></a>I2C_ReadRegister</STRONG> (Thumb, 22 bytes, Stack size 8 bytes, stm32f10x_i2c.o(.text), UNUSED)

<P><STRONG><a name="[9f]"></a>I2C_SoftwareResetCmd</STRONG> (Thumb, 22 bytes, Stack size 0 bytes, stm32f10x_i2c.o(.text))
<BR><BR>[Called By]<UL><LI><a href="#[c0]">&gt;&gt;</a>&nbsp;&nbsp;&nbsp;I2C_ReadDataBuffer
<LI><a href="#[a6]">&gt;&gt;</a>&nbsp;&nbsp;&nbsp;I2C_ReadDeviceRegister
<LI><a href="#[9e]">&gt;&gt;</a>&nbsp;&nbsp;&nbsp;I2C_WriteDeviceRegister
</UL>

<P><STRONG><a name="[221]"></a>I2C_NACKPositionConfig</STRONG> (Thumb, 28 bytes, Stack size 0 bytes, stm32f10x_i2c.o(.text), UNUSED)

<P><STRONG><a name="[222]"></a>I2C_SMBusAlertConfig</STRONG> (Thumb, 28 bytes, Stack size 0 bytes, stm32f10x_i2c.o(.text), UNUSED)

<P><STRONG><a name="[223]"></a>I2C_TransmitPEC</STRONG> (Thumb, 24 bytes, Stack size 0 bytes, stm32f10x_i2c.o(.text), UNUSED)

<P><STRONG><a name="[224]"></a>I2C_PECPositionConfig</STRONG> (Thumb, 28 bytes, Stack size 0 bytes, stm32f10x_i2c.o(.text), UNUSED)

<P><STRONG><a name="[225]"></a>I2C_CalculatePEC</STRONG> (Thumb, 24 bytes, Stack size 0 bytes, stm32f10x_i2c.o(.text), UNUSED)

<P><STRONG><a name="[226]"></a>I2C_GetPEC</STRONG> (Thumb, 8 bytes, Stack size 0 bytes, stm32f10x_i2c.o(.text), UNUSED)

<P><STRONG><a name="[227]"></a>I2C_ARPCmd</STRONG> (Thumb, 24 bytes, Stack size 0 bytes, stm32f10x_i2c.o(.text), UNUSED)

<P><STRONG><a name="[228]"></a>I2C_StretchClockCmd</STRONG> (Thumb, 24 bytes, Stack size 0 bytes, stm32f10x_i2c.o(.text), UNUSED)

<P><STRONG><a name="[229]"></a>I2C_FastModeDutyCycleConfig</STRONG> (Thumb, 28 bytes, Stack size 0 bytes, stm32f10x_i2c.o(.text), UNUSED)

<P><STRONG><a name="[a2]"></a>I2C_CheckEvent</STRONG> (Thumb, 42 bytes, Stack size 16 bytes, stm32f10x_i2c.o(.text))
<BR><BR>[Stack]<UL><LI>Max Depth = 16<LI>Call Chain = I2C_CheckEvent
</UL>
<BR>[Called By]<UL><LI><a href="#[c0]">&gt;&gt;</a>&nbsp;&nbsp;&nbsp;I2C_ReadDataBuffer
<LI><a href="#[a6]">&gt;&gt;</a>&nbsp;&nbsp;&nbsp;I2C_ReadDeviceRegister
<LI><a href="#[9e]">&gt;&gt;</a>&nbsp;&nbsp;&nbsp;I2C_WriteDeviceRegister
</UL>

<P><STRONG><a name="[22a]"></a>I2C_GetLastEvent</STRONG> (Thumb, 26 bytes, Stack size 8 bytes, stm32f10x_i2c.o(.text), UNUSED)

<P><STRONG><a name="[22b]"></a>I2C_GetFlagStatus</STRONG> (Thumb, 58 bytes, Stack size 12 bytes, stm32f10x_i2c.o(.text), UNUSED)

<P><STRONG><a name="[22c]"></a>I2C_ClearFlag</STRONG> (Thumb, 12 bytes, Stack size 0 bytes, stm32f10x_i2c.o(.text), UNUSED)

<P><STRONG><a name="[22d]"></a>I2C_GetITStatus</STRONG> (Thumb, 54 bytes, Stack size 12 bytes, stm32f10x_i2c.o(.text), UNUSED)

<P><STRONG><a name="[22e]"></a>I2C_ClearITPendingBit</STRONG> (Thumb, 12 bytes, Stack size 0 bytes, stm32f10x_i2c.o(.text), UNUSED)

<P><STRONG><a name="[22f]"></a>RCC_DeInit</STRONG> (Thumb, 78 bytes, Stack size 0 bytes, stm32f10x_rcc.o(.text), UNUSED)

<P><STRONG><a name="[230]"></a>RCC_HSEConfig</STRONG> (Thumb, 70 bytes, Stack size 0 bytes, stm32f10x_rcc.o(.text), UNUSED)

<P><STRONG><a name="[7a]"></a>RCC_GetFlagStatus</STRONG> (Thumb, 56 bytes, Stack size 8 bytes, stm32f10x_rcc.o(.text))
<BR><BR>[Stack]<UL><LI>Max Depth = 8<LI>Call Chain = RCC_GetFlagStatus
</UL>
<BR>[Called By]<UL><LI><a href="#[79]">&gt;&gt;</a>&nbsp;&nbsp;&nbsp;RCC_WaitForHSEStartUp
<LI><a href="#[151]">&gt;&gt;</a>&nbsp;&nbsp;&nbsp;Ethernet_Configuration
</UL>

<P><STRONG><a name="[79]"></a>RCC_WaitForHSEStartUp</STRONG> (Thumb, 56 bytes, Stack size 16 bytes, stm32f10x_rcc.o(.text), UNUSED)
<BR><BR>[Calls]<UL><LI><a href="#[7a]">&gt;&gt;</a>&nbsp;&nbsp;&nbsp;RCC_GetFlagStatus
</UL>

<P><STRONG><a name="[231]"></a>RCC_AdjustHSICalibrationValue</STRONG> (Thumb, 20 bytes, Stack size 0 bytes, stm32f10x_rcc.o(.text), UNUSED)

<P><STRONG><a name="[232]"></a>RCC_HSICmd</STRONG> (Thumb, 6 bytes, Stack size 0 bytes, stm32f10x_rcc.o(.text), UNUSED)

<P><STRONG><a name="[233]"></a>RCC_PLLConfig</STRONG> (Thumb, 24 bytes, Stack size 0 bytes, stm32f10x_rcc.o(.text), UNUSED)

<P><STRONG><a name="[234]"></a>RCC_PLLCmd</STRONG> (Thumb, 6 bytes, Stack size 0 bytes, stm32f10x_rcc.o(.text), UNUSED)

<P><STRONG><a name="[235]"></a>RCC_PREDIV1Config</STRONG> (Thumb, 24 bytes, Stack size 0 bytes, stm32f10x_rcc.o(.text), UNUSED)

<P><STRONG><a name="[236]"></a>RCC_PREDIV2Config</STRONG> (Thumb, 18 bytes, Stack size 0 bytes, stm32f10x_rcc.o(.text), UNUSED)

<P><STRONG><a name="[237]"></a>RCC_PLL2Config</STRONG> (Thumb, 18 bytes, Stack size 0 bytes, stm32f10x_rcc.o(.text), UNUSED)

<P><STRONG><a name="[238]"></a>RCC_PLL2Cmd</STRONG> (Thumb, 6 bytes, Stack size 0 bytes, stm32f10x_rcc.o(.text), UNUSED)

<P><STRONG><a name="[153]"></a>RCC_PLL3Config</STRONG> (Thumb, 18 bytes, Stack size 0 bytes, stm32f10x_rcc.o(.text))
<BR><BR>[Called By]<UL><LI><a href="#[151]">&gt;&gt;</a>&nbsp;&nbsp;&nbsp;Ethernet_Configuration
</UL>

<P><STRONG><a name="[154]"></a>RCC_PLL3Cmd</STRONG> (Thumb, 6 bytes, Stack size 0 bytes, stm32f10x_rcc.o(.text))
<BR><BR>[Called By]<UL><LI><a href="#[151]">&gt;&gt;</a>&nbsp;&nbsp;&nbsp;Ethernet_Configuration
</UL>

<P><STRONG><a name="[239]"></a>RCC_SYSCLKConfig</STRONG> (Thumb, 18 bytes, Stack size 0 bytes, stm32f10x_rcc.o(.text), UNUSED)

<P><STRONG><a name="[23a]"></a>RCC_GetSYSCLKSource</STRONG> (Thumb, 10 bytes, Stack size 0 bytes, stm32f10x_rcc.o(.text), UNUSED)

<P><STRONG><a name="[23b]"></a>RCC_HCLKConfig</STRONG> (Thumb, 18 bytes, Stack size 0 bytes, stm32f10x_rcc.o(.text), UNUSED)

<P><STRONG><a name="[23c]"></a>RCC_PCLK1Config</STRONG> (Thumb, 18 bytes, Stack size 0 bytes, stm32f10x_rcc.o(.text), UNUSED)

<P><STRONG><a name="[23d]"></a>RCC_PCLK2Config</STRONG> (Thumb, 20 bytes, Stack size 0 bytes, stm32f10x_rcc.o(.text), UNUSED)

<P><STRONG><a name="[23e]"></a>RCC_ITConfig</STRONG> (Thumb, 26 bytes, Stack size 0 bytes, stm32f10x_rcc.o(.text), UNUSED)

<P><STRONG><a name="[23f]"></a>RCC_OTGFSCLKConfig</STRONG> (Thumb, 8 bytes, Stack size 0 bytes, stm32f10x_rcc.o(.text), UNUSED)

<P><STRONG><a name="[240]"></a>RCC_ADCCLKConfig</STRONG> (Thumb, 18 bytes, Stack size 0 bytes, stm32f10x_rcc.o(.text), UNUSED)

<P><STRONG><a name="[241]"></a>RCC_I2S2CLKConfig</STRONG> (Thumb, 6 bytes, Stack size 0 bytes, stm32f10x_rcc.o(.text), UNUSED)

<P><STRONG><a name="[242]"></a>RCC_I2S3CLKConfig</STRONG> (Thumb, 8 bytes, Stack size 0 bytes, stm32f10x_rcc.o(.text), UNUSED)

<P><STRONG><a name="[243]"></a>RCC_LSEConfig</STRONG> (Thumb, 50 bytes, Stack size 0 bytes, stm32f10x_rcc.o(.text), UNUSED)

<P><STRONG><a name="[244]"></a>RCC_LSICmd</STRONG> (Thumb, 6 bytes, Stack size 0 bytes, stm32f10x_rcc.o(.text), UNUSED)

<P><STRONG><a name="[245]"></a>RCC_RTCCLKConfig</STRONG> (Thumb, 12 bytes, Stack size 0 bytes, stm32f10x_rcc.o(.text), UNUSED)

<P><STRONG><a name="[246]"></a>RCC_RTCCLKCmd</STRONG> (Thumb, 8 bytes, Stack size 0 bytes, stm32f10x_rcc.o(.text), UNUSED)

<P><STRONG><a name="[78]"></a>RCC_GetClocksFreq</STRONG> (Thumb, 424 bytes, Stack size 24 bytes, stm32f10x_rcc.o(.text))
<BR><BR>[Stack]<UL><LI>Max Depth = 24<LI>Call Chain = RCC_GetClocksFreq
</UL>
<BR>[Called By]<UL><LI><a href="#[77]">&gt;&gt;</a>&nbsp;&nbsp;&nbsp;I2C_Init
<LI><a href="#[6a]">&gt;&gt;</a>&nbsp;&nbsp;&nbsp;System_Setup
<LI><a href="#[90]">&gt;&gt;</a>&nbsp;&nbsp;&nbsp;ETH_Init
<LI><a href="#[7e]">&gt;&gt;</a>&nbsp;&nbsp;&nbsp;USART_Init
<LI><a href="#[7c]">&gt;&gt;</a>&nbsp;&nbsp;&nbsp;I2S_Init
</UL>

<P><STRONG><a name="[15e]"></a>RCC_AHBPeriphClockCmd</STRONG> (Thumb, 26 bytes, Stack size 0 bytes, stm32f10x_rcc.o(.text))
<BR><BR>[Called By]<UL><LI><a href="#[6a]">&gt;&gt;</a>&nbsp;&nbsp;&nbsp;System_Setup
</UL>

<P><STRONG><a name="[80]"></a>RCC_APB2PeriphClockCmd</STRONG> (Thumb, 26 bytes, Stack size 0 bytes, stm32f10x_rcc.o(.text))
<BR><BR>[Called By]<UL><LI><a href="#[6a]">&gt;&gt;</a>&nbsp;&nbsp;&nbsp;System_Setup
<LI><a href="#[f1]">&gt;&gt;</a>&nbsp;&nbsp;&nbsp;STM_EVAL_COMInit
<LI><a href="#[ee]">&gt;&gt;</a>&nbsp;&nbsp;&nbsp;STM_EVAL_PBInit
<LI><a href="#[ed]">&gt;&gt;</a>&nbsp;&nbsp;&nbsp;STM_EVAL_LEDInit
<LI><a href="#[d5]">&gt;&gt;</a>&nbsp;&nbsp;&nbsp;LCD_CtrlLinesConfig
<LI><a href="#[d1]">&gt;&gt;</a>&nbsp;&nbsp;&nbsp;LCD_SPIConfig
<LI><a href="#[b7]">&gt;&gt;</a>&nbsp;&nbsp;&nbsp;IOE_EXTI_Config
<LI><a href="#[b4]">&gt;&gt;</a>&nbsp;&nbsp;&nbsp;IOE_GPIO_Config
<LI><a href="#[7f]">&gt;&gt;</a>&nbsp;&nbsp;&nbsp;RCC_IN
</UL>

<P><STRONG><a name="[81]"></a>RCC_APB1PeriphClockCmd</STRONG> (Thumb, 26 bytes, Stack size 0 bytes, stm32f10x_rcc.o(.text))
<BR><BR>[Called By]<UL><LI><a href="#[6a]">&gt;&gt;</a>&nbsp;&nbsp;&nbsp;System_Setup
<LI><a href="#[f1]">&gt;&gt;</a>&nbsp;&nbsp;&nbsp;STM_EVAL_COMInit
<LI><a href="#[d1]">&gt;&gt;</a>&nbsp;&nbsp;&nbsp;LCD_SPIConfig
<LI><a href="#[b4]">&gt;&gt;</a>&nbsp;&nbsp;&nbsp;IOE_GPIO_Config
<LI><a href="#[7f]">&gt;&gt;</a>&nbsp;&nbsp;&nbsp;RCC_IN
</UL>

<P><STRONG><a name="[8f]"></a>RCC_AHBPeriphResetCmd</STRONG> (Thumb, 26 bytes, Stack size 0 bytes, stm32f10x_rcc.o(.text))
<BR><BR>[Called By]<UL><LI><a href="#[8e]">&gt;&gt;</a>&nbsp;&nbsp;&nbsp;ETH_DeInit
</UL>

<P><STRONG><a name="[72]"></a>RCC_APB2PeriphResetCmd</STRONG> (Thumb, 26 bytes, Stack size 0 bytes, stm32f10x_rcc.o(.text), UNUSED)
<BR><BR>[Called By]<UL><LI><a href="#[74]">&gt;&gt;</a>&nbsp;&nbsp;&nbsp;GPIO_AFIODeInit
<LI><a href="#[73]">&gt;&gt;</a>&nbsp;&nbsp;&nbsp;GPIO_DeInit
<LI><a href="#[71]">&gt;&gt;</a>&nbsp;&nbsp;&nbsp;ADC_DeInit
<LI><a href="#[7d]">&gt;&gt;</a>&nbsp;&nbsp;&nbsp;USART_DeInit
<LI><a href="#[7b]">&gt;&gt;</a>&nbsp;&nbsp;&nbsp;SPI_I2S_DeInit
</UL>

<P><STRONG><a name="[76]"></a>RCC_APB1PeriphResetCmd</STRONG> (Thumb, 26 bytes, Stack size 0 bytes, stm32f10x_rcc.o(.text), UNUSED)
<BR><BR>[Called By]<UL><LI><a href="#[75]">&gt;&gt;</a>&nbsp;&nbsp;&nbsp;I2C_DeInit
<LI><a href="#[b4]">&gt;&gt;</a>&nbsp;&nbsp;&nbsp;IOE_GPIO_Config
<LI><a href="#[7d]">&gt;&gt;</a>&nbsp;&nbsp;&nbsp;USART_DeInit
<LI><a href="#[7b]">&gt;&gt;</a>&nbsp;&nbsp;&nbsp;SPI_I2S_DeInit
</UL>

<P><STRONG><a name="[247]"></a>RCC_BackupResetCmd</STRONG> (Thumb, 6 bytes, Stack size 0 bytes, stm32f10x_rcc.o(.text), UNUSED)

<P><STRONG><a name="[248]"></a>RCC_ClockSecuritySystemCmd</STRONG> (Thumb, 6 bytes, Stack size 0 bytes, stm32f10x_rcc.o(.text), UNUSED)

<P><STRONG><a name="[155]"></a>RCC_MCOConfig</STRONG> (Thumb, 6 bytes, Stack size 0 bytes, stm32f10x_rcc.o(.text))
<BR><BR>[Called By]<UL><LI><a href="#[151]">&gt;&gt;</a>&nbsp;&nbsp;&nbsp;Ethernet_Configuration
</UL>

<P><STRONG><a name="[249]"></a>RCC_ClearFlag</STRONG> (Thumb, 14 bytes, Stack size 0 bytes, stm32f10x_rcc.o(.text), UNUSED)

<P><STRONG><a name="[24a]"></a>RCC_GetITStatus</STRONG> (Thumb, 20 bytes, Stack size 0 bytes, stm32f10x_rcc.o(.text), UNUSED)

<P><STRONG><a name="[24b]"></a>RCC_ClearITPendingBit</STRONG> (Thumb, 6 bytes, Stack size 0 bytes, stm32f10x_rcc.o(.text), UNUSED)

<P><STRONG><a name="[7b]"></a>SPI_I2S_DeInit</STRONG> (Thumb, 76 bytes, Stack size 8 bytes, stm32f10x_spi.o(.text), UNUSED)
<BR><BR>[Calls]<UL><LI><a href="#[76]">&gt;&gt;</a>&nbsp;&nbsp;&nbsp;RCC_APB1PeriphResetCmd
<LI><a href="#[72]">&gt;&gt;</a>&nbsp;&nbsp;&nbsp;RCC_APB2PeriphResetCmd
</UL>
<BR>[Called By]<UL><LI><a href="#[d1]">&gt;&gt;</a>&nbsp;&nbsp;&nbsp;LCD_SPIConfig
</UL>

<P><STRONG><a name="[d3]"></a>SPI_Init</STRONG> (Thumb, 60 bytes, Stack size 8 bytes, stm32f10x_spi.o(.text), UNUSED)
<BR><BR>[Called By]<UL><LI><a href="#[d1]">&gt;&gt;</a>&nbsp;&nbsp;&nbsp;LCD_SPIConfig
</UL>

<P><STRONG><a name="[7c]"></a>I2S_Init</STRONG> (Thumb, 292 bytes, Stack size 56 bytes, stm32f10x_spi.o(.text), UNUSED)
<BR><BR>[Calls]<UL><LI><a href="#[78]">&gt;&gt;</a>&nbsp;&nbsp;&nbsp;RCC_GetClocksFreq
</UL>

<P><STRONG><a name="[24c]"></a>SPI_StructInit</STRONG> (Thumb, 24 bytes, Stack size 0 bytes, stm32f10x_spi.o(.text), UNUSED)

<P><STRONG><a name="[24d]"></a>I2S_StructInit</STRONG> (Thumb, 20 bytes, Stack size 0 bytes, stm32f10x_spi.o(.text), UNUSED)

<P><STRONG><a name="[d4]"></a>SPI_Cmd</STRONG> (Thumb, 24 bytes, Stack size 0 bytes, stm32f10x_spi.o(.text), UNUSED)
<BR><BR>[Called By]<UL><LI><a href="#[d1]">&gt;&gt;</a>&nbsp;&nbsp;&nbsp;LCD_SPIConfig
</UL>

<P><STRONG><a name="[24e]"></a>I2S_Cmd</STRONG> (Thumb, 24 bytes, Stack size 0 bytes, stm32f10x_spi.o(.text), UNUSED)

<P><STRONG><a name="[24f]"></a>SPI_I2S_ITConfig</STRONG> (Thumb, 32 bytes, Stack size 12 bytes, stm32f10x_spi.o(.text), UNUSED)

<P><STRONG><a name="[250]"></a>SPI_I2S_DMACmd</STRONG> (Thumb, 18 bytes, Stack size 0 bytes, stm32f10x_spi.o(.text), UNUSED)

<P><STRONG><a name="[cd]"></a>SPI_I2S_SendData</STRONG> (Thumb, 4 bytes, Stack size 0 bytes, stm32f10x_spi.o(.text))
<BR><BR>[Called By]<UL><LI><a href="#[e8]">&gt;&gt;</a>&nbsp;&nbsp;&nbsp;LCD_ReadReg
<LI><a href="#[da]">&gt;&gt;</a>&nbsp;&nbsp;&nbsp;LCD_WriteRAM
<LI><a href="#[d0]">&gt;&gt;</a>&nbsp;&nbsp;&nbsp;LCD_WriteReg
<LI><a href="#[cf]">&gt;&gt;</a>&nbsp;&nbsp;&nbsp;LCD_WriteRegIndex
<LI><a href="#[cc]">&gt;&gt;</a>&nbsp;&nbsp;&nbsp;LCD_nCS_StartByte
</UL>

<P><STRONG><a name="[e9]"></a>SPI_I2S_ReceiveData</STRONG> (Thumb, 6 bytes, Stack size 0 bytes, stm32f10x_spi.o(.text), UNUSED)
<BR><BR>[Called By]<UL><LI><a href="#[e8]">&gt;&gt;</a>&nbsp;&nbsp;&nbsp;LCD_ReadReg
</UL>

<P><STRONG><a name="[251]"></a>SPI_NSSInternalSoftwareConfig</STRONG> (Thumb, 30 bytes, Stack size 0 bytes, stm32f10x_spi.o(.text), UNUSED)

<P><STRONG><a name="[252]"></a>SPI_SSOutputCmd</STRONG> (Thumb, 24 bytes, Stack size 0 bytes, stm32f10x_spi.o(.text), UNUSED)

<P><STRONG><a name="[253]"></a>SPI_DataSizeConfig</STRONG> (Thumb, 18 bytes, Stack size 0 bytes, stm32f10x_spi.o(.text), UNUSED)

<P><STRONG><a name="[254]"></a>SPI_TransmitCRC</STRONG> (Thumb, 10 bytes, Stack size 0 bytes, stm32f10x_spi.o(.text), UNUSED)

<P><STRONG><a name="[255]"></a>SPI_CalculateCRC</STRONG> (Thumb, 24 bytes, Stack size 0 bytes, stm32f10x_spi.o(.text), UNUSED)

<P><STRONG><a name="[256]"></a>SPI_GetCRC</STRONG> (Thumb, 16 bytes, Stack size 0 bytes, stm32f10x_spi.o(.text), UNUSED)

<P><STRONG><a name="[257]"></a>SPI_GetCRCPolynomial</STRONG> (Thumb, 6 bytes, Stack size 0 bytes, stm32f10x_spi.o(.text), UNUSED)

<P><STRONG><a name="[258]"></a>SPI_BiDirectionalLineConfig</STRONG> (Thumb, 28 bytes, Stack size 0 bytes, stm32f10x_spi.o(.text), UNUSED)

<P><STRONG><a name="[ce]"></a>SPI_I2S_GetFlagStatus</STRONG> (Thumb, 18 bytes, Stack size 0 bytes, stm32f10x_spi.o(.text))
<BR><BR>[Called By]<UL><LI><a href="#[e8]">&gt;&gt;</a>&nbsp;&nbsp;&nbsp;LCD_ReadReg
<LI><a href="#[da]">&gt;&gt;</a>&nbsp;&nbsp;&nbsp;LCD_WriteRAM
<LI><a href="#[d0]">&gt;&gt;</a>&nbsp;&nbsp;&nbsp;LCD_WriteReg
<LI><a href="#[cf]">&gt;&gt;</a>&nbsp;&nbsp;&nbsp;LCD_WriteRegIndex
<LI><a href="#[cc]">&gt;&gt;</a>&nbsp;&nbsp;&nbsp;LCD_nCS_StartByte
</UL>

<P><STRONG><a name="[259]"></a>SPI_I2S_ClearFlag</STRONG> (Thumb, 6 bytes, Stack size 0 bytes, stm32f10x_spi.o(.text), UNUSED)

<P><STRONG><a name="[25a]"></a>SPI_I2S_GetITStatus</STRONG> (Thumb, 52 bytes, Stack size 20 bytes, stm32f10x_spi.o(.text), UNUSED)

<P><STRONG><a name="[25b]"></a>SPI_I2S_ClearITPendingBit</STRONG> (Thumb, 20 bytes, Stack size 8 bytes, stm32f10x_spi.o(.text), UNUSED)

<P><STRONG><a name="[7d]"></a>USART_DeInit</STRONG> (Thumb, 134 bytes, Stack size 8 bytes, stm32f10x_usart.o(.text), UNUSED)
<BR><BR>[Calls]<UL><LI><a href="#[76]">&gt;&gt;</a>&nbsp;&nbsp;&nbsp;RCC_APB1PeriphResetCmd
<LI><a href="#[72]">&gt;&gt;</a>&nbsp;&nbsp;&nbsp;RCC_APB2PeriphResetCmd
</UL>

<P><STRONG><a name="[7e]"></a>USART_Init</STRONG> (Thumb, 210 bytes, Stack size 56 bytes, stm32f10x_usart.o(.text), UNUSED)
<BR><BR>[Calls]<UL><LI><a href="#[78]">&gt;&gt;</a>&nbsp;&nbsp;&nbsp;RCC_GetClocksFreq
</UL>
<BR>[Called By]<UL><LI><a href="#[f1]">&gt;&gt;</a>&nbsp;&nbsp;&nbsp;STM_EVAL_COMInit
</UL>

<P><STRONG><a name="[25c]"></a>USART_StructInit</STRONG> (Thumb, 24 bytes, Stack size 0 bytes, stm32f10x_usart.o(.text), UNUSED)

<P><STRONG><a name="[25d]"></a>USART_ClockInit</STRONG> (Thumb, 34 bytes, Stack size 8 bytes, stm32f10x_usart.o(.text), UNUSED)

<P><STRONG><a name="[25e]"></a>USART_ClockStructInit</STRONG> (Thumb, 12 bytes, Stack size 0 bytes, stm32f10x_usart.o(.text), UNUSED)

<P><STRONG><a name="[f2]"></a>USART_Cmd</STRONG> (Thumb, 24 bytes, Stack size 0 bytes, stm32f10x_usart.o(.text), UNUSED)
<BR><BR>[Called By]<UL><LI><a href="#[f1]">&gt;&gt;</a>&nbsp;&nbsp;&nbsp;STM_EVAL_COMInit
</UL>

<P><STRONG><a name="[25f]"></a>USART_ITConfig</STRONG> (Thumb, 74 bytes, Stack size 20 bytes, stm32f10x_usart.o(.text), UNUSED)

<P><STRONG><a name="[260]"></a>USART_DMACmd</STRONG> (Thumb, 18 bytes, Stack size 0 bytes, stm32f10x_usart.o(.text), UNUSED)

<P><STRONG><a name="[261]"></a>USART_SetAddress</STRONG> (Thumb, 18 bytes, Stack size 0 bytes, stm32f10x_usart.o(.text), UNUSED)

<P><STRONG><a name="[262]"></a>USART_WakeUpConfig</STRONG> (Thumb, 18 bytes, Stack size 0 bytes, stm32f10x_usart.o(.text), UNUSED)

<P><STRONG><a name="[263]"></a>USART_ReceiverWakeUpCmd</STRONG> (Thumb, 24 bytes, Stack size 0 bytes, stm32f10x_usart.o(.text), UNUSED)

<P><STRONG><a name="[264]"></a>USART_LINBreakDetectLengthConfig</STRONG> (Thumb, 18 bytes, Stack size 0 bytes, stm32f10x_usart.o(.text), UNUSED)

<P><STRONG><a name="[265]"></a>USART_LINCmd</STRONG> (Thumb, 24 bytes, Stack size 0 bytes, stm32f10x_usart.o(.text), UNUSED)

<P><STRONG><a name="[266]"></a>USART_SendData</STRONG> (Thumb, 8 bytes, Stack size 0 bytes, stm32f10x_usart.o(.text), UNUSED)

<P><STRONG><a name="[267]"></a>USART_ReceiveData</STRONG> (Thumb, 10 bytes, Stack size 0 bytes, stm32f10x_usart.o(.text), UNUSED)

<P><STRONG><a name="[268]"></a>USART_SendBreak</STRONG> (Thumb, 10 bytes, Stack size 0 bytes, stm32f10x_usart.o(.text), UNUSED)

<P><STRONG><a name="[269]"></a>USART_SetGuardTime</STRONG> (Thumb, 16 bytes, Stack size 0 bytes, stm32f10x_usart.o(.text), UNUSED)

<P><STRONG><a name="[26a]"></a>USART_SetPrescaler</STRONG> (Thumb, 16 bytes, Stack size 0 bytes, stm32f10x_usart.o(.text), UNUSED)

<P><STRONG><a name="[26b]"></a>USART_SmartCardCmd</STRONG> (Thumb, 24 bytes, Stack size 0 bytes, stm32f10x_usart.o(.text), UNUSED)

<P><STRONG><a name="[26c]"></a>USART_SmartCardNACKCmd</STRONG> (Thumb, 24 bytes, Stack size 0 bytes, stm32f10x_usart.o(.text), UNUSED)

<P><STRONG><a name="[26d]"></a>USART_HalfDuplexCmd</STRONG> (Thumb, 24 bytes, Stack size 0 bytes, stm32f10x_usart.o(.text), UNUSED)

<P><STRONG><a name="[26e]"></a>USART_OverSampling8Cmd</STRONG> (Thumb, 22 bytes, Stack size 0 bytes, stm32f10x_usart.o(.text), UNUSED)

<P><STRONG><a name="[26f]"></a>USART_OneBitMethodCmd</STRONG> (Thumb, 24 bytes, Stack size 0 bytes, stm32f10x_usart.o(.text), UNUSED)

<P><STRONG><a name="[270]"></a>USART_IrDAConfig</STRONG> (Thumb, 18 bytes, Stack size 0 bytes, stm32f10x_usart.o(.text), UNUSED)

<P><STRONG><a name="[271]"></a>USART_IrDACmd</STRONG> (Thumb, 24 bytes, Stack size 0 bytes, stm32f10x_usart.o(.text), UNUSED)

<P><STRONG><a name="[272]"></a>USART_GetFlagStatus</STRONG> (Thumb, 26 bytes, Stack size 0 bytes, stm32f10x_usart.o(.text), UNUSED)

<P><STRONG><a name="[273]"></a>USART_ClearFlag</STRONG> (Thumb, 18 bytes, Stack size 0 bytes, stm32f10x_usart.o(.text), UNUSED)

<P><STRONG><a name="[274]"></a>USART_GetITStatus</STRONG> (Thumb, 84 bytes, Stack size 16 bytes, stm32f10x_usart.o(.text), UNUSED)

<P><STRONG><a name="[275]"></a>USART_ClearITPendingBit</STRONG> (Thumb, 52 bytes, Stack size 8 bytes, stm32f10x_usart.o(.text), UNUSED)

<P><STRONG><a name="[7f]"></a>RCC_IN</STRONG> (Thumb, 34 bytes, Stack size 8 bytes, inits.o(.text))
<BR><BR>[Stack]<UL><LI>Max Depth = 8<LI>Call Chain = RCC_IN
</UL>
<BR>[Calls]<UL><LI><a href="#[81]">&gt;&gt;</a>&nbsp;&nbsp;&nbsp;RCC_APB1PeriphClockCmd
<LI><a href="#[80]">&gt;&gt;</a>&nbsp;&nbsp;&nbsp;RCC_APB2PeriphClockCmd
</UL>
<BR>[Called By]<UL><LI><a href="#[6b]">&gt;&gt;</a>&nbsp;&nbsp;&nbsp;InitAll
</UL>

<P><STRONG><a name="[82]"></a>initLED</STRONG> (Thumb, 32 bytes, Stack size 8 bytes, inits.o(.text))
<BR><BR>[Stack]<UL><LI>Max Depth = 32<LI>Call Chain = initLED &rArr; GPIO_Init
</UL>
<BR>[Calls]<UL><LI><a href="#[83]">&gt;&gt;</a>&nbsp;&nbsp;&nbsp;GPIO_Init
</UL>
<BR>[Called By]<UL><LI><a href="#[6b]">&gt;&gt;</a>&nbsp;&nbsp;&nbsp;InitAll
</UL>

<P><STRONG><a name="[84]"></a>Init_Joystick</STRONG> (Thumb, 30 bytes, Stack size 8 bytes, inits.o(.text), UNUSED)
<BR><BR>[Calls]<UL><LI><a href="#[83]">&gt;&gt;</a>&nbsp;&nbsp;&nbsp;GPIO_Init
</UL>

<P><STRONG><a name="[85]"></a>Init_Int</STRONG> (Thumb, 64 bytes, Stack size 16 bytes, inits.o(.text), UNUSED)
<BR><BR>[Calls]<UL><LI><a href="#[86]">&gt;&gt;</a>&nbsp;&nbsp;&nbsp;EXTI_Init
</UL>

<P><STRONG><a name="[87]"></a>InitServo_PWM_TIM2</STRONG> (Thumb, 136 bytes, Stack size 8 bytes, inits.o(.text))
<BR><BR>[Stack]<UL><LI>Max Depth = 32<LI>Call Chain = InitServo_PWM_TIM2 &rArr; GPIO_Init
</UL>
<BR>[Calls]<UL><LI><a href="#[83]">&gt;&gt;</a>&nbsp;&nbsp;&nbsp;GPIO_Init
</UL>
<BR>[Called By]<UL><LI><a href="#[6b]">&gt;&gt;</a>&nbsp;&nbsp;&nbsp;InitAll
</UL>

<P><STRONG><a name="[88]"></a>InitServo_PWM_TIM3</STRONG> (Thumb, 192 bytes, Stack size 8 bytes, inits.o(.text))
<BR><BR>[Stack]<UL><LI>Max Depth = 32<LI>Call Chain = InitServo_PWM_TIM3 &rArr; GPIO_Init
</UL>
<BR>[Calls]<UL><LI><a href="#[83]">&gt;&gt;</a>&nbsp;&nbsp;&nbsp;GPIO_Init
</UL>
<BR>[Called By]<UL><LI><a href="#[6b]">&gt;&gt;</a>&nbsp;&nbsp;&nbsp;InitAll
</UL>

<P><STRONG><a name="[89]"></a>Rele</STRONG> (Thumb, 30 bytes, Stack size 8 bytes, inits.o(.text), UNUSED)
<BR><BR>[Calls]<UL><LI><a href="#[83]">&gt;&gt;</a>&nbsp;&nbsp;&nbsp;GPIO_Init
</UL>

<P><STRONG><a name="[6b]"></a>InitAll</STRONG> (Thumb, 20 bytes, Stack size 8 bytes, inits.o(.text))
<BR><BR>[Stack]<UL><LI>Max Depth = 40<LI>Call Chain = InitAll &rArr; InitServo_PWM_TIM3 &rArr; GPIO_Init
</UL>
<BR>[Calls]<UL><LI><a href="#[88]">&gt;&gt;</a>&nbsp;&nbsp;&nbsp;InitServo_PWM_TIM3
<LI><a href="#[87]">&gt;&gt;</a>&nbsp;&nbsp;&nbsp;InitServo_PWM_TIM2
<LI><a href="#[82]">&gt;&gt;</a>&nbsp;&nbsp;&nbsp;initLED
<LI><a href="#[7f]">&gt;&gt;</a>&nbsp;&nbsp;&nbsp;RCC_IN
</UL>
<BR>[Called By]<UL><LI><a href="#[62]">&gt;&gt;</a>&nbsp;&nbsp;&nbsp;main
</UL>

<P><STRONG><a name="[6c]"></a>set_pos</STRONG> (Thumb, 166 bytes, Stack size 48 bytes, set_angle.o(.text))
<BR><BR>[Stack]<UL><LI>Max Depth = 64<LI>Call Chain = set_pos &rArr; __aeabi_fmul
</UL>
<BR>[Calls]<UL><LI><a href="#[8b]">&gt;&gt;</a>&nbsp;&nbsp;&nbsp;__aeabi_fmul
<LI><a href="#[8a]">&gt;&gt;</a>&nbsp;&nbsp;&nbsp;__aeabi_i2f
<LI><a href="#[8d]">&gt;&gt;</a>&nbsp;&nbsp;&nbsp;__aeabi_f2uiz
<LI><a href="#[8c]">&gt;&gt;</a>&nbsp;&nbsp;&nbsp;__aeabi_fadd
</UL>
<BR>[Called By]<UL><LI><a href="#[62]">&gt;&gt;</a>&nbsp;&nbsp;&nbsp;main
<LI><a href="#[124]">&gt;&gt;</a>&nbsp;&nbsp;&nbsp;servo_cont
</UL>

<P><STRONG><a name="[276]"></a>set_pos_ms</STRONG> (Thumb, 2 bytes, Stack size 0 bytes, set_angle.o(.text), UNUSED)

<P><STRONG><a name="[8e]"></a>ETH_DeInit</STRONG> (Thumb, 22 bytes, Stack size 8 bytes, stm32_eth.o(.text))
<BR><BR>[Stack]<UL><LI>Max Depth = 8<LI>Call Chain = ETH_DeInit
</UL>
<BR>[Calls]<UL><LI><a href="#[8f]">&gt;&gt;</a>&nbsp;&nbsp;&nbsp;RCC_AHBPeriphResetCmd
</UL>
<BR>[Called By]<UL><LI><a href="#[151]">&gt;&gt;</a>&nbsp;&nbsp;&nbsp;Ethernet_Configuration
</UL>

<P><STRONG><a name="[91]"></a>ETH_WritePHYRegister</STRONG> (Thumb, 96 bytes, Stack size 16 bytes, stm32_eth.o(.text))
<BR><BR>[Stack]<UL><LI>Max Depth = 16<LI>Call Chain = ETH_WritePHYRegister
</UL>
<BR>[Called By]<UL><LI><a href="#[9c]">&gt;&gt;</a>&nbsp;&nbsp;&nbsp;ETH_PHYLoopBackCmd
<LI><a href="#[90]">&gt;&gt;</a>&nbsp;&nbsp;&nbsp;ETH_Init
</UL>

<P><STRONG><a name="[93]"></a>ETH_ReadPHYRegister</STRONG> (Thumb, 98 bytes, Stack size 12 bytes, stm32_eth.o(.text))
<BR><BR>[Stack]<UL><LI>Max Depth = 12<LI>Call Chain = ETH_ReadPHYRegister
</UL>
<BR>[Called By]<UL><LI><a href="#[9c]">&gt;&gt;</a>&nbsp;&nbsp;&nbsp;ETH_PHYLoopBackCmd
<LI><a href="#[90]">&gt;&gt;</a>&nbsp;&nbsp;&nbsp;ETH_Init
</UL>

<P><STRONG><a name="[90]"></a>ETH_Init</STRONG> (Thumb, 576 bytes, Stack size 56 bytes, stm32_eth.o(.text))
<BR><BR>[Stack]<UL><LI>Max Depth = 80<LI>Call Chain = ETH_Init &rArr; RCC_GetClocksFreq
</UL>
<BR>[Calls]<UL><LI><a href="#[78]">&gt;&gt;</a>&nbsp;&nbsp;&nbsp;RCC_GetClocksFreq
<LI><a href="#[93]">&gt;&gt;</a>&nbsp;&nbsp;&nbsp;ETH_ReadPHYRegister
<LI><a href="#[91]">&gt;&gt;</a>&nbsp;&nbsp;&nbsp;ETH_WritePHYRegister
<LI><a href="#[92]">&gt;&gt;</a>&nbsp;&nbsp;&nbsp;ETH_Delay
</UL>
<BR>[Called By]<UL><LI><a href="#[151]">&gt;&gt;</a>&nbsp;&nbsp;&nbsp;Ethernet_Configuration
</UL>

<P><STRONG><a name="[158]"></a>ETH_StructInit</STRONG> (Thumb, 164 bytes, Stack size 0 bytes, stm32_eth.o(.text))
<BR><BR>[Called By]<UL><LI><a href="#[151]">&gt;&gt;</a>&nbsp;&nbsp;&nbsp;Ethernet_Configuration
</UL>

<P><STRONG><a name="[99]"></a>ETH_DMAReceptionCmd</STRONG> (Thumb, 30 bytes, Stack size 0 bytes, stm32_eth.o(.text))
<BR><BR>[Called By]<UL><LI><a href="#[94]">&gt;&gt;</a>&nbsp;&nbsp;&nbsp;ETH_Start
</UL>

<P><STRONG><a name="[98]"></a>ETH_DMATransmissionCmd</STRONG> (Thumb, 30 bytes, Stack size 0 bytes, stm32_eth.o(.text))
<BR><BR>[Called By]<UL><LI><a href="#[94]">&gt;&gt;</a>&nbsp;&nbsp;&nbsp;ETH_Start
</UL>

<P><STRONG><a name="[97]"></a>ETH_MACReceptionCmd</STRONG> (Thumb, 66 bytes, Stack size 0 bytes, stm32_eth.o(.text))
<BR><BR>[Called By]<UL><LI><a href="#[94]">&gt;&gt;</a>&nbsp;&nbsp;&nbsp;ETH_Start
</UL>

<P><STRONG><a name="[96]"></a>ETH_FlushTransmitFIFO</STRONG> (Thumb, 14 bytes, Stack size 0 bytes, stm32_eth.o(.text))
<BR><BR>[Called By]<UL><LI><a href="#[94]">&gt;&gt;</a>&nbsp;&nbsp;&nbsp;ETH_Start
</UL>

<P><STRONG><a name="[95]"></a>ETH_MACTransmissionCmd</STRONG> (Thumb, 30 bytes, Stack size 0 bytes, stm32_eth.o(.text))
<BR><BR>[Called By]<UL><LI><a href="#[94]">&gt;&gt;</a>&nbsp;&nbsp;&nbsp;ETH_Start
</UL>

<P><STRONG><a name="[94]"></a>ETH_Start</STRONG> (Thumb, 32 bytes, Stack size 4 bytes, stm32_eth.o(.text))
<BR><BR>[Stack]<UL><LI>Max Depth = 4<LI>Call Chain = ETH_Start
</UL>
<BR>[Calls]<UL><LI><a href="#[95]">&gt;&gt;</a>&nbsp;&nbsp;&nbsp;ETH_MACTransmissionCmd
<LI><a href="#[96]">&gt;&gt;</a>&nbsp;&nbsp;&nbsp;ETH_FlushTransmitFIFO
<LI><a href="#[97]">&gt;&gt;</a>&nbsp;&nbsp;&nbsp;ETH_MACReceptionCmd
<LI><a href="#[98]">&gt;&gt;</a>&nbsp;&nbsp;&nbsp;ETH_DMATransmissionCmd
<LI><a href="#[99]">&gt;&gt;</a>&nbsp;&nbsp;&nbsp;ETH_DMAReceptionCmd
</UL>
<BR>[Called By]<UL><LI><a href="#[f5]">&gt;&gt;</a>&nbsp;&nbsp;&nbsp;low_level_init
</UL>

<P><STRONG><a name="[277]"></a>ETH_HandleTxPkt</STRONG> (Thumb, 176 bytes, Stack size 8 bytes, stm32_eth.o(.text), UNUSED)

<P><STRONG><a name="[278]"></a>ETH_HandleRxPkt</STRONG> (Thumb, 196 bytes, Stack size 8 bytes, stm32_eth.o(.text), UNUSED)

<P><STRONG><a name="[9b]"></a>ETH_GetDMARxDescFrameLength</STRONG> (Thumb, 10 bytes, Stack size 0 bytes, stm32_eth.o(.text))
<BR><BR>[Called By]<UL><LI><a href="#[9a]">&gt;&gt;</a>&nbsp;&nbsp;&nbsp;ETH_GetRxPktSize
</UL>

<P><STRONG><a name="[9a]"></a>ETH_GetRxPktSize</STRONG> (Thumb, 66 bytes, Stack size 4 bytes, stm32_eth.o(.text))
<BR><BR>[Stack]<UL><LI>Max Depth = 4<LI>Call Chain = ETH_GetRxPktSize
</UL>
<BR>[Calls]<UL><LI><a href="#[9b]">&gt;&gt;</a>&nbsp;&nbsp;&nbsp;ETH_GetDMARxDescFrameLength
</UL>
<BR>[Called By]<UL><LI><a href="#[43]">&gt;&gt;</a>&nbsp;&nbsp;&nbsp;ETH_IRQHandler
</UL>

[...]
<BR>[Called By]<UL><LI><a href="#[c4]">&gt;&gt;</a>&nbsp;&nbsp;&nbsp;IOE_TS_GetState
</UL>

<P><STRONG><a name="[d7]"></a>delay</STRONG> (Thumb, 32 bytes, Stack size 12 bytes, stm3210c_eval_lcd.o(.text), UNUSED)
<BR><BR>[Called By]<UL><LI><a href="#[ea]">&gt;&gt;</a>&nbsp;&nbsp;&nbsp;LCD_PowerOn
<LI><a href="#[d6]">&gt;&gt;</a>&nbsp;&nbsp;&nbsp;LCD_Setup
</UL>

<P><STRONG><a name="[f5]"></a>low_level_init</STRONG> (Thumb, 142 bytes, Stack size 16 bytes, ethernetif.o(.text))
<BR><BR>[Stack]<UL><LI>Max Depth = 28<LI>Call Chain = low_level_init &rArr; ETH_DMARxDescChainInit
</UL>
<BR>[Calls]<UL><LI><a href="#[f8]">&gt;&gt;</a>&nbsp;&nbsp;&nbsp;ETH_DMARxDescReceiveITConfig
<LI><a href="#[f7]">&gt;&gt;</a>&nbsp;&nbsp;&nbsp;ETH_DMARxDescChainInit
<LI><a href="#[f9]">&gt;&gt;</a>&nbsp;&nbsp;&nbsp;ETH_DMATxDescChecksumInsertionConfig
<LI><a href="#[f6]">&gt;&gt;</a>&nbsp;&nbsp;&nbsp;ETH_DMATxDescChainInit
<LI><a href="#[94]">&gt;&gt;</a>&nbsp;&nbsp;&nbsp;ETH_Start
</UL>
<BR>[Called By]<UL><LI><a href="#[50]">&gt;&gt;</a>&nbsp;&nbsp;&nbsp;ethernetif_init
</UL>

<P><STRONG><a name="[4d]"></a>low_level_output</STRONG> (Thumb, 52 bytes, Stack size 24 bytes, ethernetif.o(.text))
<BR><BR>[Stack]<UL><LI>Max Depth = 24<LI>Call Chain = low_level_output
</UL>
<BR>[Calls]<UL><LI><a href="#[fa]">&gt;&gt;</a>&nbsp;&nbsp;&nbsp;ETH_GetCurrentTxBuffer
<LI><a href="#[fc]">&gt;&gt;</a>&nbsp;&nbsp;&nbsp;ETH_TxPkt_ChainMode
<LI><a href="#[fb]">&gt;&gt;</a>&nbsp;&nbsp;&nbsp;__aeabi_memcpy
</UL>
<BR>[Address Reference Count : 1]<UL><LI> ethernetif.o(.text)
</UL>
<P><STRONG><a name="[fd]"></a>low_level_input</STRONG> (Thumb, 110 bytes, Stack size 56 bytes, ethernetif.o(.text))
<BR><BR>[Stack]<UL><LI>Max Depth = 148<LI>Call Chain = low_level_input &rArr; pbuf_alloc &rArr; pbuf_free &rArr; mem_free &rArr; plug_holes
</UL>
<BR>[Calls]<UL><LI><a href="#[ff]">&gt;&gt;</a>&nbsp;&nbsp;&nbsp;pbuf_alloc
<LI><a href="#[fe]">&gt;&gt;</a>&nbsp;&nbsp;&nbsp;ETH_RxPkt_ChainMode
<LI><a href="#[fb]">&gt;&gt;</a>&nbsp;&nbsp;&nbsp;__aeabi_memcpy
</UL>
<BR>[Called By]<UL><LI><a href="#[100]">&gt;&gt;</a>&nbsp;&nbsp;&nbsp;ethernetif_input
</UL>

<P><STRONG><a name="[4e]"></a>tcp_server_recv</STRONG> (Thumb, 70 bytes, Stack size 40 bytes, server.o(.text))
<BR><BR>[Stack]<UL><LI>Max Depth = 580<LI>Call Chain = tcp_server_recv &rArr; receivedData &rArr; led_cont &rArr; init_TCPclient_listen &rArr; tcp_new &rArr; tcp_alloc &rArr; tcp_kill_prio &rArr; tcp_abandon &rArr; tcp_pcb_remove &rArr; tcp_output &rArr; tcp_output_segment &rArr; ip_output &rArr; ip_output_if &rArr; ip_frag &rArr; pbuf_alloc &rArr; pbuf_free &rArr; mem_free &rArr; plug_holes
</UL>
<BR>[Calls]<UL><LI><a href="#[126]">&gt;&gt;</a>&nbsp;&nbsp;&nbsp;Delay
<LI><a href="#[125]">&gt;&gt;</a>&nbsp;&nbsp;&nbsp;receivedData
<LI><a href="#[127]">&gt;&gt;</a>&nbsp;&nbsp;&nbsp;tcp_recved
<LI><a href="#[101]">&gt;&gt;</a>&nbsp;&nbsp;&nbsp;pbuf_free
</UL>
<BR>[Address Reference Count : 1]<UL><LI> server.o(.text)
</UL>
<P><STRONG><a name="[12e]"></a>connected_callback</STRONG> (Thumb, 48 bytes, Stack size 24 bytes, server.o(.text), UNUSED)
<BR><BR>[Calls]<UL><LI><a href="#[115]">&gt;&gt;</a>&nbsp;&nbsp;&nbsp;tcp_write
<LI><a href="#[116]">&gt;&gt;</a>&nbsp;&nbsp;&nbsp;tcp_output
<LI><a href="#[10e]">&gt;&gt;</a>&nbsp;&nbsp;&nbsp;strlen
</UL>

<P><STRONG><a name="[12f]"></a>free_etharp_q</STRONG> (Thumb, 64 bytes, Stack size 16 bytes, etharp.o(.text))
<BR><BR>[Stack]<UL><LI>Max Depth = 68<LI>Call Chain = free_etharp_q &rArr; pbuf_free &rArr; mem_free &rArr; plug_holes
</UL>
<BR>[Calls]<UL><LI><a href="#[101]">&gt;&gt;</a>&nbsp;&nbsp;&nbsp;pbuf_free
<LI><a href="#[130]">&gt;&gt;</a>&nbsp;&nbsp;&nbsp;memp_free
</UL>
<BR>[Called By]<UL><LI><a href="#[131]">&gt;&gt;</a>&nbsp;&nbsp;&nbsp;etharp_tmr
<LI><a href="#[132]">&gt;&gt;</a>&nbsp;&nbsp;&nbsp;find_entry
</UL>

<P><STRONG><a name="[132]"></a>find_entry</STRONG> (Thumb, 506 bytes, Stack size 48 bytes, etharp.o(.text))
<BR><BR>[Stack]<UL><LI>Max Depth = 116<LI>Call Chain = find_entry &rArr; free_etharp_q &rArr; pbuf_free &rArr; mem_free &rArr; plug_holes
</UL>
<BR>[Calls]<UL><LI><a href="#[12f]">&gt;&gt;</a>&nbsp;&nbsp;&nbsp;free_etharp_q
</UL>
<BR>[Called By]<UL><LI><a href="#[13d]">&gt;&gt;</a>&nbsp;&nbsp;&nbsp;etharp_query
<LI><a href="#[138]">&gt;&gt;</a>&nbsp;&nbsp;&nbsp;etharp_find_addr
<LI><a href="#[135]">&gt;&gt;</a>&nbsp;&nbsp;&nbsp;update_arp_entry
</UL>

<P><STRONG><a name="[133]"></a>etharp_send_ip</STRONG> (Thumb, 78 bytes, Stack size 32 bytes, etharp.o(.text))
<BR><BR>[Stack]<UL><LI>Max Depth = 32<LI>Call Chain = etharp_send_ip
</UL>
<BR>[Calls]<UL><LI><a href="#[134]">&gt;&gt;</a>&nbsp;&nbsp;&nbsp;htons
</UL>
<BR>[Called By]<UL><LI><a href="#[4c]">&gt;&gt;</a>&nbsp;&nbsp;&nbsp;etharp_output
<LI><a href="#[13d]">&gt;&gt;</a>&nbsp;&nbsp;&nbsp;etharp_query
<LI><a href="#[135]">&gt;&gt;</a>&nbsp;&nbsp;&nbsp;update_arp_entry
</UL>

<P><STRONG><a name="[135]"></a>update_arp_entry</STRONG> (Thumb, 244 bytes, Stack size 40 bytes, etharp.o(.text))
<BR><BR>[Stack]<UL><LI>Max Depth = 156<LI>Call Chain = update_arp_entry &rArr; find_entry &rArr; free_etharp_q &rArr; pbuf_free &rArr; mem_free &rArr; plug_holes
</UL>
<BR>[Calls]<UL><LI><a href="#[101]">&gt;&gt;</a>&nbsp;&nbsp;&nbsp;pbuf_free
<LI><a href="#[137]">&gt;&gt;</a>&nbsp;&nbsp;&nbsp;ntohl
<LI><a href="#[130]">&gt;&gt;</a>&nbsp;&nbsp;&nbsp;memp_free
<LI><a href="#[136]">&gt;&gt;</a>&nbsp;&nbsp;&nbsp;ip_addr_isbroadcast
<LI><a href="#[133]">&gt;&gt;</a>&nbsp;&nbsp;&nbsp;etharp_send_ip
<LI><a href="#[132]">&gt;&gt;</a>&nbsp;&nbsp;&nbsp;find_entry
</UL>
<BR>[Called By]<UL><LI><a href="#[13a]">&gt;&gt;</a>&nbsp;&nbsp;&nbsp;etharp_arp_input
<LI><a href="#[139]">&gt;&gt;</a>&nbsp;&nbsp;&nbsp;etharp_ip_input
</UL>

<P><STRONG><a name="[13b]"></a>etharp_raw</STRONG> (Thumb, 202 bytes, Stack size 40 bytes, etharp.o(.text))
<BR><BR>[Stack]<UL><LI>Max Depth = 132<LI>Call Chain = etharp_raw &rArr; pbuf_alloc &rArr; pbuf_free &rArr; mem_free &rArr; plug_holes
</UL>
<BR>[Calls]<UL><LI><a href="#[101]">&gt;&gt;</a>&nbsp;&nbsp;&nbsp;pbuf_free
<LI><a href="#[ff]">&gt;&gt;</a>&nbsp;&nbsp;&nbsp;pbuf_alloc
<LI><a href="#[134]">&gt;&gt;</a>&nbsp;&nbsp;&nbsp;htons
</UL>
<BR>[Called By]<UL><LI><a href="#[13c]">&gt;&gt;</a>&nbsp;&nbsp;&nbsp;etharp_request
</UL>

<P><STRONG><a name="[15f]"></a>NVIC_SetPriority</STRONG> (Thumb, 32 bytes, Stack size 8 bytes, stm32f107.o(.text))
<BR><BR>[Stack]<UL><LI>Max Depth = 8<LI>Call Chain = NVIC_SetPriority
</UL>
<BR>[Called By]<UL><LI><a href="#[6a]">&gt;&gt;</a>&nbsp;&nbsp;&nbsp;System_Setup
</UL>

<P><STRONG><a name="[165]"></a>plug_holes</STRONG> (Thumb, 168 bytes, Stack size 12 bytes, mem.o(.text))
<BR><BR>[Stack]<UL><LI>Max Depth = 12<LI>Call Chain = plug_holes
</UL>
<BR>[Called By]<UL><LI><a href="#[118]">&gt;&gt;</a>&nbsp;&nbsp;&nbsp;mem_free
</UL>

<P><STRONG><a name="[189]"></a>tcp_new_port</STRONG> (Thumb, 104 bytes, Stack size 0 bytes, tcp.o(.text))
<BR><BR>[Called By]<UL><LI><a href="#[109]">&gt;&gt;</a>&nbsp;&nbsp;&nbsp;tcp_connect
<LI><a href="#[108]">&gt;&gt;</a>&nbsp;&nbsp;&nbsp;tcp_bind
</UL>

<P><STRONG><a name="[51]"></a>tcp_accept_null</STRONG> (Thumb, 8 bytes, Stack size 0 bytes, tcp.o(.text))
<BR>[Address Reference Count : 1]<UL><LI> tcp.o(.text)
</UL>
<P><STRONG><a name="[52]"></a>tcp_recv_null</STRONG> (Thumb, 40 bytes, Stack size 24 bytes, tcp.o(.text))
<BR><BR>[Stack]<UL><LI>Max Depth = 396<LI>Call Chain = tcp_recv_null &rArr; tcp_close &rArr; tcp_pcb_remove &rArr; tcp_output &rArr; tcp_output_segment &rArr; ip_output &rArr; ip_output_if &rArr; ip_frag &rArr; pbuf_alloc &rArr; pbuf_free &rArr; mem_free &rArr; plug_holes
</UL>
<BR>[Calls]<UL><LI><a href="#[11a]">&gt;&gt;</a>&nbsp;&nbsp;&nbsp;tcp_close
<LI><a href="#[101]">&gt;&gt;</a>&nbsp;&nbsp;&nbsp;pbuf_free
</UL>
<BR>[Address Reference Count : 1]<UL><LI> tcp.o(.text)
</UL>
<P><STRONG><a name="[18e]"></a>tcp_kill_prio</STRONG> (Thumb, 78 bytes, Stack size 24 bytes, tcp.o(.text))
<BR><BR>[Stack]<UL><LI>Max Depth = 436<LI>Call Chain = tcp_kill_prio &rArr; tcp_abandon &rArr; tcp_pcb_remove &rArr; tcp_output &rArr; tcp_output_segment &rArr; ip_output &rArr; ip_output_if &rArr; ip_frag &rArr; pbuf_alloc &rArr; pbuf_free &rArr; mem_free &rArr; plug_holes
</UL>
<BR>[Calls]<UL><LI><a href="#[169]">&gt;&gt;</a>&nbsp;&nbsp;&nbsp;tcp_abandon
</UL>
<BR>[Called By]<UL><LI><a href="#[190]">&gt;&gt;</a>&nbsp;&nbsp;&nbsp;tcp_alloc
</UL>

<P><STRONG><a name="[18f]"></a>tcp_kill_timewait</STRONG> (Thumb, 52 bytes, Stack size 16 bytes, tcp.o(.text))
<BR><BR>[Stack]<UL><LI>Max Depth = 428<LI>Call Chain = tcp_kill_timewait &rArr; tcp_abandon &rArr; tcp_pcb_remove &rArr; tcp_output &rArr; tcp_output_segment &rArr; ip_output &rArr; ip_output_if &rArr; ip_frag &rArr; pbuf_alloc &rArr; pbuf_free &rArr; mem_free &rArr; plug_holes
</UL>
<BR>[Calls]<UL><LI><a href="#[169]">&gt;&gt;</a>&nbsp;&nbsp;&nbsp;tcp_abandon
</UL>
<BR>[Called By]<UL><LI><a href="#[190]">&gt;&gt;</a>&nbsp;&nbsp;&nbsp;tcp_alloc
</UL>

<P><STRONG><a name="[191]"></a>tcp_receive</STRONG> (Thumb, 1772 bytes, Stack size 48 bytes, tcp_in.o(.text))
<BR><BR>[Stack]<UL><LI>Max Depth = 412<LI>Call Chain = tcp_receive &rArr; tcp_rexmit &rArr; tcp_output &rArr; tcp_output_segment &rArr; ip_output &rArr; ip_output_if &rArr; ip_frag &rArr; pbuf_alloc &rArr; pbuf_free &rArr; mem_free &rArr; plug_holes
</UL>
<BR>[Calls]<UL><LI><a href="#[116]">&gt;&gt;</a>&nbsp;&nbsp;&nbsp;tcp_output
<LI><a href="#[192]">&gt;&gt;</a>&nbsp;&nbsp;&nbsp;tcp_rexmit
<LI><a href="#[18a]">&gt;&gt;</a>&nbsp;&nbsp;&nbsp;tcp_update_rcv_ann_wnd
<LI><a href="#[17e]">&gt;&gt;</a>&nbsp;&nbsp;&nbsp;tcp_seg_free
<LI><a href="#[193]">&gt;&gt;</a>&nbsp;&nbsp;&nbsp;pbuf_clen
<LI><a href="#[16e]">&gt;&gt;</a>&nbsp;&nbsp;&nbsp;pbuf_realloc
<LI><a href="#[141]">&gt;&gt;</a>&nbsp;&nbsp;&nbsp;pbuf_header
<LI><a href="#[137]">&gt;&gt;</a>&nbsp;&nbsp;&nbsp;ntohl
<LI><a href="#[176]">&gt;&gt;</a>&nbsp;&nbsp;&nbsp;ntohs
<LI><a href="#[134]">&gt;&gt;</a>&nbsp;&nbsp;&nbsp;htons
</UL>
<BR>[Called By]<UL><LI><a href="#[195]">&gt;&gt;</a>&nbsp;&nbsp;&nbsp;tcp_process
</UL>

<P><STRONG><a name="[194]"></a>tcp_parseopt</STRONG> (Thumb, 178 bytes, Stack size 32 bytes, tcp_in.o(.text))
<BR><BR>[Stack]<UL><LI>Max Depth = 36<LI>Call Chain = tcp_parseopt &rArr; ntohs
</UL>
<BR>[Calls]<UL><LI><a href="#[176]">&gt;&gt;</a>&nbsp;&nbsp;&nbsp;ntohs
</UL>
<BR>[Called By]<UL><LI><a href="#[196]">&gt;&gt;</a>&nbsp;&nbsp;&nbsp;tcp_listen_input
<LI><a href="#[195]">&gt;&gt;</a>&nbsp;&nbsp;&nbsp;tcp_process
</UL>

<P><STRONG><a name="[195]"></a>tcp_process</STRONG> (Thumb, 1454 bytes, Stack size 32 bytes, tcp_in.o(.text))
<BR><BR>[Stack]<UL><LI>Max Depth = 444<LI>Call Chain = tcp_process &rArr; tcp_receive &rArr; tcp_rexmit &rArr; tcp_output &rArr; tcp_output_segment &rArr; ip_output &rArr; ip_output_if &rArr; ip_frag &rArr; pbuf_alloc &rArr; pbuf_free &rArr; mem_free &rArr; plug_holes
</UL>
<BR>[Calls]<UL><LI><a href="#[116]">&gt;&gt;</a>&nbsp;&nbsp;&nbsp;tcp_output
<LI><a href="#[192]">&gt;&gt;</a>&nbsp;&nbsp;&nbsp;tcp_rexmit
<LI><a href="#[194]">&gt;&gt;</a>&nbsp;&nbsp;&nbsp;tcp_parseopt
<LI><a href="#[191]">&gt;&gt;</a>&nbsp;&nbsp;&nbsp;tcp_receive
<LI><a href="#[182]">&gt;&gt;</a>&nbsp;&nbsp;&nbsp;tcp_rst
<LI><a href="#[18b]">&gt;&gt;</a>&nbsp;&nbsp;&nbsp;tcp_eff_send_mss
<LI><a href="#[180]">&gt;&gt;</a>&nbsp;&nbsp;&nbsp;tcp_pcb_purge
<LI><a href="#[17e]">&gt;&gt;</a>&nbsp;&nbsp;&nbsp;tcp_seg_free
<LI><a href="#[169]">&gt;&gt;</a>&nbsp;&nbsp;&nbsp;tcp_abandon
<LI><a href="#[137]">&gt;&gt;</a>&nbsp;&nbsp;&nbsp;ntohl
</UL>
<BR>[Called By]<UL><LI><a href="#[198]">&gt;&gt;</a>&nbsp;&nbsp;&nbsp;tcp_input
</UL>

<P><STRONG><a name="[196]"></a>tcp_listen_input</STRONG> (Thumb, 278 bytes, Stack size 24 bytes, tcp_in.o(.text))
<BR><BR>[Stack]<UL><LI>Max Depth = 476<LI>Call Chain = tcp_listen_input &rArr; tcp_alloc &rArr; tcp_kill_prio &rArr; tcp_abandon &rArr; tcp_pcb_remove &rArr; tcp_output &rArr; tcp_output_segment &rArr; ip_output &rArr; ip_output_if &rArr; ip_frag &rArr; pbuf_alloc &rArr; pbuf_free &rArr; mem_free &rArr; plug_holes
</UL>
<BR>[Calls]<UL><LI><a href="#[116]">&gt;&gt;</a>&nbsp;&nbsp;&nbsp;tcp_output
<LI><a href="#[194]">&gt;&gt;</a>&nbsp;&nbsp;&nbsp;tcp_parseopt
<LI><a href="#[182]">&gt;&gt;</a>&nbsp;&nbsp;&nbsp;tcp_rst
<LI><a href="#[18d]">&gt;&gt;</a>&nbsp;&nbsp;&nbsp;tcp_enqueue
<LI><a href="#[190]">&gt;&gt;</a>&nbsp;&nbsp;&nbsp;tcp_alloc
<LI><a href="#[18b]">&gt;&gt;</a>&nbsp;&nbsp;&nbsp;tcp_eff_send_mss
<LI><a href="#[169]">&gt;&gt;</a>&nbsp;&nbsp;&nbsp;tcp_abandon
</UL>
<BR>[Called By]<UL><LI><a href="#[198]">&gt;&gt;</a>&nbsp;&nbsp;&nbsp;tcp_input
</UL>

<P><STRONG><a name="[197]"></a>tcp_timewait_input</STRONG> (Thumb, 72 bytes, Stack size 8 bytes, tcp_in.o(.text))
<BR><BR>[Stack]<UL><LI>Max Depth = 348<LI>Call Chain = tcp_timewait_input &rArr; tcp_output &rArr; tcp_output_segment &rArr; ip_output &rArr; ip_output_if &rArr; ip_frag &rArr; pbuf_alloc &rArr; pbuf_free &rArr; mem_free &rArr; plug_holes
</UL>
<BR>[Calls]<UL><LI><a href="#[116]">&gt;&gt;</a>&nbsp;&nbsp;&nbsp;tcp_output
</UL>
<BR>[Called By]<UL><LI><a href="#[198]">&gt;&gt;</a>&nbsp;&nbsp;&nbsp;tcp_input
</UL>

<P><STRONG><a name="[199]"></a>tcp_output_set_header</STRONG> (Thumb, 132 bytes, Stack size 32 bytes, tcp_out.o(.text))
<BR><BR>[Stack]<UL><LI>Max Depth = 36<LI>Call Chain = tcp_output_set_header &rArr; ntohs
</UL>
<BR>[Calls]<UL><LI><a href="#[10c]">&gt;&gt;</a>&nbsp;&nbsp;&nbsp;htonl
<LI><a href="#[176]">&gt;&gt;</a>&nbsp;&nbsp;&nbsp;ntohs
<LI><a href="#[134]">&gt;&gt;</a>&nbsp;&nbsp;&nbsp;htons
</UL>
<BR>[Called By]<UL><LI><a href="#[116]">&gt;&gt;</a>&nbsp;&nbsp;&nbsp;tcp_output
<LI><a href="#[184]">&gt;&gt;</a>&nbsp;&nbsp;&nbsp;tcp_zero_window_probe
<LI><a href="#[186]">&gt;&gt;</a>&nbsp;&nbsp;&nbsp;tcp_keepalive
</UL>

<P><STRONG><a name="[19a]"></a>tcp_output_segment</STRONG> (Thumb, 194 bytes, Stack size 32 bytes, tcp_out.o(.text))
<BR><BR>[Stack]<UL><LI>Max Depth = 284<LI>Call Chain = tcp_output_segment &rArr; ip_output &rArr; ip_output_if &rArr; ip_frag &rArr; pbuf_alloc &rArr; pbuf_free &rArr; mem_free &rArr; plug_holes
</UL>
<BR>[Calls]<UL><LI><a href="#[10c]">&gt;&gt;</a>&nbsp;&nbsp;&nbsp;htonl
<LI><a href="#[19b]">&gt;&gt;</a>&nbsp;&nbsp;&nbsp;ip_output
<LI><a href="#[178]">&gt;&gt;</a>&nbsp;&nbsp;&nbsp;ip_route
<LI><a href="#[137]">&gt;&gt;</a>&nbsp;&nbsp;&nbsp;ntohl
<LI><a href="#[134]">&gt;&gt;</a>&nbsp;&nbsp;&nbsp;htons
</UL>
<BR>[Called By]<UL><LI><a href="#[116]">&gt;&gt;</a>&nbsp;&nbsp;&nbsp;tcp_output
</UL>

<P><STRONG><a name="[1a3]"></a>icmp_send_response</STRONG> (Thumb, 118 bytes, Stack size 40 bytes, icmp.o(.text))
<BR><BR>[Stack]<UL><LI>Max Depth = 292<LI>Call Chain = icmp_send_response &rArr; ip_output &rArr; ip_output_if &rArr; ip_frag &rArr; pbuf_alloc &rArr; pbuf_free &rArr; mem_free &rArr; plug_holes
</UL>
<BR>[Calls]<UL><LI><a href="#[101]">&gt;&gt;</a>&nbsp;&nbsp;&nbsp;pbuf_free
<LI><a href="#[ff]">&gt;&gt;</a>&nbsp;&nbsp;&nbsp;pbuf_alloc
<LI><a href="#[1a4]">&gt;&gt;</a>&nbsp;&nbsp;&nbsp;inet_chksum
<LI><a href="#[19b]">&gt;&gt;</a>&nbsp;&nbsp;&nbsp;ip_output
<LI><a href="#[fb]">&gt;&gt;</a>&nbsp;&nbsp;&nbsp;__aeabi_memcpy
</UL>
<BR>[Called By]<UL><LI><a href="#[1a5]">&gt;&gt;</a>&nbsp;&nbsp;&nbsp;icmp_time_exceeded
<LI><a href="#[19d]">&gt;&gt;</a>&nbsp;&nbsp;&nbsp;icmp_dest_unreach
</UL>

<P><STRONG><a name="[1a8]"></a>lwip_standard_chksum</STRONG> (Thumb, 74 bytes, Stack size 24 bytes, inet_chksum.o(.text))
<BR><BR>[Stack]<UL><LI>Max Depth = 24<LI>Call Chain = lwip_standard_chksum
</UL>
<BR>[Calls]<UL><LI><a href="#[134]">&gt;&gt;</a>&nbsp;&nbsp;&nbsp;htons
</UL>
<BR>[Called By]<UL><LI><a href="#[1a9]">&gt;&gt;</a>&nbsp;&nbsp;&nbsp;inet_chksum_pseudo
<LI><a href="#[1a2]">&gt;&gt;</a>&nbsp;&nbsp;&nbsp;inet_chksum_pbuf
<LI><a href="#[1a4]">&gt;&gt;</a>&nbsp;&nbsp;&nbsp;inet_chksum
</UL>

<P><STRONG><a name="[1ad]"></a>ip_reass_dequeue_datagram</STRONG> (Thumb, 46 bytes, Stack size 16 bytes, ip_frag.o(.text))
<BR><BR>[Stack]<UL><LI>Max Depth = 16<LI>Call Chain = ip_reass_dequeue_datagram
</UL>
<BR>[Calls]<UL><LI><a href="#[130]">&gt;&gt;</a>&nbsp;&nbsp;&nbsp;memp_free
</UL>
<BR>[Called By]<UL><LI><a href="#[1ae]">&gt;&gt;</a>&nbsp;&nbsp;&nbsp;ip_reass_free_complete_datagram
<LI><a href="#[1ab]">&gt;&gt;</a>&nbsp;&nbsp;&nbsp;ip_reass
</UL>

<P><STRONG><a name="[1ae]"></a>ip_reass_free_complete_datagram</STRONG> (Thumb, 166 bytes, Stack size 32 bytes, ip_frag.o(.text))
<BR><BR>[Stack]<UL><LI>Max Depth = 340<LI>Call Chain = ip_reass_free_complete_datagram &rArr; icmp_time_exceeded &rArr; icmp_send_response &rArr; ip_output &rArr; ip_output_if &rArr; ip_frag &rArr; pbuf_alloc &rArr; pbuf_free &rArr; mem_free &rArr; plug_holes
</UL>
<BR>[Calls]<UL><LI><a href="#[101]">&gt;&gt;</a>&nbsp;&nbsp;&nbsp;pbuf_free
<LI><a href="#[1ad]">&gt;&gt;</a>&nbsp;&nbsp;&nbsp;ip_reass_dequeue_datagram
<LI><a href="#[1a5]">&gt;&gt;</a>&nbsp;&nbsp;&nbsp;icmp_time_exceeded
<LI><a href="#[193]">&gt;&gt;</a>&nbsp;&nbsp;&nbsp;pbuf_clen
<LI><a href="#[fb]">&gt;&gt;</a>&nbsp;&nbsp;&nbsp;__aeabi_memcpy
</UL>
<BR>[Called By]<UL><LI><a href="#[1af]">&gt;&gt;</a>&nbsp;&nbsp;&nbsp;ip_reass_tmr
<LI><a href="#[1b0]">&gt;&gt;</a>&nbsp;&nbsp;&nbsp;ip_reass_remove_oldest_datagram
</UL>

<P><STRONG><a name="[1b0]"></a>ip_reass_remove_oldest_datagram</STRONG> (Thumb, 118 bytes, Stack size 40 bytes, ip_frag.o(.text))
<BR><BR>[Stack]<UL><LI>Max Depth = 380<LI>Call Chain = ip_reass_remove_oldest_datagram &rArr; ip_reass_free_complete_datagram &rArr; icmp_time_exceeded &rArr; icmp_send_response &rArr; ip_output &rArr; ip_output_if &rArr; ip_frag &rArr; pbuf_alloc &rArr; pbuf_free &rArr; mem_free &rArr; plug_holes
</UL>
<BR>[Calls]<UL><LI><a href="#[1ae]">&gt;&gt;</a>&nbsp;&nbsp;&nbsp;ip_reass_free_complete_datagram
</UL>
<BR>[Called By]<UL><LI><a href="#[1b1]">&gt;&gt;</a>&nbsp;&nbsp;&nbsp;ip_reass_enqueue_new_datagram
<LI><a href="#[1ab]">&gt;&gt;</a>&nbsp;&nbsp;&nbsp;ip_reass
</UL>

<P><STRONG><a name="[1b1]"></a>ip_reass_enqueue_new_datagram</STRONG> (Thumb, 80 bytes, Stack size 16 bytes, ip_frag.o(.text))
<BR><BR>[Stack]<UL><LI>Max Depth = 396<LI>Call Chain = ip_reass_enqueue_new_datagram &rArr; ip_reass_remove_oldest_datagram &rArr; ip_reass_free_complete_datagram &rArr; icmp_time_exceeded &rArr; icmp_send_response &rArr; ip_output &rArr; ip_output_if &rArr; ip_frag &rArr; pbuf_alloc &rArr; pbuf_free &rArr; mem_free &rArr; plug_holes
</UL>
<BR>[Calls]<UL><LI><a href="#[1b0]">&gt;&gt;</a>&nbsp;&nbsp;&nbsp;ip_reass_remove_oldest_datagram
<LI><a href="#[140]">&gt;&gt;</a>&nbsp;&nbsp;&nbsp;memp_malloc
<LI><a href="#[17d]">&gt;&gt;</a>&nbsp;&nbsp;&nbsp;__aeabi_memclr4
<LI><a href="#[fb]">&gt;&gt;</a>&nbsp;&nbsp;&nbsp;__aeabi_memcpy
</UL>
<BR>[Called By]<UL><LI><a href="#[1ab]">&gt;&gt;</a>&nbsp;&nbsp;&nbsp;ip_reass
</UL>

<P><STRONG><a name="[1b2]"></a>ip_reass_chain_frag_into_datagram_and_validate</STRONG> (Thumb, 418 bytes, Stack size 48 bytes, ip_frag.o(.text))
<BR><BR>[Stack]<UL><LI>Max Depth = 100<LI>Call Chain = ip_reass_chain_frag_into_datagram_and_validate &rArr; pbuf_free &rArr; mem_free &rArr; plug_holes
</UL>
<BR>[Calls]<UL><LI><a href="#[101]">&gt;&gt;</a>&nbsp;&nbsp;&nbsp;pbuf_free
<LI><a href="#[193]">&gt;&gt;</a>&nbsp;&nbsp;&nbsp;pbuf_clen
<LI><a href="#[176]">&gt;&gt;</a>&nbsp;&nbsp;&nbsp;ntohs
</UL>
<BR>[Called By]<UL><LI><a href="#[1ab]">&gt;&gt;</a>&nbsp;&nbsp;&nbsp;ip_reass
</UL>

<P><STRONG><a name="[1c4]"></a>_fadd1</STRONG> (Thumb, 0 bytes, Stack size unknown bytes, faddsub_clz.o(x$fpl$fadd), UNUSED)
<BR><BR>[Called By]<UL><LI><a href="#[1c3]">&gt;&gt;</a>&nbsp;&nbsp;&nbsp;_fsub
</UL>

<P><STRONG><a name="[1be]"></a>_fsub1</STRONG> (Thumb, 0 bytes, Stack size unknown bytes, faddsub_clz.o(x$fpl$fsub), UNUSED)
<BR><BR>[Called By]<UL><LI><a href="#[1bd]">&gt;&gt;</a>&nbsp;&nbsp;&nbsp;_fadd
</UL>

<P><STRONG><a name="[54]"></a>_printf_input_char</STRONG> (Thumb, 10 bytes, Stack size 0 bytes, _printf_char_common.o(.text))
<BR>[Address Reference Count : 1]<UL><LI> _printf_char_common.o(.text)
</UL><P>
<H3>
Undefined Global Symbols
</H3><HR></body></html>
