<html>
<body>
<pre>
<h1>µVision Build Log</h1>
<h2>Tool Versions:</h2>
IDE-Version: µVision V5.12.0.0
Copyright (C) 2014 ARM Ltd and ARM Germany GmbH. All rights reserved.
License Information: AAA AAA, AAA, LIC=3UUGK-ZG3QW-8W32D-8FIXJ-0XQRU-2FU4N
 
Tool Versions:
Toolchain:       MDK-ARM Professional  Version: 5.12.0.0
Toolchain Path:  C:\Keil_v5\ARM\ARMCC\Bin
C Compiler:      Armcc.exe V5.05 (build 41)
Assembler:       Armasm.exe V5.05 (build 41)
Linker/Locator:  ArmLink.exe V5.05 (build 41)
Library Manager: ArmAr.exe V5.05 (build 41)
Hex Converter:   FromElf.exe V5.05 (build 41)
CPU DLL:         SARMCM3.DLL V5.12.0.0
Dialog DLL:      DCM.DLL V1.13.0.0
    Target DLL: Segger\JL2CM3.dll
Dialog DLL:      TCM.DLL V1.14.2.0
 
<h2>Project:</h2>
D:\ ÓÏ“Âı+\KEIL_PROJ\Servo F107 27.01.15(work DONT TOUCH)\Servo.uvprojx
Project File Date:  12/15/2014

<h2>Output:</h2>
Build target 'Target 1'
compiling InitS.c...
linking...
Program Size: Code=47390 RO-data=5114 RW-data=624 ZI-data=51248  
FromELF: creating hex file...
".\Objects\test1.axf" - 0 Error(s), 0 Warning(s).

<h2>Collection of Component include folders:</h2>
  D:\ ÓÏ“Âı+\KEIL_PROJ\Servo F107 27.01.15(work DONT TOUCH)\RTE
  C:\Keil_v5\ARM\PACK\Keil\STM32F1xx_DFP\1.0.5\Device\Include

<h2>Collection of Component Files used:</h2>
Load "D:\\ ÓÏ“Âı+\\KEIL_PROJ\\Servo F107 27.01.15(work DONT TOUCH)\\Objects\\test1.axf" 
Set JLink Project File to "D:\ ÓÏ“Âı+\KEIL_PROJ\Servo F107 27.01.15(work DONT TOUCH)\JLinkSettings.ini"
* JLink Info: Device "STM32F107VC" selected (256 KB flash, 64 KB RAM).
 
JLink info:
------------
DLL: V4.91b, compiled Sep 15 2014 09:17:56
Firmware: J-Link ARM V8 compiled Jul 17 2014 12:31:18
Hardware: V8.00
S/N : 11111118 
 
* JLink Info: TotalIRLen = 9, IRPrint = 0x0011
* JLink Info: TotalIRLen = 9, IRPrint = 0x0011
* JLink Info: Found Cortex-M3 r1p1, Little endian.
* JLink Info: FPUnit: 6 code (BP) slots and 2 literal slots
* JLink Info: TPIU fitted.
* JLink Info: ETM fitted.
ROMTableAddr = 0xE00FF003
 
Target info:
------------
Device: STM32F107VC
VTarget = 3.319V
State of Pins: 
TCK: 1, TDI: 0, TDO: 0, TMS: 0, TRES: 1, TRST: 1
Hardware-Breakpoints: 6
Software-Breakpoints: 8192
Watchpoints:          4
JTAG speed: 2000 kHz
 
Erase Done.
Programming Done.
Verify OK.
</pre>
</body>
</html>
failed  -  Target DLL has been cancelled
Load "D:\\ ÓÏ“Âı+\\KEIL_PROJ\\Servo F107 27.01.15(work DONT TOUCH)\\Objects\\test1.axf" 
Set JLink Project File to "D:\ ÓÏ“Âı+\KEIL_PROJ\Servo F107 27.01.15(work DONT TOUCH)\JLinkSettings.ini"
* JLink Info: Device "STM32F107VC" selected (256 KB flash, 64 KB RAM).
 
JLink info:
------------
DLL: V4.91b, compiled Sep 15 2014 09:17:56
Firmware: J-Link ARM V8 compiled Jul 17 2014 12:31:18
Hardware: V8.00
S/N : 11111118 
 
* JLink Info: TotalIRLen = 9, IRPrint = 0x0011
* JLink Info: TotalIRLen = 9, IRPrint = 0x0011
* JLink Info: Found Cortex-M3 r1p1, Little endian.
* JLink Info: FPUnit: 6 code (BP) slots and 2 literal slots
* JLink Info: TPIU fitted.
* JLink Info: ETM fitted.
ROMTableAddr = 0xE00FF003
 
Target info:
------------
Device: STM32F107VC
VTarget = 3.306V
State of Pins: 
TCK: 1, TDI: 0, TDO: 0, TMS: 0, TRES: 1, TRST: 1
Hardware-Breakpoints: 6
Software-Breakpoints: 8192
Watchpoints:          4
JTAG speed: 2000 kHz
 
Erase Done.
Programming Done.
Verify OK.
): warning:  #177-D: variable "m" was declared but never referenced
        int i=2,gh=4,m=0;
ETH\Utilities\lwip-1.3.1\port\server.c(263): warning:  #177-D: function "connected_callback" was declared but never referenced
  static err_t connected_callback(void *arg, struct tcp_pcb *tpcb, err_t err)
ETH\Utilities\lwip-1.3.1\port\server.c: 15 warnings, 0 errors
linking...
Program Size: Code=45554 RO-data=5114 RW-data=624 ZI-data=51248  
FromELF: creating hex file...
".\Objects\test1.axf" - 0 Error(s), 19 Warning(s).

<h2>Collection of Component include folders:</h2>
  D:\ ÓÏ“Âı+\KEIL_PROJ\Servo F107 27.01.15(work DONT TOUCH)\RTE
  C:\Keil_v5\ARM\PACK\Keil\STM32F1xx_DFP\1.0.5\Device\Include

<h2>Collection of Component Files used:</h2>
Load "D:\\ ÓÏ“Âı+\\KEIL_PROJ\\Servo F107 27.01.15(work DONT TOUCH)\\Objects\\test1.axf" 
Set JLink Project File to "D:\ ÓÏ“Âı+\KEIL_PROJ\Servo F107 27.01.15(work DONT TOUCH)\JLinkSettings.ini"
* JLink Info: Device "STM32F107VC" selected (256 KB flash, 64 KB RAM).
 
JLink info:
------------
DLL: V4.91b, compiled Sep 15 2014 09:17:56
Firmware: J-Link ARM V8 compiled Jul 17 2014 12:31:18
Hardware: V8.00
S/N : 11111118 
 
* JLink Info: TotalIRLen = 9, IRPrint = 0x0011
* JLink Info: TotalIRLen = 9, IRPrint = 0x0011
* JLink Info: Found Cortex-M3 r1p1, Little endian.
* JLink Info: FPUnit: 6 code (BP) slots and 2 literal slots
* JLink Info: TPIU fitted.
* JLink Info: ETM fitted.
ROMTableAddr = 0xE00FF003
 
Target info:
------------
Device: STM32F107VC
VTarget = 3.313V
State of Pins: 
TCK: 1, TDI: 0, TDO: 0, TMS: 0, TRES: 1, TRST: 1
Hardware-Breakpoints: 6
Software-Breakpoints: 8192
Watchpoints:          4
JTAG speed: 2000 kHz
 
Erase Done.
Programming Done.
Verify OK.
"
                TIM2->CCER |= (TIM_CCER_CC2E);
My_Libs\InitS.c(70): error:  #18: expected a ")"
                        TIM2->CCMR1|= (TIM_CCMR1_OC2M_1 | TIM_CCMR1_OC2M_2);    
My_Libs\InitS.c(70): error:  #18: expected a ")"
                        TIM2->CCMR1|= (TIM_CCMR1_OC2M_1 | TIM_CCMR1_OC2M_2);    
My_Libs\InitS.c(72): error:  #18: expected a ")"
                TIM2->CCER |= (TIM_CCER_CC1E);
My_Libs\InitS.c: 0 warnings, 30 errors
compiling server.c...
.\My_Libs\Set_angle.h(2): warning:  #1-D: last line of file ends without a newline
  void set_pos_ms(int pos);
ETH\Utilities\lwip-1.3.1\port\server.c(69): warning:  #940-D: missing return statement at end of non-void function "socket_close"
  }
ETH\Utilities\lwip-1.3.1\port\server.c(97): warning:  #940-D: missing return statement at end of non-void function "tcp_poll_callback"
  }
ETH\Utilities\lwip-1.3.1\port\server.c(140): warning:  #177-D: variable "upcb" was declared but never referenced
                struct udp_pcb *upcb; 
ETH\Utilities\lwip-1.3.1\port\server.c(336): warning:  #188-D: enumerated type mixed with another type
                STM_EVAL_LEDToggle(0);
ETH\Utilities\lwip-1.3.1\port\server.c(339): warning:  #188-D: enumerated type mixed with another type
                STM_EVAL_LEDToggle(1);
ETH\Utilities\lwip-1.3.1\port\server.c(342): warning:  #188-D: enumerated type mixed with another type
                STM_EVAL_LEDToggle(2);
ETH\Utilities\lwip-1.3.1\port\server.c(345): warning:  #188-D: enumerated type mixed with another type
                STM_EVAL_LEDToggle(3);
ETH\Utilities\lwip-1.3.1\port\server.c(358): warning:  #177-D: variable "i" was declared but never referenced
        int i=2,bufMas=4,m=0;
ETH\Utilities\lwip-1.3.1\port\server.c(416): warning:  #940-D: missing return statement at end of non-void function "tcp_server_recv"
  }
ETH\Utilities\lwip-1.3.1\port\server.c(401): warning:  #177-D: variable "l" was declared but never referenced
        int l=0;
ETH\Utilities\lwip-1.3.1\port\server.c(402): warning:  #177-D: variable "i" was declared but never referenced
        int i=2,gh=4,m=0;
ETH\Utilities\lwip-1.3.1\port\server.c(402): warning:  #177-D: variable "gh" was declared but never referenced
        int i=2,gh=4,m=0;
ETH\Utilities\lwip-1.3.1\port\server.c(402): warning:  #177-D: variable "m" was declared but never referenced
        int i=2,gh=4,m=0;
ETH\Utilities\lwip-1.3.1\port\server.c(263): warning:  #177-D: function "connected_callback" was declared but never referenced
  static err_t connected_callback(void *arg, struct tcp_pcb *tpcb, err_t err)
ETH\Utilities\lwip-1.3.1\port\server.c: 15 warnings, 0 errors
".\Objects\test1.axf" - 30 Error(s), 19 Warning(s).

<h2>Collection of Component include folders:</h2>
  D:\ ÓÏ“Âı+\KEIL_PROJ\Servo F107 27.01.15(work DONT TOUCH)\RTE
  C:\Keil_v5\ARM\PACK\Keil\STM32F1xx_DFP\1.0.5\Device\Include

<h2>Collection of Component Files used:</h2>
Target not created.
