Component: ARM Compiler 5.05 (build 41) Tool: armlink [4d0eb9]

==============================================================================

Section Cross References

    main.o(.text) refers to netconf.o(.text) for LwIP_Periodic_Handle
    main.o(.text) refers to stm32f107.o(.text) for System_Setup
    main.o(.text) refers to inits.o(.text) for InitAll
    main.o(.text) refers to set_angle.o(.text) for set_pos
    main.o(.text) refers to server.o(.text) for init_TCPclient_listen
    main.o(.text) refers to main.o(.data) for LocalTime
    startup_stm32f10x_cl.o(STACK) refers (Special) to heapauxi.o(.text) for __use_two_region_memory
    startup_stm32f10x_cl.o(HEAP) refers (Special) to heapauxi.o(.text) for __use_two_region_memory
    startup_stm32f10x_cl.o(RESET) refers (Special) to heapauxi.o(.text) for __use_two_region_memory
    startup_stm32f10x_cl.o(RESET) refers to startup_stm32f10x_cl.o(STACK) for __initial_sp
    startup_stm32f10x_cl.o(RESET) refers to startup_stm32f10x_cl.o(.text) for Reset_Handler
    startup_stm32f10x_cl.o(RESET) refers to stm32f10x_it.o(.text) for NMI_Handler
    startup_stm32f10x_cl.o(.text) refers (Special) to heapauxi.o(.text) for __use_two_region_memory
    startup_stm32f10x_cl.o(.text) refers to system_stm32f10x.o(.text) for SystemInit
    startup_stm32f10x_cl.o(.text) refers to __main.o(!!!main) for __main
    startup_stm32f10x_cl.o(.text) refers to startup_stm32f10x_cl.o(HEAP) for Heap_Mem
    startup_stm32f10x_cl.o(.text) refers to startup_stm32f10x_cl.o(STACK) for Stack_Mem
    system_stm32f10x.o(.text) refers to system_stm32f10x.o(.data) for SystemCoreClock
    stm32f10x_adc.o(.text) refers to stm32f10x_rcc.o(.text) for RCC_APB2PeriphResetCmd
    stm32f10x_bkp.o(.text) refers to stm32f10x_rcc.o(.text) for RCC_BackupResetCmd
    stm32f10x_can.o(.text) refers to stm32f10x_rcc.o(.text) for RCC_APB1PeriphResetCmd
    stm32f10x_cec.o(.text) refers to stm32f10x_rcc.o(.text) for RCC_APB1PeriphResetCmd
    stm32f10x_dac.o(.text) refers to stm32f10x_rcc.o(.text) for RCC_APB1PeriphResetCmd
    stm32f10x_gpio.o(.text) refers to stm32f10x_rcc.o(.text) for RCC_APB2PeriphResetCmd
    stm32f10x_i2c.o(.text) refers to stm32f10x_rcc.o(.text) for RCC_APB1PeriphResetCmd
    stm32f10x_pwr.o(.text) refers to stm32f10x_rcc.o(.text) for RCC_APB1PeriphResetCmd
    stm32f10x_rcc.o(.text) refers to stm32f10x_rcc.o(.data) for APBAHBPrescTable
    stm32f10x_spi.o(.text) refers to stm32f10x_rcc.o(.text) for RCC_APB2PeriphResetCmd
    stm32f10x_tim.o(.text) refers to stm32f10x_rcc.o(.text) for RCC_APB2PeriphResetCmd
    stm32f10x_usart.o(.text) refers to stm32f10x_rcc.o(.text) for RCC_APB2PeriphResetCmd
    stm32f10x_wwdg.o(.text) refers to stm32f10x_rcc.o(.text) for RCC_APB1PeriphResetCmd
    inits.o(.text) refers to stm32f10x_rcc.o(.text) for RCC_APB2PeriphClockCmd
    inits.o(.text) refers to stm32f10x_gpio.o(.text) for GPIO_Init
    inits.o(.text) refers to stm32f10x_exti.o(.text) for EXTI_Init
    set_angle.o(.text) refers to fflt_clz.o(x$fpl$fflt) for __aeabi_i2f
    set_angle.o(.text) refers to fmul.o(x$fpl$fmul) for __aeabi_fmul
    set_angle.o(.text) refers to faddsub_clz.o(x$fpl$fadd) for __aeabi_fadd
    set_angle.o(.text) refers to ffixu.o(x$fpl$ffixu) for __aeabi_f2uiz
    stm32_eth.o(.text) refers to stm32f10x_rcc.o(.text) for RCC_AHBPeriphResetCmd
    stm32_eth.o(.text) refers to stm32_eth.o(.data) for DMATxDescToSet
    stm3210c_eval_ioe.o(.text) refers to stm32f10x_i2c.o(.text) for I2C_Init
    stm3210c_eval_ioe.o(.text) refers to stm3210c_eval_ioe.o(.data) for TimeOut
    stm3210c_eval_ioe.o(.text) refers to stm32f10x_rcc.o(.text) for RCC_APB1PeriphClockCmd
    stm3210c_eval_ioe.o(.text) refers to stm32f10x_gpio.o(.text) for GPIO_Init
    stm3210c_eval_ioe.o(.text) refers to stm32f10x_exti.o(.text) for EXTI_Init
    stm3210c_eval_ioe.o(.text) refers to misc.o(.text) for NVIC_Init
    stm3210c_eval_lcd.o(.text) refers to stm32f10x_gpio.o(.text) for GPIO_WriteBit
    stm3210c_eval_lcd.o(.text) refers to stm32f10x_spi.o(.text) for SPI_I2S_SendData
    stm3210c_eval_lcd.o(.text) refers to stm32f10x_rcc.o(.text) for RCC_APB2PeriphClockCmd
    stm3210c_eval_lcd.o(.text) refers to stm3210c_eval_lcd.o(.data) for TextColor
    stm3210c_eval_lcd.o(.text) refers to stm3210c_eval_lcd.o(.constdata) for ASCII_Table
    stm32_eval.o(.text) refers to stm32f10x_rcc.o(.text) for RCC_APB2PeriphClockCmd
    stm32_eval.o(.text) refers to stm32f10x_gpio.o(.text) for GPIO_Init
    stm32_eval.o(.text) refers to stm32f10x_exti.o(.text) for EXTI_Init
    stm32_eval.o(.text) refers to misc.o(.text) for NVIC_Init
    stm32_eval.o(.text) refers to stm32f10x_usart.o(.text) for USART_Init
    stm32_eval.o(.text) refers to stm32_eval.o(.constdata) for GPIO_CLK
    stm32_eval.o(.text) refers to stm32_eval.o(.data) for GPIO_PORT
    ethernetif.o(.text) refers to stm32_eth.o(.text) for ETH_MACAddressConfig
    ethernetif.o(.text) refers to rt_memcpy_v6.o(.text) for __aeabi_memcpy
[...]
    __rt_exit                                0x08000229   Thumb Code     0  rtexit.o(.ARM.Collect$$rtexit$$00000000)
    __rt_exit_ls                             0x0800022b   Thumb Code     0  rtexit2.o(.ARM.Collect$$rtexit$$00000003)
    __rt_exit_prels_1                        0x0800022b   Thumb Code     0  rtexit2.o(.ARM.Collect$$rtexit$$00000002)
    __rt_exit_exit                           0x0800022f   Thumb Code     0  rtexit2.o(.ARM.Collect$$rtexit$$00000004)
    System_Periodic_Handle                   0x08000235   Thumb Code    12  main.o(.text)
    main                                     0x08000241   Thumb Code    36  main.o(.text)
    Delay                                    0x08000265   Thumb Code    26  main.o(.text)
    Time_Update                              0x0800027f   Thumb Code    12  main.o(.text)
    Reset_Handler                            0x08000295   Thumb Code     8  startup_stm32f10x_cl.o(.text)
    ADC1_2_IRQHandler                        0x080002af   Thumb Code     0  startup_stm32f10x_cl.o(.text)
    CAN1_RX0_IRQHandler                      0x080002af   Thumb Code     0  startup_stm32f10x_cl.o(.text)
    CAN1_RX1_IRQHandler                      0x080002af   Thumb Code     0  startup_stm32f10x_cl.o(.text)
    CAN1_SCE_IRQHandler                      0x080002af   Thumb Code     0  startup_stm32f10x_cl.o(.text)
    CAN1_TX_IRQHandler                       0x080002af   Thumb Code     0  startup_stm32f10x_cl.o(.text)
    CAN2_RX0_IRQHandler                      0x080002af   Thumb Code     0  startup_stm32f10x_cl.o(.text)
    CAN2_RX1_IRQHandler                      0x080002af   Thumb Code     0  startup_stm32f10x_cl.o(.text)
    CAN2_SCE_IRQHandler                      0x080002af   Thumb Code     0  startup_stm32f10x_cl.o(.text)
    CAN2_TX_IRQHandler                       0x080002af   Thumb Code     0  startup_stm32f10x_cl.o(.text)
    DMA1_Channel1_IRQHandler                 0x080002af   Thumb Code     0  startup_stm32f10x_cl.o(.text)
    DMA1_Channel2_IRQHandler                 0x080002af   Thumb Code     0  startup_stm32f10x_cl.o(.text)
    DMA1_Channel3_IRQHandler                 0x080002af   Thumb Code     0  startup_stm32f10x_cl.o(.text)
    DMA1_Channel4_IRQHandler                 0x080002af   Thumb Code     0  startup_stm32f10x_cl.o(.text)
    DMA1_Channel5_IRQHandler                 0x080002af   Thumb Code     0  startup_stm32f10x_cl.o(.text)
    DMA1_Channel6_IRQHandler                 0x080002af   Thumb Code     0  startup_stm32f10x_cl.o(.text)
    DMA1_Channel7_IRQHandler                 0x080002af   Thumb Code     0  startup_stm32f10x_cl.o(.text)
    DMA2_Channel1_IRQHandler                 0x080002af   Thumb Code     0  startup_stm32f10x_cl.o(.text)
    DMA2_Channel2_IRQHandler                 0x080002af   Thumb Code     0  startup_stm32f10x_cl.o(.text)
    DMA2_Channel3_IRQHandler                 0x080002af   Thumb Code     0  startup_stm32f10x_cl.o(.text)
    DMA2_Channel4_IRQHandler                 0x080002af   Thumb Code     0  startup_stm32f10x_cl.o(.text)
    DMA2_Channel5_IRQHandler                 0x080002af   Thumb Code     0  startup_stm32f10x_cl.o(.text)
    ETH_WKUP_IRQHandler                      0x080002af   Thumb Code     0  startup_stm32f10x_cl.o(.text)
    EXTI0_IRQHandler                         0x080002af   Thumb Code     0  startup_stm32f10x_cl.o(.text)
    EXTI1_IRQHandler                         0x080002af   Thumb Code     0  startup_stm32f10x_cl.o(.text)
    EXTI2_IRQHandler                         0x080002af   Thumb Code     0  startup_stm32f10x_cl.o(.text)
    EXTI3_IRQHandler                         0x080002af   Thumb Code     0  startup_stm32f10x_cl.o(.text)
    EXTI4_IRQHandler                         0x080002af   Thumb Code     0  startup_stm32f10x_cl.o(.text)
    EXTI9_5_IRQHandler                       0x080002af   Thumb Code     0  startup_stm32f10x_cl.o(.text)
    FLASH_IRQHandler                         0x080002af   Thumb Code     0  startup_stm32f10x_cl.o(.text)
    I2C1_ER_IRQHandler                       0x080002af   Thumb Code     0  startup_stm32f10x_cl.o(.text)
    I2C1_EV_IRQHandler                       0x080002af   Thumb Code     0  startup_stm32f10x_cl.o(.text)
    I2C2_ER_IRQHandler                       0x080002af   Thumb Code     0  startup_stm32f10x_cl.o(.text)
    I2C2_EV_IRQHandler                       0x080002af   Thumb Code     0  startup_stm32f10x_cl.o(.text)
    OTG_FS_IRQHandler                        0x080002af   Thumb Code     0  startup_stm32f10x_cl.o(.text)
    OTG_FS_WKUP_IRQHandler                   0x080002af   Thumb Code     0  startup_stm32f10x_cl.o(.text)
    PVD_IRQHandler                           0x080002af   Thumb Code     0  startup_stm32f10x_cl.o(.text)
    RCC_IRQHandler                           0x080002af   Thumb Code     0  startup_stm32f10x_cl.o(.text)
    RTCAlarm_IRQHandler                      0x080002af   Thumb Code     0  startup_stm32f10x_cl.o(.text)
    RTC_IRQHandler                           0x080002af   Thumb Code     0  startup_stm32f10x_cl.o(.text)
    SPI1_IRQHandler                          0x080002af   Thumb Code     0  startup_stm32f10x_cl.o(.text)
    SPI2_IRQHandler                          0x080002af   Thumb Code     0  startup_stm32f10x_cl.o(.text)
    SPI3_IRQHandler                          0x080002af   Thumb Code     0  startup_stm32f10x_cl.o(.text)
    TAMPER_IRQHandler                        0x080002af   Thumb Code     0  startup_stm32f10x_cl.o(.text)
    TIM1_BRK_IRQHandler                      0x080002af   Thumb Code     0  startup_stm32f10x_cl.o(.text)
    TIM1_CC_IRQHandler                       0x080002af   Thumb Code     0  startup_stm32f10x_cl.o(.text)
    TIM1_TRG_COM_IRQHandler                  0x080002af   Thumb Code     0  startup_stm32f10x_cl.o(.text)
    TIM1_UP_IRQHandler                       0x080002af   Thumb Code     0  startup_stm32f10x_cl.o(.text)
    TIM2_IRQHandler                          0x080002af   Thumb Code     0  startup_stm32f10x_cl.o(.text)
    TIM3_IRQHandler                          0x080002af   Thumb Code     0  startup_stm32f10x_cl.o(.text)
    TIM4_IRQHandler                          0x080002af   Thumb Code     0  startup_stm32f10x_cl.o(.text)
    TIM5_IRQHandler                          0x080002af   Thumb Code     0  startup_stm32f10x_cl.o(.text)
    TIM6_IRQHandler                          0x080002af   Thumb Code     0  startup_stm32f10x_cl.o(.text)
    TIM7_IRQHandler                          0x080002af   Thumb Code     0  startup_stm32f10x_cl.o(.text)
    UART4_IRQHandler                         0x080002af   Thumb Code     0  startup_stm32f10x_cl.o(.text)
    UART5_IRQHandler                         0x080002af   Thumb Code     0  startup_stm32f10x_cl.o(.text)
    USART1_IRQHandler                        0x080002af   Thumb Code     0  startup_stm32f10x_cl.o(.text)
    USART2_IRQHandler                        0x080002af   Thumb Code     0  startup_stm32f10x_cl.o(.text)
    USART3_IRQHandler                        0x080002af   Thumb Code     0  startup_stm32f10x_cl.o(.text)
    WWDG_IRQHandler                          0x080002af   Thumb Code     0  startup_stm32f10x_cl.o(.text)
    __user_initial_stackheap                 0x080002b1   Thumb Code     0  startup_stm32f10x_cl.o(.text)
    SystemInit                               0x080003e5   Thumb Code    84  system_stm32f10x.o(.text)
    SystemCoreClockUpdate                    0x08000439   Thumb Code   232  system_stm32f10x.o(.text)
    NVIC_PriorityGroupConfig                 0x0800054d   Thumb Code    10  misc.o(.text)
    NVIC_Init                                0x08000557   Thumb Code   100  misc.o(.text)
    NVIC_SetVectorTable                      0x080005bb   Thumb Code    14  misc.o(.text)
    NVIC_SystemLPConfig                      0x080005c9   Thumb Code    34  misc.o(.text)
    SysTick_CLKSourceConfig                  0x080005eb   Thumb Code    40  misc.o(.text)
    ADC_DeInit                               0x08000629   Thumb Code    78  stm32f10x_adc.o(.text)
    ADC_Init                                 0x08000677   Thumb Code    70  stm32f10x_adc.o(.text)
    ADC_StructInit                           0x080006bd   Thumb Code    18  stm32f10x_adc.o(.text)
    ADC_Cmd                                  0x080006cf   Thumb Code    22  stm32f10x_adc.o(.text)
    ADC_DMACmd                               0x080006e5   Thumb Code    22  stm32f10x_adc.o(.text)
    ADC_ITConfig                             0x080006fb   Thumb Code    24  stm32f10x_adc.o(.text)
    ADC_ResetCalibration                     0x08000713   Thumb Code    10  stm32f10x_adc.o(.text)
    ADC_GetResetCalibrationStatus            0x0800071d   Thumb Code    20  stm32f10x_adc.o(.text)
    ADC_StartCalibration                     0x08000731   Thumb Code    10  stm32f10x_adc.o(.text)
    ADC_GetCalibrationStatus                 0x0800073b   Thumb Code    20  stm32f10x_adc.o(.text)
    ADC_SoftwareStartConvCmd                 0x0800074f   Thumb Code    22  stm32f10x_adc.o(.text)
    ADC_GetSoftwareStartConvStatus           0x08000765   Thumb Code    20  stm32f10x_adc.o(.text)
    ADC_DiscModeChannelCountConfig           0x08000779   Thumb Code    24  stm32f10x_adc.o(.text)
    ADC_DiscModeCmd                          0x08000791   Thumb Code    22  stm32f10x_adc.o(.text)
    ADC_RegularChannelConfig                 0x080007a7   Thumb Code   184  stm32f10x_adc.o(.text)
    ADC_ExternalTrigConvCmd                  0x0800085f   Thumb Code    22  stm32f10x_adc.o(.text)
    ADC_GetConversionValue                   0x08000875   Thumb Code     8  stm32f10x_adc.o(.text)
    ADC_GetDualModeConversionValue           0x0800087d   Thumb Code     8  stm32f10x_adc.o(.text)
    ADC_AutoInjectedConvCmd                  0x08000885   Thumb Code    22  stm32f10x_adc.o(.text)
    ADC_InjectedDiscModeCmd                  0x0800089b   Thumb Code    22  stm32f10x_adc.o(.text)
    ADC_ExternalTrigInjectedConvConfig       0x080008b1   Thumb Code    16  stm32f10x_adc.o(.text)
    ADC_ExternalTrigInjectedConvCmd          0x080008c1   Thumb Code    22  stm32f10x_adc.o(.text)
    ADC_SoftwareStartInjectedConvCmd         0x080008d7   Thumb Code    22  stm32f10x_adc.o(.text)
    ADC_GetSoftwareStartInjectedConvCmdStatus 0x080008ed   Thumb Code    20  stm32f10x_adc.o(.text)
    ADC_InjectedChannelConfig                0x08000901   Thumb Code   130  stm32f10x_adc.o(.text)
    ADC_InjectedSequencerLengthConfig        0x08000983   Thumb Code    24  stm32f10x_adc.o(.text)
    ADC_SetInjectedOffset                    0x0800099b   Thumb Code    20  stm32f10x_adc.o(.text)
    ADC_GetInjectedConversionValue           0x080009af   Thumb Code    28  stm32f10x_adc.o(.text)
    ADC_AnalogWatchdogCmd                    0x080009cb   Thumb Code    16  stm32f10x_adc.o(.text)
    ADC_AnalogWatchdogThresholdsConfig       0x080009db   Thumb Code     6  stm32f10x_adc.o(.text)
    ADC_AnalogWatchdogSingleChannelConfig    0x080009e1   Thumb Code    16  stm32f10x_adc.o(.text)
    ADC_TempSensorVrefintCmd                 0x080009f1   Thumb Code    64  stm32f10x_adc.o(.text)
    ADC_GetFlagStatus                        0x08000a31   Thumb Code    18  stm32f10x_adc.o(.text)
    ADC_ClearFlag                            0x08000a43   Thumb Code     6  stm32f10x_adc.o(.text)
    ADC_GetITStatus                          0x08000a49   Thumb Code    36  stm32f10x_adc.o(.text)
    ADC_ClearITPendingBit                    0x08000a6d   Thumb Code    10  stm32f10x_adc.o(.text)
    EXTI_DeInit                              0x08000a79   Thumb Code    28  stm32f10x_exti.o(.text)
    EXTI_Init                                0x08000a95   Thumb Code   142  stm32f10x_exti.o(.text)
    EXTI_StructInit                          0x08000b23   Thumb Code    16  stm32f10x_exti.o(.text)
    EXTI_GenerateSWInterrupt                 0x08000b33   Thumb Code    16  stm32f10x_exti.o(.text)
    EXTI_GetFlagStatus                       0x08000b43   Thumb Code    22  stm32f10x_exti.o(.text)
    EXTI_ClearFlag                           0x08000b59   Thumb Code     8  stm32f10x_exti.o(.text)
    EXTI_GetITStatus                         0x08000b61   Thumb Code    34  stm32f10x_exti.o(.text)
    EXTI_ClearITPendingBit                   0x08000b83   Thumb Code     8  stm32f10x_exti.o(.text)
    GPIO_DeInit                              0x08000b95   Thumb Code   172  stm32f10x_gpio.o(.text)
    GPIO_AFIODeInit                          0x08000c41   Thumb Code    20  stm32f10x_gpio.o(.text)
    GPIO_Init                                0x08000c55   Thumb Code   278  stm32f10x_gpio.o(.text)
    GPIO_StructInit                          0x08000d6b   Thumb Code    16  stm32f10x_gpio.o(.text)
    GPIO_ReadInputDataBit                    0x08000d7b   Thumb Code    18  stm32f10x_gpio.o(.text)
    GPIO_ReadInputData                       0x08000d8d   Thumb Code     8  stm32f10x_gpio.o(.text)
    GPIO_ReadOutputDataBit                   0x08000d95   Thumb Code    18  stm32f10x_gpio.o(.text)
    GPIO_ReadOutputData                      0x08000da7   Thumb Code     8  stm32f10x_gpio.o(.text)
    GPIO_SetBits                             0x08000daf   Thumb Code     4  stm32f10x_gpio.o(.text)
    GPIO_ResetBits                           0x08000db3   Thumb Code     4  stm32f10x_gpio.o(.text)
    GPIO_WriteBit                            0x08000db7   Thumb Code    10  stm32f10x_gpio.o(.text)
    GPIO_Write                               0x08000dc1   Thumb Code     4  stm32f10x_gpio.o(.text)
    GPIO_PinLockConfig                       0x08000dc5   Thumb Code    18  stm32f10x_gpio.o(.text)
    GPIO_EventOutputConfig                   0x08000dd7   Thumb Code    26  stm32f10x_gpio.o(.text)
    GPIO_EventOutputCmd                      0x08000df1   Thumb Code     6  stm32f10x_gpio.o(.text)
    GPIO_PinRemapConfig                      0x08000df7   Thumb Code   138  stm32f10x_gpio.o(.text)
    GPIO_EXTILineConfig                      0x08000e81   Thumb Code    66  stm32f10x_gpio.o(.text)
    GPIO_ETH_MediaInterfaceConfig            0x08000ec3   Thumb Code     8  stm32f10x_gpio.o(.text)
    I2C_DeInit                               0x08000ef1   Thumb Code    50  stm32f10x_i2c.o(.text)
    I2C_Init                                 0x08000f23   Thumb Code   222  stm32f10x_i2c.o(.text)
    I2C_StructInit                           0x08001001   Thumb Code    30  stm32f10x_i2c.o(.text)
    I2C_Cmd                                  0x0800101f   Thumb Code    24  stm32f10x_i2c.o(.text)
    I2C_DMACmd                               0x08001037   Thumb Code    24  stm32f10x_i2c.o(.text)
    I2C_DMALastTransferCmd                   0x0800104f   Thumb Code    24  stm32f10x_i2c.o(.text)
    I2C_GenerateSTART                        0x08001067   Thumb Code    24  stm32f10x_i2c.o(.text)
    I2C_GenerateSTOP                         0x0800107f   Thumb Code    24  stm32f10x_i2c.o(.text)
    I2C_AcknowledgeConfig                    0x08001097   Thumb Code    24  stm32f10x_i2c.o(.text)
    I2C_OwnAddress2Config                    0x080010af   Thumb Code    22  stm32f10x_i2c.o(.text)
    I2C_DualAddressCmd                       0x080010c5   Thumb Code    24  stm32f10x_i2c.o(.text)
    I2C_GeneralCallCmd                       0x080010dd   Thumb Code    24  stm32f10x_i2c.o(.text)
    I2C_ITConfig                             0x080010f5   Thumb Code    18  stm32f10x_i2c.o(.text)
    I2C_SendData                             0x08001107   Thumb Code     4  stm32f10x_i2c.o(.text)
    I2C_ReceiveData                          0x0800110b   Thumb Code     8  stm32f10x_i2c.o(.text)
    I2C_Send7bitAddress                      0x08001113   Thumb Code    18  stm32f10x_i2c.o(.text)
    I2C_ReadRegister                         0x08001125   Thumb Code    22  stm32f10x_i2c.o(.text)
    I2C_SoftwareResetCmd                     0x0800113b   Thumb Code    22  stm32f10x_i2c.o(.text)
    I2C_NACKPositionConfig                   0x08001151   Thumb Code    28  stm32f10x_i2c.o(.text)
    I2C_SMBusAlertConfig                     0x0800116d   Thumb Code    28  stm32f10x_i2c.o(.text)
    I2C_TransmitPEC                          0x08001189   Thumb Code    24  stm32f10x_i2c.o(.text)
    I2C_PECPositionConfig                    0x080011a1   Thumb Code    28  stm32f10x_i2c.o(.text)
    I2C_CalculatePEC                         0x080011bd   Thumb Code    24  stm32f10x_i2c.o(.text)
    I2C_GetPEC                               0x080011d5   Thumb Code     8  stm32f10x_i2c.o(.text)
    I2C_ARPCmd                               0x080011dd   Thumb Code    24  stm32f10x_i2c.o(.text)
    I2C_StretchClockCmd                      0x080011f5   Thumb Code    24  stm32f10x_i2c.o(.text)
    I2C_FastModeDutyCycleConfig              0x0800120d   Thumb Code    28  stm32f10x_i2c.o(.text)
    I2C_CheckEvent                           0x08001229   Thumb Code    42  stm32f10x_i2c.o(.text)
    I2C_GetLastEvent                         0x08001253   Thumb Code    26  stm32f10x_i2c.o(.text)
    I2C_GetFlagStatus                        0x0800126d   Thumb Code    58  stm32f10x_i2c.o(.text)
    I2C_ClearFlag                            0x080012a7   Thumb Code    12  stm32f10x_i2c.o(.text)
    I2C_GetITStatus                          0x080012b3   Thumb Code    54  stm32f10x_i2c.o(.text)
    I2C_ClearITPendingBit                    0x080012e9   Thumb Code    12  stm32f10x_i2c.o(.text)
    RCC_DeInit                               0x080012f5   Thumb Code    78  stm32f10x_rcc.o(.text)
    RCC_HSEConfig                            0x08001343   Thumb Code    70  stm32f10x_rcc.o(.text)
    RCC_GetFlagStatus                        0x08001389   Thumb Code    56  stm32f10x_rcc.o(.text)
    RCC_WaitForHSEStartUp                    0x080013c1   Thumb Code    56  stm32f10x_rcc.o(.text)
    RCC_AdjustHSICalibrationValue            0x080013f9   Thumb Code    20  stm32f10x_rcc.o(.text)
    RCC_HSICmd                               0x0800140d   Thumb Code     6  stm32f10x_rcc.o(.text)
    RCC_PLLConfig                            0x08001413   Thumb Code    24  stm32f10x_rcc.o(.text)
    RCC_PLLCmd                               0x0800142b   Thumb Code     6  stm32f10x_rcc.o(.text)
    RCC_PREDIV1Config                        0x08001431   Thumb Code    24  stm32f10x_rcc.o(.text)
    RCC_PREDIV2Config                        0x08001449   Thumb Code    18  stm32f10x_rcc.o(.text)
    RCC_PLL2Config                           0x0800145b   Thumb Code    18  stm32f10x_rcc.o(.text)
    RCC_PLL2Cmd                              0x0800146d   Thumb Code     6  stm32f10x_rcc.o(.text)
    RCC_PLL3Config                           0x08001473   Thumb Code    18  stm32f10x_rcc.o(.text)
    RCC_PLL3Cmd                              0x08001485   Thumb Code     6  stm32f10x_rcc.o(.text)
    RCC_SYSCLKConfig                         0x0800148b   Thumb Code    18  stm32f10x_rcc.o(.text)
    RCC_GetSYSCLKSource                      0x0800149d   Thumb Code    10  stm32f10x_rcc.o(.text)
    RCC_HCLKConfig                           0x080014a7   Thumb Code    18  stm32f10x_rcc.o(.text)
    RCC_PCLK1Config                          0x080014b9   Thumb Code    18  stm32f10x_rcc.o(.text)
    RCC_PCLK2Config                          0x080014cb   Thumb Code    20  stm32f10x_rcc.o(.text)
    RCC_ITConfig                             0x080014df   Thumb Code    26  stm32f10x_rcc.o(.text)
    RCC_OTGFSCLKConfig                       0x080014f9   Thumb Code     8  stm32f10x_rcc.o(.text)
    RCC_ADCCLKConfig                         0x08001501   Thumb Code    18  stm32f10x_rcc.o(.text)
    RCC_I2S2CLKConfig                        0x08001513   Thumb Code     6  stm32f10x_rcc.o(.text)
    RCC_I2S3CLKConfig                        0x08001519   Thumb Code     8  stm32f10x_rcc.o(.text)
    RCC_LSEConfig                            0x08001521   Thumb Code    50  stm32f10x_rcc.o(.text)
    RCC_LSICmd                               0x08001553   Thumb Code     6  stm32f10x_rcc.o(.text)
    RCC_RTCCLKConfig                         0x08001559   Thumb Code    12  stm32f10x_rcc.o(.text)
    RCC_RTCCLKCmd                            0x08001565   Thumb Code     8  stm32f10x_rcc.o(.text)
    RCC_GetClocksFreq                        0x0800156d   Thumb Code   424  stm32f10x_rcc.o(.text)
    RCC_AHBPeriphClockCmd                    0x08001715   Thumb Code    26  stm32f10x_rcc.o(.text)
    RCC_APB2PeriphClockCmd                   0x0800172f   Thumb Code    26  stm32f10x_rcc.o(.text)
    RCC_APB1PeriphClockCmd                   0x08001749   Thumb Code    26  stm32f10x_rcc.o(.text)
    RCC_AHBPeriphResetCmd                    0x08001763   Thumb Code    26  stm32f10x_rcc.o(.text)
    RCC_APB2PeriphResetCmd                   0x0800177d   Thumb Code    26  stm32f10x_rcc.o(.text)
    RCC_APB1PeriphResetCmd                   0x08001797   Thumb Code    26  stm32f10x_rcc.o(.text)
    RCC_BackupResetCmd                       0x080017b1   Thumb Code     6  stm32f10x_rcc.o(.text)
    RCC_ClockSecuritySystemCmd               0x080017b7   Thumb Code     6  stm32f10x_rcc.o(.text)
    RCC_MCOConfig                            0x080017bd   Thumb Code     6  stm32f10x_rcc.o(.text)
    RCC_ClearFlag                            0x080017c3   Thumb Code    14  stm32f10x_rcc.o(.text)
    RCC_GetITStatus                          0x080017d1   Thumb Code    20  stm32f10x_rcc.o(.text)
    RCC_ClearITPendingBit                    0x080017e5   Thumb Code     6  stm32f10x_rcc.o(.text)
    SPI_I2S_DeInit                           0x080017f9   Thumb Code    76  stm32f10x_spi.o(.text)
    SPI_Init                                 0x08001845   Thumb Code    60  stm32f10x_spi.o(.text)
    I2S_Init                                 0x08001881   Thumb Code   292  stm32f10x_spi.o(.text)
    SPI_StructInit                           0x080019a5   Thumb Code    24  stm32f10x_spi.o(.text)
    I2S_StructInit                           0x080019bd   Thumb Code    20  stm32f10x_spi.o(.text)
    SPI_Cmd                                  0x080019d1   Thumb Code    24  stm32f10x_spi.o(.text)
    I2S_Cmd                                  0x080019e9   Thumb Code    24  stm32f10x_spi.o(.text)
    SPI_I2S_ITConfig                         0x08001a01   Thumb Code    32  stm32f10x_spi.o(.text)
    SPI_I2S_DMACmd                           0x08001a21   Thumb Code    18  stm32f10x_spi.o(.text)
    SPI_I2S_SendData                         0x08001a33   Thumb Code     4  stm32f10x_spi.o(.text)
    SPI_I2S_ReceiveData                      0x08001a37   Thumb Code     6  stm32f10x_spi.o(.text)
    SPI_NSSInternalSoftwareConfig            0x08001a3d   Thumb Code    30  stm32f10x_spi.o(.text)
    SPI_SSOutputCmd                          0x08001a5b   Thumb Code    24  stm32f10x_spi.o(.text)
    SPI_DataSizeConfig                       0x08001a73   Thumb Code    18  stm32f10x_spi.o(.text)
    SPI_TransmitCRC                          0x08001a85   Thumb Code    10  stm32f10x_spi.o(.text)
    SPI_CalculateCRC                         0x08001a8f   Thumb Code    24  stm32f10x_spi.o(.text)
    SPI_GetCRC                               0x08001aa7   Thumb Code    16  stm32f10x_spi.o(.text)
    SPI_GetCRCPolynomial                     0x08001ab7   Thumb Code     6  stm32f10x_spi.o(.text)
    SPI_BiDirectionalLineConfig              0x08001abd   Thumb Code    28  stm32f10x_spi.o(.text)
    SPI_I2S_GetFlagStatus                    0x08001ad9   Thumb Code    18  stm32f10x_spi.o(.text)
    SPI_I2S_ClearFlag                        0x08001aeb   Thumb Code     6  stm32f10x_spi.o(.text)
    SPI_I2S_GetITStatus                      0x08001af1   Thumb Code    52  stm32f10x_spi.o(.text)
    SPI_I2S_ClearITPendingBit                0x08001b25   Thumb Code    20  stm32f10x_spi.o(.text)
    USART_DeInit                             0x08001b4d   Thumb Code   134  stm32f10x_usart.o(.text)
    USART_Init                               0x08001bd3   Thumb Code   210  stm32f10x_usart.o(.text)
    USART_StructInit                         0x08001ca5   Thumb Code    24  stm32f10x_usart.o(.text)
    USART_ClockInit                          0x08001cbd   Thumb Code    34  stm32f10x_usart.o(.text)
    USART_ClockStructInit                    0x08001cdf   Thumb Code    12  stm32f10x_usart.o(.text)
    USART_Cmd                                0x08001ceb   Thumb Code    24  stm32f10x_usart.o(.text)
    USART_ITConfig                           0x08001d03   Thumb Code    74  stm32f10x_usart.o(.text)
    USART_DMACmd                             0x08001d4d   Thumb Code    18  stm32f10x_usart.o(.text)
    USART_SetAddress                         0x08001d5f   Thumb Code    18  stm32f10x_usart.o(.text)
    USART_WakeUpConfig                       0x08001d71   Thumb Code    18  stm32f10x_usart.o(.text)
    USART_ReceiverWakeUpCmd                  0x08001d83   Thumb Code    24  stm32f10x_usart.o(.text)
    USART_LINBreakDetectLengthConfig         0x08001d9b   Thumb Code    18  stm32f10x_usart.o(.text)
    USART_LINCmd                             0x08001dad   Thumb Code    24  stm32f10x_usart.o(.text)
    USART_SendData                           0x08001dc5   Thumb Code     8  stm32f10x_usart.o(.text)
    USART_ReceiveData                        0x08001dcd   Thumb Code    10  stm32f10x_usart.o(.text)
    USART_SendBreak                          0x08001dd7   Thumb Code    10  stm32f10x_usart.o(.text)
    USART_SetGuardTime                       0x08001de1   Thumb Code    16  stm32f10x_usart.o(.text)
    USART_SetPrescaler                       0x08001df1   Thumb Code    16  stm32f10x_usart.o(.text)
    USART_SmartCardCmd                       0x08001e01   Thumb Code    24  stm32f10x_usart.o(.text)
    USART_SmartCardNACKCmd                   0x08001e19   Thumb Code    24  stm32f10x_usart.o(.text)
    USART_HalfDuplexCmd                      0x08001e31   Thumb Code    24  stm32f10x_usart.o(.text)
    USART_OverSampling8Cmd                   0x08001e49   Thumb Code    22  stm32f10x_usart.o(.text)
    USART_OneBitMethodCmd                    0x08001e5f   Thumb Code    24  stm32f10x_usart.o(.text)
    USART_IrDAConfig                         0x08001e77   Thumb Code    18  stm32f10x_usart.o(.text)
    USART_IrDACmd                            0x08001e89   Thumb Code    24  stm32f10x_usart.o(.text)
    USART_GetFlagStatus                      0x08001ea1   Thumb Code    26  stm32f10x_usart.o(.text)
    USART_ClearFlag                          0x08001ebb   Thumb Code    18  stm32f10x_usart.o(.text)
    USART_GetITStatus                        0x08001ecd   Thumb Code    84  stm32f10x_usart.o(.text)
    USART_ClearITPendingBit                  0x08001f21   Thumb Code    52  stm32f10x_usart.o(.text)
    RCC_IN                                   0x08001f55   Thumb Code    34  inits.o(.text)
    initLED                                  0x08001f77   Thumb Code    32  inits.o(.text)
    Init_Joystick                            0x08001f97   Thumb Code    30  inits.o(.text)
    Init_Int                                 0x08001fb5   Thumb Code    64  inits.o(.text)
    InitServo_PWM_TIM2                       0x08001ff5   Thumb Code   136  inits.o(.text)
    InitServo_PWM_TIM3                       0x0800207d   Thumb Code   192  inits.o(.text)
    Rele                                     0x0800213d   Thumb Code    30  inits.o(.text)
    InitAll                                  0x0800215b   Thumb Code    20  inits.o(.text)
    set_pos                                  0x08002189   Thumb Code   166  set_angle.o(.text)
    set_pos_ms                               0x0800222f   Thumb Code     2  set_angle.o(.text)
    ETH_DeInit                               0x08002249   Thumb Code    22  stm32_eth.o(.text)
    ETH_WritePHYRegister                     0x0800227b   Thumb Code    96  stm32_eth.o(.text)
    ETH_ReadPHYRegister                      0x080022db   Thumb Code    98  stm32_eth.o(.text)
    ETH_Init                                 0x0800233d   Thumb Code   576  stm32_eth.o(.text)
    ETH_StructInit                           0x0800257d   Thumb Code   164  stm32_eth.o(.text)
    ETH_DMAReceptionCmd                      0x08002621   Thumb Code    30  stm32_eth.o(.text)
    ETH_DMATransmissionCmd                   0x0800263f   Thumb Code    30  stm32_eth.o(.text)
    ETH_MACReceptionCmd                      0x0800265d   Thumb Code    66  stm32_eth.o(.text)
    ETH_FlushTransmitFIFO                    0x0800269f   Thumb Code    14  stm32_eth.o(.text)
    ETH_MACTransmissionCmd                   0x080026ad   Thumb Code    30  stm32_eth.o(.text)
    ETH_Start                                0x080026cb   Thumb Code    32  stm32_eth.o(.text)
    ETH_HandleTxPkt                          0x080026eb   Thumb Code   176  stm32_eth.o(.text)
    ETH_HandleRxPkt                          0x0800279b   Thumb Code   196  stm32_eth.o(.text)
    ETH_GetDMARxDescFrameLength              0x0800285f   Thumb Code    10  stm32_eth.o(.text)
    ETH_GetRxPktSize                         0x08002869   Thumb Code    66  stm32_eth.o(.text)
    ETH_DropRxPkt                            0x080028ab   Thumb Code    78  stm32_eth.o(.text)
    ETH_PHYLoopBackCmd                       0x080028f9   Thumb Code    52  stm32_eth.o(.text)
    ETH_GetFlowControlBusyStatus             0x0800292d   Thumb Code    20  stm32_eth.o(.text)
    ETH_InitiatePauseControlFrame            0x08002941   Thumb Code    14  stm32_eth.o(.text)
    ETH_BackPressureActivationCmd            0x0800294f   Thumb Code    30  stm32_eth.o(.text)
    ETH_GetMACFlagStatus                     0x0800296d   Thumb Code    20  stm32_eth.o(.text)
    ETH_GetMACITStatus                       0x08002981   Thumb Code    20  stm32_eth.o(.text)
    ETH_MACITConfig                          0x08002995   Thumb Code    26  stm32_eth.o(.text)
    ETH_MACAddressConfig                     0x080029af   Thumb Code    46  stm32_eth.o(.text)
    ETH_GetMACAddress                        0x080029dd   Thumb Code    36  stm32_eth.o(.text)
    ETH_MACAddressPerfectFilterCmd           0x08002a01   Thumb Code    38  stm32_eth.o(.text)
    ETH_MACAddressFilterConfig               0x08002a27   Thumb Code    40  stm32_eth.o(.text)
    ETH_MACAddressMaskBytesFilterConfig      0x08002a4f   Thumb Code    50  stm32_eth.o(.text)
    ETH_DMATxDescChainInit                   0x08002a81   Thumb Code    70  stm32_eth.o(.text)
    ETH_DMATxDescRingInit                    0x08002ac7   Thumb Code    72  stm32_eth.o(.text)
    ETH_GetDMATxDescFlagStatus               0x08002b0f   Thumb Code    18  stm32_eth.o(.text)
    ETH_GetDMATxDescCollisionCount           0x08002b21   Thumb Code    10  stm32_eth.o(.text)
    ETH_SetDMATxDescOwnBit                   0x08002b2b   Thumb Code    10  stm32_eth.o(.text)
    ETH_DMATxDescTransmitITConfig            0x08002b35   Thumb Code    22  stm32_eth.o(.text)
    ETH_DMATxDescFrameSegmentConfig          0x08002b4b   Thumb Code     8  stm32_eth.o(.text)
    ETH_DMATxDescChecksumInsertionConfig     0x08002b53   Thumb Code     8  stm32_eth.o(.text)
    ETH_DMATxDescCRCCmd                      0x08002b5b   Thumb Code    22  stm32_eth.o(.text)
    ETH_DMATxDescEndOfRingCmd                0x08002b71   Thumb Code    22  stm32_eth.o(.text)
    ETH_DMATxDescSecondAddressChainedCmd     0x08002b87   Thumb Code    22  stm32_eth.o(.text)
    ETH_DMATxDescShortFramePaddingCmd        0x08002b9d   Thumb Code    22  stm32_eth.o(.text)
    ETH_DMATxDescTimeStampCmd                0x08002bb3   Thumb Code    22  stm32_eth.o(.text)
    ETH_DMATxDescBufferSizeConfig            0x08002bc9   Thumb Code    14  stm32_eth.o(.text)
    ETH_DMARxDescChainInit                   0x08002bd7   Thumb Code    76  stm32_eth.o(.text)
    ETH_DMARxDescRingInit                    0x08002c23   Thumb Code    86  stm32_eth.o(.text)
    ETH_GetDMARxDescFlagStatus               0x08002c79   Thumb Code    18  stm32_eth.o(.text)
    ETH_SetDMARxDescOwnBit                   0x08002c8b   Thumb Code    10  stm32_eth.o(.text)
    ETH_DMARxDescReceiveITConfig             0x08002c95   Thumb Code    22  stm32_eth.o(.text)
    ETH_DMARxDescEndOfRingCmd                0x08002cab   Thumb Code    22  stm32_eth.o(.text)
    ETH_DMARxDescSecondAddressChainedCmd     0x08002cc1   Thumb Code    22  stm32_eth.o(.text)
    ETH_GetDMARxDescBufferSize               0x08002cd7   Thumb Code    20  stm32_eth.o(.text)
    ETH_SoftwareReset                        0x08002ceb   Thumb Code    14  stm32_eth.o(.text)
    ETH_GetSoftwareResetStatus               0x08002cf9   Thumb Code    20  stm32_eth.o(.text)
    ETH_GetDMAFlagStatus                     0x08002d0d   Thumb Code    20  stm32_eth.o(.text)
    ETH_DMAClearFlag                         0x08002d21   Thumb Code     6  stm32_eth.o(.text)
    ETH_GetDMAITStatus                       0x08002d27   Thumb Code    20  stm32_eth.o(.text)
    ETH_DMAClearITPendingBit                 0x08002d3b   Thumb Code     6  stm32_eth.o(.text)
    ETH_GetTransmitProcessState              0x08002d41   Thumb Code    10  stm32_eth.o(.text)
    ETH_GetReceiveProcessState               0x08002d4b   Thumb Code    10  stm32_eth.o(.text)
    ETH_GetFlushTransmitFIFOStatus           0x08002d55   Thumb Code    20  stm32_eth.o(.text)
    ETH_DMAITConfig                          0x08002d69   Thumb Code    26  stm32_eth.o(.text)
    ETH_GetDMAOverflowStatus                 0x08002d83   Thumb Code    20  stm32_eth.o(.text)
    ETH_GetRxOverflowMissedFrameCounter      0x08002d97   Thumb Code    10  stm32_eth.o(.text)
    ETH_GetBufferUnavailableMissedFrameCounter 0x08002da1   Thumb Code     8  stm32_eth.o(.text)
    ETH_GetCurrentTxDescStartAddress         0x08002da9   Thumb Code     6  stm32_eth.o(.text)
    ETH_GetCurrentRxDescStartAddress         0x08002daf   Thumb Code     6  stm32_eth.o(.text)
    ETH_GetCurrentTxBufferAddress            0x08002db5   Thumb Code     6  stm32_eth.o(.text)
    ETH_GetCurrentRxBufferAddress            0x08002dbb   Thumb Code     6  stm32_eth.o(.text)
    ETH_ResumeDMATransmission                0x08002dc1   Thumb Code     8  stm32_eth.o(.text)
    ETH_ResumeDMAReception                   0x08002dc9   Thumb Code     8  stm32_eth.o(.text)
    ETH_ResetWakeUpFrameFilterRegisterPointer 0x08002dd1   Thumb Code    14  stm32_eth.o(.text)
    ETH_SetWakeUpFrameFilterRegister         0x08002ddf   Thumb Code    24  stm32_eth.o(.text)
    ETH_GlobalUnicastWakeUpCmd               0x08002df7   Thumb Code    30  stm32_eth.o(.text)
    ETH_GetPMTFlagStatus                     0x08002e15   Thumb Code    20  stm32_eth.o(.text)
    ETH_WakeUpFrameDetectionCmd              0x08002e29   Thumb Code    30  stm32_eth.o(.text)
    ETH_MagicPacketDetectionCmd              0x08002e47   Thumb Code    46  stm32_eth.o(.text)
    ETH_PowerDownCmd                         0x08002e75   Thumb Code    30  stm32_eth.o(.text)
    ETH_MMCCounterFreezeCmd                  0x08002e93   Thumb Code    34  stm32_eth.o(.text)
    ETH_MMCResetOnReadCmd                    0x08002eb5   Thumb Code    34  stm32_eth.o(.text)
    ETH_MMCCounterRolloverCmd                0x08002ed7   Thumb Code    34  stm32_eth.o(.text)
    ETH_MMCCountersReset                     0x08002ef9   Thumb Code    16  stm32_eth.o(.text)
    ETH_MMCITConfig                          0x08002f09   Thumb Code    78  stm32_eth.o(.text)
    ETH_GetMMCITStatus                       0x08002f57   Thumb Code    66  stm32_eth.o(.text)
    ETH_GetMMCRegister                       0x08002f99   Thumb Code     8  stm32_eth.o(.text)
    ETH_EnablePTPTimeStampAddend             0x08002fa1   Thumb Code    14  stm32_eth.o(.text)
    ETH_EnablePTPTimeStampInterruptTrigger   0x08002faf   Thumb Code    14  stm32_eth.o(.text)
    ETH_EnablePTPTimeStampUpdate             0x08002fbd   Thumb Code    14  stm32_eth.o(.text)
    ETH_InitializePTPTimeStamp               0x08002fcb   Thumb Code    14  stm32_eth.o(.text)
    ETH_PTPUpdateMethodConfig                0x08002fd9   Thumb Code    30  stm32_eth.o(.text)
    ETH_PTPTimeStampCmd                      0x08002ff7   Thumb Code    30  stm32_eth.o(.text)
    ETH_GetPTPFlagStatus                     0x08003015   Thumb Code    20  stm32_eth.o(.text)
    ETH_SetPTPSubSecondIncrement             0x08003029   Thumb Code     8  stm32_eth.o(.text)
    ETH_SetPTPTimeStampUpdate                0x08003031   Thumb Code    20  stm32_eth.o(.text)
    ETH_SetPTPTimeStampAddend                0x08003045   Thumb Code     8  stm32_eth.o(.text)
    ETH_SetPTPTargetTime                     0x0800304d   Thumb Code    12  stm32_eth.o(.text)
    ETH_GetPTPRegister                       0x08003059   Thumb Code     8  stm32_eth.o(.text)
    ETH_DMAPTPTxDescChainInit                0x08003061   Thumb Code    98  stm32_eth.o(.text)
    ETH_DMAPTPRxDescChainInit                0x080030c3   Thumb Code   104  stm32_eth.o(.text)
    ETH_HandlePTPTxPkt                       0x0800312b   Thumb Code   338  stm32_eth.o(.text)
    ETH_HandlePTPRxPkt                       0x0800327d   Thumb Code   248  stm32_eth.o(.text)
    I2C_WriteDeviceRegister                  0x080033b3   Thumb Code   236  stm3210c_eval_ioe.o(.text)
    I2C_ReadDeviceRegister                   0x0800349f   Thumb Code   330  stm3210c_eval_ioe.o(.text)
    IOE_TempSens_Config                      0x080035e9   Thumb Code    62  stm3210c_eval_ioe.o(.text)
    IOE_IOEdgeConfig                         0x08003627   Thumb Code    80  stm3210c_eval_ioe.o(.text)
    IOE_IOAFConfig                           0x08003677   Thumb Code    46  stm3210c_eval_ioe.o(.text)
    IOE_IOPinConfig                          0x080036a5   Thumb Code    46  stm3210c_eval_ioe.o(.text)
    IOE_WriteIOPin                           0x080036d3   Thumb Code    60  stm3210c_eval_ioe.o(.text)
    IOE_FnctCmd                              0x0800370f   Thumb Code    46  stm3210c_eval_ioe.o(.text)
    IOE_TS_Config                            0x0800375d   Thumb Code   224  stm3210c_eval_ioe.o(.text)
    IOE_Reset                                0x0800383d   Thumb Code    34  stm3210c_eval_ioe.o(.text)
    IOE_ReadID                               0x0800385f   Thumb Code    38  stm3210c_eval_ioe.o(.text)
    IOE_IsOperational                        0x08003885   Thumb Code    36  stm3210c_eval_ioe.o(.text)
    IOE_Config                               0x08003907   Thumb Code   210  stm3210c_eval_ioe.o(.text)
    IOE_GITConfig                            0x08003a3d   Thumb Code    46  stm3210c_eval_ioe.o(.text)
    IOE_GITCmd                               0x08003a6b   Thumb Code    42  stm3210c_eval_ioe.o(.text)
    IOE_IOITConfig                           0x08003a95   Thumb Code    46  stm3210c_eval_ioe.o(.text)
    IOE_ITOutConfig                          0x08003ac3   Thumb Code    72  stm3210c_eval_ioe.o(.text)
    IOE_ITConfig                             0x08003b0b   Thumb Code   172  stm3210c_eval_ioe.o(.text)
    IOE_ReadIOPin                            0x08003bb7   Thumb Code    56  stm3210c_eval_ioe.o(.text)
    IOE_JoyStickGetState                     0x08003bef   Thumb Code    94  stm3210c_eval_ioe.o(.text)
    I2C_ReadDataBuffer                       0x08003c4d   Thumb Code   344  stm3210c_eval_ioe.o(.text)
    IOE_TS_GetState                          0x08003e11   Thumb Code   148  stm3210c_eval_ioe.o(.text)
    IOE_TempSens_GetData                     0x08003ea5   Thumb Code    92  stm3210c_eval_ioe.o(.text)
    IOE_GetGITStatus                         0x08003f01   Thumb Code    36  stm3210c_eval_ioe.o(.text)
    IOE_ClearGITPending                      0x08003f25   Thumb Code    20  stm3210c_eval_ioe.o(.text)
    IOE_GetIOITStatus                        0x08003f39   Thumb Code    32  stm3210c_eval_ioe.o(.text)
    IOE_ClearIOITPending                     0x08003f59   Thumb Code    50  stm3210c_eval_ioe.o(.text)
    LCD_CtrlLinesWrite                       0x08003fad   Thumb Code    20  stm3210c_eval_lcd.o(.text)
    LCD_nCS_StartByte                        0x08003fc1   Thumb Code    38  stm3210c_eval_lcd.o(.text)
    LCD_WriteRegIndex                        0x08003fe7   Thumb Code    66  stm3210c_eval_lcd.o(.text)
    LCD_WriteReg                             0x08004029   Thumb Code    74  stm3210c_eval_lcd.o(.text)
    LCD_SPIConfig                            0x08004093   Thumb Code   130  stm3210c_eval_lcd.o(.text)
    LCD_CtrlLinesConfig                      0x08004115   Thumb Code    38  stm3210c_eval_lcd.o(.text)
    LCD_Setup                                0x0800413b   Thumb Code   516  stm3210c_eval_lcd.o(.text)
    STM3210C_LCD_Init                        0x0800433f   Thumb Code     8  stm3210c_eval_lcd.o(.text)
    LCD_SetTextColor                         0x08004347   Thumb Code    12  stm3210c_eval_lcd.o(.text)
    LCD_SetBackColor                         0x08004353   Thumb Code    12  stm3210c_eval_lcd.o(.text)
    LCD_SetCursor                            0x0800435f   Thumb Code    24  stm3210c_eval_lcd.o(.text)
    LCD_WriteRAM                             0x08004377   Thumb Code    78  stm3210c_eval_lcd.o(.text)
    LCD_WriteRAM_Prepare                     0x080043c5   Thumb Code    16  stm3210c_eval_lcd.o(.text)
    LCD_DrawChar                             0x080043d5   Thumb Code   110  stm3210c_eval_lcd.o(.text)
    LCD_DisplayChar                          0x08004443   Thumb Code    34  stm3210c_eval_lcd.o(.text)
    LCD_DisplayStringLine                    0x08004465   Thumb Code    66  stm3210c_eval_lcd.o(.text)
    LCD_ClearLine                            0x080044a7   Thumb Code    14  stm3210c_eval_lcd.o(.text)
    LCD_Clear                                0x080044b5   Thumb Code    50  stm3210c_eval_lcd.o(.text)
    LCD_SetDisplayWindow                     0x080044e7   Thumb Code    92  stm3210c_eval_lcd.o(.text)
    LCD_WindowModeDisable                    0x08004543   Thumb Code    28  stm3210c_eval_lcd.o(.text)
    LCD_WriteRAMWord                         0x0800455f   Thumb Code    26  stm3210c_eval_lcd.o(.text)
    LCD_DrawLine                             0x08004579   Thumb Code    92  stm3210c_eval_lcd.o(.text)
    LCD_DrawRect                             0x080045d5   Thumb Code    70  stm3210c_eval_lcd.o(.text)
    LCD_DrawCircle                           0x0800461b   Thumb Code   220  stm3210c_eval_lcd.o(.text)
    LCD_DrawMonoPict                         0x080046f7   Thumb Code    86  stm3210c_eval_lcd.o(.text)
    LCD_ReadReg                              0x0800474d   Thumb Code   264  stm3210c_eval_lcd.o(.text)
    LCD_PowerOn                              0x08004855   Thumb Code   118  stm3210c_eval_lcd.o(.text)
    LCD_DisplayOn                            0x080048cb   Thumb Code    14  stm3210c_eval_lcd.o(.text)
    LCD_DisplayOff                           0x080048d9   Thumb Code    12  stm3210c_eval_lcd.o(.text)
    STM_EVAL_LEDInit                         0x080048ed   Thumb Code    52  stm32_eval.o(.text)
    STM_EVAL_LEDOn                           0x08004921   Thumb Code    16  stm32_eval.o(.text)
    STM_EVAL_LEDOff                          0x08004931   Thumb Code    16  stm32_eval.o(.text)
    STM_EVAL_LEDToggle                       0x08004941   Thumb Code    26  stm32_eval.o(.text)
    STM_EVAL_PBInit                          0x0800495b   Thumb Code   146  stm32_eval.o(.text)
    STM_EVAL_PBGetState                      0x080049ed   Thumb Code    22  stm32_eval.o(.text)
    STM_EVAL_COMInit                         0x08004a03   Thumb Code   132  stm32_eval.o(.text)
    Set_MAC_Address                          0x08004ac9   Thumb Code    40  ethernetif.o(.text)
    ETH_TxPkt_ChainMode                      0x08004b7f   Thumb Code    94  ethernetif.o(.text)
    ETH_GetCurrentTxBuffer                   0x08004bdd   Thumb Code     8  ethernetif.o(.text)
    ETH_RxPkt_ChainMode                      0x08004c19   Thumb Code   148  ethernetif.o(.text)
    ethernetif_input                         0x08004d1b   Thumb Code    44  ethernetif.o(.text)
    ethernetif_init                          0x08004d47   Thumb Code    68  ethernetif.o(.text)
    tcp_client_connected                     0x08004db5   Thumb Code   104  client.o(.text)
    udp_client_callback                      0x08004e1d   Thumb Code   136  client.o(.text)
    client_init                              0x08004ea5   Thumb Code   146  client.o(.text)
    tcp_led_control                          0x08004f37   Thumb Code    30  client.o(.text)
    socket_close                             0x08004fbd   Thumb Code     8  server.o(.text)
    tcp_err_callback                         0x08004fc5   Thumb Code    14  server.o(.text)
    tcp_poll_callback                        0x08004fd3   Thumb Code    74  server.o(.text)
    led_cont                                 0x0800501d   Thumb Code   326  server.o(.text)
    servo_cont                               0x08005163   Thumb Code    28  server.o(.text)
    receivedData                             0x0800517f   Thumb Code   220  server.o(.text)
    tcp_server_accept                        0x080052a1   Thumb Code    56  server.o(.text)
    init_TCPclient_listen                    0x080052d9   Thumb Code    76  server.o(.text)
    server_init                              0x08005325   Thumb Code   318  server.o(.text)
    udp_server_callback                      0x08005463   Thumb Code   194  server.o(.text)
    sent_callback                            0x08005525   Thumb Code     6  server.o(.text)
    etharp_tmr                               0x080055bd   Thumb Code   154  etharp.o(.text)
    etharp_find_addr                         0x08005993   Thumb Code    90  etharp.o(.text)
    etharp_ip_input                          0x080059ed   Thumb Code    58  etharp.o(.text)
    etharp_arp_input                         0x08005a27   Thumb Code   306  etharp.o(.text)
    etharp_request                           0x08005c23   Thumb Code    36  etharp.o(.text)
    etharp_query                             0x08005c47   Thumb Code   436  etharp.o(.text)
    etharp_output                            0x08005dfb   Thumb Code   190  etharp.o(.text)
    ethernet_input                           0x08005eb9   Thumb Code   106  etharp.o(.text)
    LwIP_Init                                0x08005f31   Thumb Code    94  netconf.o(.text)
    LwIP_Pkt_Handle                          0x08005f8f   Thumb Code    10  netconf.o(.text)
    LwIP_Periodic_Handle                     0x08005f99   Thumb Code    52  netconf.o(.text)
    Display_Periodic_Handle                  0x08005fcd   Thumb Code   138  netconf.o(.text)
    NMI_Handler                              0x080060ad   Thumb Code     2  stm32f10x_it.o(.text)
    HardFault_Handler                        0x080060af   Thumb Code     4  stm32f10x_it.o(.text)
    MemManage_Handler                        0x080060b3   Thumb Code     4  stm32f10x_it.o(.text)
    BusFault_Handler                         0x080060b7   Thumb Code     4  stm32f10x_it.o(.text)
    UsageFault_Handler                       0x080060bb   Thumb Code     4  stm32f10x_it.o(.text)
    SVC_Handler                              0x080060bf   Thumb Code     2  stm32f10x_it.o(.text)
    DebugMon_Handler                         0x080060c1   Thumb Code     2  stm32f10x_it.o(.text)
    PendSV_Handler                           0x080060c3   Thumb Code     2  stm32f10x_it.o(.text)
    SysTick_Handler                          0x080060c5   Thumb Code     8  stm32f10x_it.o(.text)
    ETH_IRQHandler                           0x080060cd   Thumb Code    32  stm32f10x_it.o(.text)
    EXTI15_10_IRQHandler                     0x080060ed   Thumb Code   302  stm32f10x_it.o(.text)
    Ethernet_Configuration                   0x080062a1   Thumb Code   156  stm32f107.o(.text)
    GPIO_Configuration                       0x0800633d   Thumb Code   256  stm32f107.o(.text)
    NVIC_Configuration                       0x0800643d   Thumb Code    52  stm32f107.o(.text)
    System_Setup                             0x08006471   Thumb Code   126  stm32f107.o(.text)
    ADC_Configuration                        0x080064ef   Thumb Code    74  stm32f107.o(.text)
    mem_init                                 0x08006601   Thumb Code    80  mem.o(.text)
    mem_free                                 0x08006651   Thumb Code   106  mem.o(.text)
    mem_realloc                              0x080066bb   Thumb Code   316  mem.o(.text)
    mem_malloc                               0x080067f7   Thumb Code   290  mem.o(.text)
    mem_calloc                               0x08006919   Thumb Code    56  mem.o(.text)
    memp_init                                0x08006951   Thumb Code    82  memp.o(.text)
    memp_malloc                              0x080069a3   Thumb Code    54  memp.o(.text)
    memp_free                                0x080069d9   Thumb Code    38  memp.o(.text)
    netif_set_gw                             0x08006a11   Thumb Code    12  netif.o(.text)
    netif_set_netmask                        0x08006a1d   Thumb Code    12  netif.o(.text)
    netif_set_ipaddr                         0x08006a29   Thumb Code   110  netif.o(.text)
    netif_set_addr                           0x08006a97   Thumb Code    40  netif.o(.text)
    netif_add                                0x08006abf   Thumb Code    96  netif.o(.text)
    netif_set_default                        0x08006b1f   Thumb Code     6  netif.o(.text)
    netif_remove                             0x08006b25   Thumb Code    74  netif.o(.text)
    netif_find                               0x08006b6f   Thumb Code    64  netif.o(.text)
    netif_set_up                             0x08006baf   Thumb Code    44  netif.o(.text)
    netif_set_down                           0x08006bdb   Thumb Code    24  netif.o(.text)
    netif_is_up                              0x08006bf3   Thumb Code    12  netif.o(.text)
    pbuf_free                                0x08006c15   Thumb Code   152  pbuf.o(.text)
    pbuf_alloc                               0x08006cad   Thumb Code   542  pbuf.o(.text)
    pbuf_realloc                             0x08006ecb   Thumb Code   176  pbuf.o(.text)
    pbuf_header                              0x08006f7b   Thumb Code   140  pbuf.o(.text)
    pbuf_clen                                0x08007007   Thumb Code    18  pbuf.o(.text)
    pbuf_ref                                 0x08007019   Thumb Code    10  pbuf.o(.text)
    pbuf_cat                                 0x08007023   Thumb Code    80  pbuf.o(.text)
    pbuf_chain                               0x08007073   Thumb Code    22  pbuf.o(.text)
    pbuf_dechain                             0x08007089   Thumb Code    84  pbuf.o(.text)
    pbuf_copy                                0x080070dd   Thumb Code   220  pbuf.o(.text)
    pbuf_copy_partial                        0x080071b9   Thumb Code   154  pbuf.o(.text)
    pbuf_take                                0x08007253   Thumb Code   138  pbuf.o(.text)
    pbuf_coalesce                            0x080072dd   Thumb Code    66  pbuf.o(.text)
    raw_input                                0x08007321   Thumb Code   100  raw.o(.text)
    raw_bind                                 0x08007385   Thumb Code    16  raw.o(.text)
    raw_connect                              0x08007395   Thumb Code    16  raw.o(.text)
    raw_recv                                 0x080073a5   Thumb Code     6  raw.o(.text)
    raw_sendto                               0x080073ab   Thumb Code   158  raw.o(.text)
    raw_send                                 0x08007449   Thumb Code    18  raw.o(.text)
    raw_remove                               0x0800745b   Thumb Code    60  raw.o(.text)
    raw_new                                  0x08007497   Thumb Code    42  raw.o(.text)
    tcp_seg_free                             0x080074c5   Thumb Code    32  tcp.o(.text)
    tcp_segs_free                            0x080074e5   Thumb Code    30  tcp.o(.text)
    tcp_pcb_purge                            0x08007503   Thumb Code    54  tcp.o(.text)
    tcp_pcb_remove                           0x08007539   Thumb Code   170  tcp.o(.text)
    tcp_abandon                              0x080075e3   Thumb Code   148  tcp.o(.text)
    tcp_slowtmr                              0x08007677   Thumb Code   796  tcp.o(.text)
    tcp_fasttmr                              0x08007993   Thumb Code   112  tcp.o(.text)
    tcp_tmr                                  0x08007a03   Thumb Code    30  tcp.o(.text)
    tcp_close                                0x08007a21   Thumb Code   242  tcp.o(.text)
    tcp_bind                                 0x08007b7b   Thumb Code   232  tcp.o(.text)
    tcp_listen_with_backlog                  0x08007c6b   Thumb Code   204  tcp.o(.text)
    tcp_update_rcv_ann_wnd                   0x08007d37   Thumb Code    90  tcp.o(.text)
    tcp_recved                               0x08007d91   Thumb Code    86  tcp.o(.text)
    tcp_eff_send_mss                         0x08007de7   Thumb Code    46  tcp.o(.text)
    tcp_next_iss                             0x08007e15   Thumb Code    20  tcp.o(.text)
    tcp_connect                              0x08007e29   Thumb Code   278  tcp.o(.text)
    tcp_setprio                              0x08007f3f   Thumb Code     4  tcp.o(.text)
    tcp_alloc                                0x08007fed   Thumb Code   166  tcp.o(.text)
    tcp_new                                  0x08008093   Thumb Code    10  tcp.o(.text)
    tcp_arg                                  0x0800809d   Thumb Code     4  tcp.o(.text)
    tcp_recv                                 0x080080a1   Thumb Code     6  tcp.o(.text)
    tcp_sent                                 0x080080a7   Thumb Code     6  tcp.o(.text)
    tcp_err                                  0x080080ad   Thumb Code     6  tcp.o(.text)
    tcp_accept                               0x080080b3   Thumb Code     4  tcp.o(.text)
    tcp_poll                                 0x080080b7   Thumb Code    10  tcp.o(.text)
    tcp_input                                0x08008f8b   Thumb Code  1156  tcp_in.o(.text)
    tcp_enqueue                              0x080094c9   Thumb Code  1068  tcp_out.o(.text)
    tcp_send_ctrl                            0x080098f5   Thumb Code    28  tcp_out.o(.text)
    tcp_write                                0x08009911   Thumb Code    72  tcp_out.o(.text)
    tcp_output                               0x08009a1b   Thumb Code   610  tcp_out.o(.text)
    tcp_rst                                  0x08009c7d   Thumb Code   174  tcp_out.o(.text)
    tcp_rexmit_rto                           0x08009d2b   Thumb Code    70  tcp_out.o(.text)
    tcp_rexmit                               0x08009d71   Thumb Code    86  tcp_out.o(.text)
    tcp_keepalive                            0x08009dc7   Thumb Code    92  tcp_out.o(.text)
    tcp_zero_window_probe                    0x08009e23   Thumb Code   102  tcp_out.o(.text)
    udp_input                                0x08009e89   Thumb Code   408  udp.o(.text)
    udp_bind                                 0x0800a021   Thumb Code   112  udp.o(.text)
    udp_sendto_if                            0x0800a091   Thumb Code   212  udp.o(.text)
    udp_sendto                               0x0800a165   Thumb Code    46  udp.o(.text)
    udp_send                                 0x0800a193   Thumb Code    20  udp.o(.text)
    udp_connect                              0x0800a1a7   Thumb Code    94  udp.o(.text)
    udp_disconnect                           0x0800a205   Thumb Code    28  udp.o(.text)
    udp_recv                                 0x0800a221   Thumb Code     6  udp.o(.text)
    udp_remove                               0x0800a227   Thumb Code    60  udp.o(.text)
    udp_new                                  0x0800a263   Thumb Code    28  udp.o(.text)
    icmp_input                               0x0800a289   Thumb Code   404  icmp.o(.text)
    icmp_dest_unreach                        0x0800a493   Thumb Code    18  icmp.o(.text)
    icmp_time_exceeded                       0x0800a4a5   Thumb Code    18  icmp.o(.text)
    htonl                                    0x0800a4b9   Thumb Code    26  inet.o(.text)
    inet_aton                                0x0800a4d3   Thumb Code   336  inet.o(.text)
    inet_addr                                0x0800a623   Thumb Code    24  inet.o(.text)
    inet_ntoa                                0x0800a63b   Thumb Code   112  inet.o(.text)
    htons                                    0x0800a6ab   Thumb Code    12  inet.o(.text)
    ntohs                                    0x0800a6b7   Thumb Code    12  inet.o(.text)
    ntohl                                    0x0800a6c3   Thumb Code    12  inet.o(.text)
    inet_chksum_pseudo                       0x0800a71f   Thumb Code   162  inet_chksum.o(.text)
    inet_chksum                              0x0800a7c1   Thumb Code    20  inet_chksum.o(.text)
    inet_chksum_pbuf                         0x0800a7d5   Thumb Code    86  inet_chksum.o(.text)
    ip_current_netif                         0x0800a82d   Thumb Code     6  ip.o(.text)
    ip_current_header                        0x0800a833   Thumb Code     6  ip.o(.text)
    ip_route                                 0x0800a839   Thumb Code    70  ip.o(.text)
    ip_input                                 0x0800a87f   Thumb Code   398  ip.o(.text)
    ip_output_if                             0x0800aa0d   Thumb Code   256  ip.o(.text)
    ip_output                                0x0800ab0d   Thumb Code    52  ip.o(.text)
    ip_addr_isbroadcast                      0x0800ab55   Thumb Code    78  ip_addr.o(.text)
    ip_reass_tmr                             0x0800ac79   Thumb Code    48  ip_frag.o(.text)
    ip_reass                                 0x0800af11   Thumb Code   410  ip_frag.o(.text)
    ip_frag                                  0x0800b0ab   Thumb Code   326  ip_frag.o(.text)
    __2sprintf                               0x0800b1fd   Thumb Code    34  noretval__2sprintf.o(.text)
    __printf                                 0x0800b225   Thumb Code   104  __printf.o(.text)
    _printf_int_dec                          0x0800b28d   Thumb Code   104  _printf_dec.o(.text)
    strlen                                   0x0800b305   Thumb Code    62  strlen.o(.text)
    strncmp                                  0x0800b343   Thumb Code   150  strncmp.o(.text)
    __aeabi_memcpy                           0x0800b3d9   Thumb Code     0  rt_memcpy_v6.o(.text)
    __rt_memcpy                              0x0800b3d9   Thumb Code   138  rt_memcpy_v6.o(.text)
    _memcpy_lastbytes                        0x0800b43f   Thumb Code     0  rt_memcpy_v6.o(.text)
    __aeabi_memcpy4                          0x0800b463   Thumb Code     0  rt_memcpy_w.o(.text)
    __aeabi_memcpy8                          0x0800b463   Thumb Code     0  rt_memcpy_w.o(.text)
    __rt_memcpy_w                            0x0800b463   Thumb Code   100  rt_memcpy_w.o(.text)
    _memcpy_lastbytes_aligned                0x0800b4ab   Thumb Code     0  rt_memcpy_w.o(.text)
    __aeabi_memclr                           0x0800b4c7   Thumb Code     0  rt_memclr.o(.text)
    __rt_memclr                              0x0800b4c7   Thumb Code    68  rt_memclr.o(.text)
    _memset                                  0x0800b4cb   Thumb Code     0  rt_memclr.o(.text)
    __aeabi_memclr4                          0x0800b50b   Thumb Code     0  rt_memclr_w.o(.text)
    __aeabi_memclr8                          0x0800b50b   Thumb Code     0  rt_memclr_w.o(.text)
    __rt_memclr_w                            0x0800b50b   Thumb Code    78  rt_memclr_w.o(.text)
    _memset_w                                0x0800b50f   Thumb Code     0  rt_memclr_w.o(.text)
    __use_two_region_memory                  0x0800b559   Thumb Code     2  heapauxi.o(.text)
    __rt_heap_escrow$2region                 0x0800b55b   Thumb Code     2  heapauxi.o(.text)
    __rt_heap_expand$2region                 0x0800b55d   Thumb Code     2  heapauxi.o(.text)
    _printf_int_common                       0x0800b55f   Thumb Code   178  _printf_intcommon.o(.text)
    _printf_char_common                      0x0800b61b   Thumb Code    32  _printf_char_common.o(.text)
    _sputc                                   0x0800b641   Thumb Code    10  _sputc.o(.text)
    __user_setup_stackheap                   0x0800b64b   Thumb Code    74  sys_stackheap_outer.o(.text)
    exit                                     0x0800b695   Thumb Code    12  exit.o(.text)
    __user_libspace                          0x0800b6a1   Thumb Code     8  libspace.o(.text)
    __user_perproc_libspace                  0x0800b6a1   Thumb Code     0  libspace.o(.text)
    __user_perthread_libspace                0x0800b6a1   Thumb Code     0  libspace.o(.text)
    _sys_exit                                0x0800b6a9   Thumb Code     8  sys_exit.o(.text)
    __I$use$semihosting                      0x0800b6b5   Thumb Code     0  use_no_semi.o(.text)
    __use_no_semihosting_swi                 0x0800b6b5   Thumb Code     2  use_no_semi.o(.text)
    __semihosting_library_function           0x0800b6b7   Thumb Code     0  indicate_semi.o(.text)
    __aeabi_fadd                             0x0800b6b9   Thumb Code     0  faddsub_clz.o(x$fpl$fadd)
    _fadd                                    0x0800b6b9   Thumb Code   196  faddsub_clz.o(x$fpl$fadd)
    __aeabi_f2uiz                            0x0800b77d   Thumb Code     0  ffixu.o(x$fpl$ffixu)
    _ffixu                                   0x0800b77d   Thumb Code    62  ffixu.o(x$fpl$ffixu)
    __aeabi_i2f                              0x0800b7bd   Thumb Code     0  fflt_clz.o(x$fpl$fflt)
    _fflt                                    0x0800b7bd   Thumb Code    48  fflt_clz.o(x$fpl$fflt)
    __aeabi_fmul                             0x0800b7ed   Thumb Code     0  fmul.o(x$fpl$fmul)
    _fmul                                    0x0800b7ed   Thumb Code   258  fmul.o(x$fpl$fmul)
    __fpl_fnaninf                            0x0800b8ef   Thumb Code   140  fnaninf.o(x$fpl$fnaninf)
    __fpl_fretinf                            0x0800b97b   Thumb Code    10  fretinf.o(x$fpl$fretinf)
    __aeabi_fsub                             0x0800b985   Thumb Code     0  faddsub_clz.o(x$fpl$fsub)
    _fsub                                    0x0800b985   Thumb Code   234  faddsub_clz.o(x$fpl$fsub)
    ASCII_Table                              0x0800ba6e   Data        4560  stm3210c_eval_lcd.o(.constdata)
    __I$use$fp                               0x0800ba6e   Number         0  usenofp.o(x$fpl$usenofp)
    GPIO_PIN                                 0x0800cc40   Data           8  stm32_eval.o(.constdata)
    GPIO_CLK                                 0x0800cc48   Data          16  stm32_eval.o(.constdata)
    BUTTON_PIN                               0x0800cc58   Data           6  stm32_eval.o(.constdata)
    BUTTON_CLK                               0x0800cc60   Data          12  stm32_eval.o(.constdata)
    BUTTON_EXTI_LINE                         0x0800cc6c   Data           6  stm32_eval.o(.constdata)
    BUTTON_PORT_SOURCE                       0x0800cc72   Data           6  stm32_eval.o(.constdata)
    BUTTON_PIN_SOURCE                        0x0800cc78   Data           6  stm32_eval.o(.constdata)
    BUTTON_IRQn                              0x0800cc7e   Data           6  stm32_eval.o(.constdata)
    COM_USART_CLK                            0x0800cc84   Data           4  stm32_eval.o(.constdata)
    COM_POR_CLK                              0x0800cc88   Data           4  stm32_eval.o(.constdata)
    COM_TX_PIN                               0x0800cc8c   Data           2  stm32_eval.o(.constdata)
    COM_RX_PIN                               0x0800cc8e   Data           2  stm32_eval.o(.constdata)
    ethbroadcast                             0x0800cc90   Data           6  etharp.o(.constdata)
    ethzero                                  0x0800cc96   Data           6  etharp.o(.constdata)
    tcp_backoff                              0x0800ccc0   Data          13  tcp.o(.constdata)
    tcp_persist_backoff                      0x0800cccd   Data           7  tcp.o(.constdata)
    ip_addr_any                              0x0800ccd4   Data           4  ip_addr.o(.constdata)
    ip_addr_broadcast                        0x0800ccd8   Data           4  ip_addr.o(.constdata)
    my_ip                                    0x0800ccdc   Data           4  ip_addr.o(.constdata)
    Region$$Table$$Base                      0x0800ccf8   Number         0  anon$$obj.o(Region$$Table)
    Region$$Table$$Limit                     0x0800cd18   Number         0  anon$$obj.o(Region$$Table)
    LocalTime                                0x20000000   Data           4  main.o(.data)
    timingdelay                              0x20000004   Data           4  main.o(.data)
    counter                                  0x20000008   Data           4  main.o(.data)
    counter1                                 0x2000000c   Data           4  main.o(.data)
    Array                                    0x20000010   Data         256  main.o(.data)
    angle1                                   0x20000110   Data           4  main.o(.data)
    angle2                                   0x20000114   Data           4  main.o(.data)
    angle3                                   0x20000118   Data           4  main.o(.data)
    angle4                                   0x2000011c   Data           4  main.o(.data)
    SystemCoreClock                          0x20000120   Data           4  system_stm32f10x.o(.data)
    AHBPrescTable                            0x20000124   Data          16  system_stm32f10x.o(.data)
    DMATxDescToSet                           0x20000148   Data           4  stm32_eth.o(.data)
    DMARxDescToGet                           0x2000014c   Data           4  stm32_eth.o(.data)
    DMAPTPTxDescToSet                        0x20000150   Data           4  stm32_eth.o(.data)
    DMAPTPRxDescToGet                        0x20000154   Data           4  stm32_eth.o(.data)
    TS_State                                 0x20000158   Data           8  stm3210c_eval_ioe.o(.data)
    TimeOut                                  0x20000160   Data           4  stm3210c_eval_ioe.o(.data)
    GPIO_PORT                                0x20000174   Data          16  stm32_eval.o(.data)
    BUTTON_PORT                              0x20000184   Data          12  stm32_eval.o(.data)
    COM_USART                                0x20000190   Data           4  stm32_eval.o(.data)
    COM_PORT                                 0x20000194   Data           4  stm32_eval.o(.data)
    tcp_end_time                             0x20000198   Data           4  ethernetif.o(.data)
    arp_end_time                             0x2000019c   Data           4  ethernetif.o(.data)
    MACaddr                                  0x200001a0   Data           6  ethernetif.o(.data)
    DMATxDesc                                0x200001a8   Data           4  ethernetif.o(.data)
    err                                      0x200001b0   Data           1  client.o(.data)
    BindTcpAddr                              0x200001b4   Data           4  server.o(.data)
    close_tcp                                0x200001b8   Data           1  server.o(.data)
    state                                    0x200001bc   Data           4  server.o(.data)
    len                                      0x200001c0   Data           4  server.o(.data)
    rdatatad                                 0x200001c4   Data           4  server.o(.data)
    data                                     0x200001c8   Data           4  server.o(.data)
    led_flag                                 0x200001cc   Data           4  server.o(.data)
    socket_flag                              0x200001d0   Data           4  server.o(.data)
    TCPTimer                                 0x200001d8   Data           4  netconf.o(.data)
    ARPTimer                                 0x200001dc   Data           4  netconf.o(.data)
    DHCPfineTimer                            0x200001e0   Data           4  netconf.o(.data)
    DHCPcoarseTimer                          0x200001e4   Data           4  netconf.o(.data)
    DisplayTimer                             0x200001ec   Data           4  netconf.o(.data)
    LedToggle                                0x200001f0   Data           1  netconf.o(.data)
    Server                                   0x200001f1   Data           1  netconf.o(.data)
    netif_list                               0x20000208   Data           4  netif.o(.data)
    netif_default                            0x2000020c   Data           4  netif.o(.data)
    tcp_ticks                                0x20000218   Data           4  tcp.o(.data)
    tcp_bound_pcbs                           0x2000021c   Data           4  tcp.o(.data)
    tcp_listen_pcbs                          0x20000220   Data           4  tcp.o(.data)
    tcp_active_pcbs                          0x20000224   Data           4  tcp.o(.data)
    tcp_tw_pcbs                              0x20000228   Data           4  tcp.o(.data)
    tcp_tmp_pcb                              0x2000022c   Data           4  tcp.o(.data)
    tcp_input_pcb                            0x20000254   Data           4  tcp_in.o(.data)
    udp_pcbs                                 0x20000258   Data           4  udp.o(.data)
    DMARxDscrTab                             0x20000270   Data          64  ethernetif.o(.bss)
    DMATxDscrTab                             0x200002b0   Data          32  ethernetif.o(.bss)
    Rx_Buff                                  0x200002d0   Data        6080  ethernetif.o(.bss)
    Tx_Buff                                  0x20001a90   Data        3040  ethernetif.o(.bss)
    mass                                     0x20002670   Data          16  server.o(.bss)
    netif                                    0x20002748   Data          48  netconf.o(.bss)
    __libspace_start                         0x2000c440   Data          96  libspace.o(.bss)
    __temporary_stack_top$libspace           0x2000c4a0   Data           0  libspace.o(.bss)



==============================================================================

Memory Map of the image

  Image Entry point : 0x08000295

  Load Region LR_1 (Base: 0x08000000, Size: 0x0000cf88, Max: 0xffffffff, ABSOLUTE, COMPRESSED[0x0000cd98])

    Execution Region ER_RO (Base: 0x08000000, Size: 0x0000cd18, Max: 0xffffffff, ABSOLUTE)

    Base Addr    Size         Type   Attr      Idx    E Section Name        Object

    0x08000000   0x00000150   Data   RO          150    RESET               startup_stm32f10x_cl.o
    0x08000150   0x00000008   Code   RO         1665  * !!!main             c_w.l(__main.o)
    0x08000158   0x00000034   Code   RO         1855    !!!scatter          c_w.l(__scatter.o)
    0x0800018c   0x0000005a   Code   RO         1853    !!dczerorl2         c_w.l(__dczerorl2.o)
    0x080001e6   0x00000002   PAD
    0x080001e8   0x0000001c   Code   RO         1857    !!handler_zi        c_w.l(__scatter_zi.o)
    0x08000204   0x00000000   Code   RO         1646    .ARM.Collect$$_printf_percent$$00000000  c_w.l(_printf_percent.o)
    0x08000204   0x00000006   Code   RO         1645    .ARM.Collect$$_printf_percent$$00000009  c_w.l(_printf_d.o)
    0x0800020a   0x00000004   Code   RO         1692    .ARM.Collect$$_printf_percent$$00000017  c_w.l(_printf_percent_end.o)
    0x0800020e   0x00000002   Code   RO         1724    .ARM.Collect$$libinit$$00000000  c_w.l(libinit.o)
    0x08000210   0x00000000   Code   RO         1731    .ARM.Collect$$libinit$$00000002  c_w.l(libinit2.o)
    0x08000210   0x00000000   Code   RO         1733    .ARM.Collect$$libinit$$00000004  c_w.l(libinit2.o)
    0x08000210   0x00000000   Code   RO         1736    .ARM.Collect$$libinit$$0000000A  c_w.l(libinit2.o)
    0x08000210   0x00000000   Code   RO         1738    .ARM.Collect$$libinit$$0000000C  c_w.l(libinit2.o)
    0x08000210   0x00000000   Code   RO         1740    .ARM.Collect$$libinit$$0000000E  c_w.l(libinit2.o)
    0x08000210   0x00000000   Code   RO         1743    .ARM.Collect$$libinit$$00000011  c_w.l(libinit2.o)
    0x08000210   0x00000000   Code   RO         1745    .ARM.Collect$$libinit$$00000013  c_w.l(libinit2.o)
    0x08000210   0x00000000   Code   RO         1747    .ARM.Collect$$libinit$$00000015  c_w.l(libinit2.o)
    0x08000210   0x00000000   Code   RO         1749    .ARM.Collect$$libinit$$00000017  c_w.l(libinit2.o)
    0x08000210   0x00000000   Code   RO         1751    .ARM.Collect$$libinit$$00000019  c_w.l(libinit2.o)
    0x08000210   0x00000000   Code   RO         1753    .ARM.Collect$$libinit$$0000001B  c_w.l(libinit2.o)
    0x08000210   0x00000000   Code   RO         1755    .ARM.Collect$$libinit$$0000001D  c_w.l(libinit2.o)
    0x08000210   0x00000000   Code   RO         1757    .ARM.Collect$$libinit$$0000001F  c_w.l(libinit2.o)
    0x08000210   0x00000000   Code   RO         1759    .ARM.Collect$$libinit$$00000021  c_w.l(libinit2.o)
    0x08000210   0x00000000   Code   RO         1761    .ARM.Collect$$libinit$$00000023  c_w.l(libinit2.o)
    0x08000210   0x00000000   Code   RO         1763    .ARM.Collect$$libinit$$00000025  c_w.l(libinit2.o)
    0x08000210   0x00000000   Code   RO         1767    .ARM.Collect$$libinit$$0000002C  c_w.l(libinit2.o)
    0x08000210   0x00000000   Code   RO         1769    .ARM.Collect$$libinit$$0000002E  c_w.l(libinit2.o)
    0x08000210   0x00000000   Code   RO         1771    .ARM.Collect$$libinit$$00000030  c_w.l(libinit2.o)
    0x08000210   0x00000000   Code   RO         1773    .ARM.Collect$$libinit$$00000032  c_w.l(libinit2.o)
    0x08000210   0x00000002   Code   RO         1774    .ARM.Collect$$libinit$$00000033  c_w.l(libinit2.o)
    0x08000212   0x00000002   Code   RO         1794    .ARM.Collect$$libshutdown$$00000000  c_w.l(libshutdown.o)
    0x08000214   0x00000000   Code   RO         1808    .ARM.Collect$$libshutdown$$00000003  c_w.l(libshutdown2.o)
    0x08000214   0x00000000   Code   RO         1811    .ARM.Collect$$libshutdown$$00000006  c_w.l(libshutdown2.o)
    0x08000214   0x00000000   Code   RO         1814    .ARM.Collect$$libshutdown$$00000009  c_w.l(libshutdown2.o)
    0x08000214   0x00000000   Code   RO         1816    .ARM.Collect$$libshutdown$$0000000B  c_w.l(libshutdown2.o)
    0x08000214   0x00000000   Code   RO         1819    .ARM.Collect$$libshutdown$$0000000E  c_w.l(libshutdown2.o)
    0x08000214   0x00000002   Code   RO         1820    .ARM.Collect$$libshutdown$$0000000F  c_w.l(libshutdown2.o)
    0x08000216   0x00000000   Code   RO         1685    .ARM.Collect$$rtentry$$00000000  c_w.l(__rtentry.o)
    0x08000216   0x00000000   Code   RO         1699    .ARM.Collect$$rtentry$$00000002  c_w.l(__rtentry2.o)
    0x08000216   0x00000006   Code   RO         1711    .ARM.Collect$$rtentry$$00000004  c_w.l(__rtentry4.o)
    0x0800021c   0x00000000   Code   RO         1701    .ARM.Collect$$rtentry$$00000009  c_w.l(__rtentry2.o)
    0x0800021c   0x00000004   Code   RO         1702    .ARM.Collect$$rtentry$$0000000A  c_w.l(__rtentry2.o)
    0x08000220   0x00000000   Code   RO         1704    .ARM.Collect$$rtentry$$0000000C  c_w.l(__rtentry2.o)
    0x08000220   0x00000008   Code   RO         1705    .ARM.Collect$$rtentry$$0000000D  c_w.l(__rtentry2.o)
    0x08000228   0x00000002   Code   RO         1728    .ARM.Collect$$rtexit$$00000000  c_w.l(rtexit.o)
    0x0800022a   0x00000000   Code   RO         1776    .ARM.Collect$$rtexit$$00000002  c_w.l(rtexit2.o)
    0x0800022a   0x00000004   Code   RO         1777    .ARM.Collect$$rtexit$$00000003  c_w.l(rtexit2.o)
    0x0800022e   0x00000006   Code   RO         1778    .ARM.Collect$$rtexit$$00000004  c_w.l(rtexit2.o)
    0x08000234   0x00000060   Code   RO            1    .text               main.o
    0x08000294   0x00000040   Code   RO          151  * .text               startup_stm32f10x_cl.o
    0x080002d4   0x00000278   Code   RO          166    .text               system_stm32f10x.o
    0x0800054c   0x000000dc   Code   RO          191    .text               misc.o
    0x08000628   0x0000044e   Code   RO          203    .text               stm32f10x_adc.o
    0x08000a76   0x00000002   PAD
    0x08000a78   0x0000011c   Code   RO          323    .text               stm32f10x_exti.o
    0x08000b94   0x0000035c   Code   RO          368    .text               stm32f10x_gpio.o
    0x08000ef0   0x00000404   Code   RO          380    .text               stm32f10x_i2c.o
    0x080012f4   0x00000504   Code   RO          425    .text               stm32f10x_rcc.o
    0x080017f8   0x00000354   Code   RO          469    .text               stm32f10x_spi.o
    0x08001b4c   0x00000408   Code   RO          499    .text               stm32f10x_usart.o
    0x08001f54   0x00000234   Code   RO          526    .text               inits.o
    0x08002188   0x000000c0   Code   RO          548    .text               set_angle.o
    0x08002248   0x00001138   Code   RO          575    .text               stm32_eth.o
    0x08003380   0x00000c2c   Code   RO          590    .text               stm3210c_eval_ioe.o
    0x08003fac   0x00000940   Code   RO          608    .text               stm3210c_eval_lcd.o
    0x080048ec   0x000001dc   Code   RO          630    .text               stm32_eval.o
    0x08004ac8   0x000002ec   Code   RO          649    .text               ethernetif.o
    0x08004db4   0x00000208   Code   RO          708    .text               client.o
    0x08004fbc   0x000005c0   Code   RO          771    .text               server.o
    0x0800557c   0x000009b4   Code   RO          902    .text               etharp.o
    0x08005f30   0x0000017c   Code   RO          928    .text               netconf.o
    0x080060ac   0x000001d4   Code   RO          954    .text               stm32f10x_it.o
    0x08006280   0x000002d8   Code   RO          970    .text               stm32f107.o
    0x08006558   0x000003f8   Code   RO         1031    .text               mem.o
    0x08006950   0x000000c0   Code   RO         1049    .text               memp.o
    0x08006a10   0x00000204   Code   RO         1079    .text               netif.o
    0x08006c14   0x0000070a   Code   RO         1097    .text               pbuf.o
    0x0800731e   0x00000002   PAD
    0x08007320   0x000001a4   Code   RO         1112    .text               raw.o
    0x080074c4   0x00000c1c   Code   RO         1141    .text               tcp.o
    0x080080e0   0x00001364   Code   RO         1167    .text               tcp_in.o
    0x08009444   0x00000a44   Code   RO         1190    .text               tcp_out.o
    0x08009e88   0x00000400   Code   RO         1202    .text               udp.o
    0x0800a288   0x0000022e   Code   RO         1262    .text               icmp.o
    0x0800a4b6   0x00000002   PAD
    0x0800a4b8   0x0000021c   Code   RO         1280    .text               inet.o
    0x0800a6d4   0x00000156   Code   RO         1293    .text               inet_chksum.o
    0x0800a82a   0x00000002   PAD
    0x0800a82c   0x00000328   Code   RO         1312    .text               ip.o
    0x0800ab54   0x0000004e   Code   RO         1332    .text               ip_addr.o
    0x0800aba2   0x00000002   PAD
    0x0800aba4   0x00000658   Code   RO         1354    .text               ip_frag.o
    0x0800b1fc   0x00000028   Code   RO         1619    .text               c_w.l(noretval__2sprintf.o)
    0x0800b224   0x00000068   Code   RO         1621    .text               c_w.l(__printf.o)
    0x0800b28c   0x00000078   Code   RO         1623    .text               c_w.l(_printf_dec.o)
    0x0800b304   0x0000003e   Code   RO         1649    .text               c_w.l(strlen.o)
    0x0800b342   0x00000096   Code   RO         1651    .text               c_w.l(strncmp.o)
    0x0800b3d8   0x0000008a   Code   RO         1653    .text               c_w.l(rt_memcpy_v6.o)
    0x0800b462   0x00000064   Code   RO         1655    .text               c_w.l(rt_memcpy_w.o)
    0x0800b4c6   0x00000044   Code   RO         1657    .text               c_w.l(rt_memclr.o)
    0x0800b50a   0x0000004e   Code   RO         1659    .text               c_w.l(rt_memclr_w.o)
    0x0800b558   0x00000006   Code   RO         1663    .text               c_w.l(heapauxi.o)
    0x0800b55e   0x000000b2   Code   RO         1686    .text               c_w.l(_printf_intcommon.o)
    0x0800b610   0x00000030   Code   RO         1688    .text               c_w.l(_printf_char_common.o)
    0x0800b640   0x0000000a   Code   RO         1690    .text               c_w.l(_sputc.o)
    0x0800b64a   0x0000004a   Code   RO         1715    .text               c_w.l(sys_stackheap_outer.o)
    0x0800b694   0x0000000c   Code   RO         1717    .text               c_w.l(exit.o)
    0x0800b6a0   0x00000008   Code   RO         1725    .text               c_w.l(libspace.o)
    0x0800b6a8   0x0000000c   Code   RO         1786    .text               c_w.l(sys_exit.o)
    0x0800b6b4   0x00000002   Code   RO         1797    .text               c_w.l(use_no_semi.o)
    0x0800b6b6   0x00000000   Code   RO         1799    .text               c_w.l(indicate_semi.o)
    0x0800b6b6   0x00000002   PAD
    0x0800b6b8   0x000000c4   Code   RO         1667    x$fpl$fadd          fz_ws.l(faddsub_clz.o)
    0x0800b77c   0x0000003e   Code   RO         1673    x$fpl$ffixu         fz_ws.l(ffixu.o)
    0x0800b7ba   0x00000002   PAD
    0x0800b7bc   0x00000030   Code   RO         1678    x$fpl$fflt          fz_ws.l(fflt_clz.o)
    0x0800b7ec   0x00000102   Code   RO         1683    x$fpl$fmul          fz_ws.l(fmul.o)
    0x0800b8ee   0x0000008c   Code   RO         1693    x$fpl$fnaninf       fz_ws.l(fnaninf.o)
    0x0800b97a   0x0000000a   Code   RO         1695    x$fpl$fretinf       fz_ws.l(fretinf.o)
    0x0800b984   0x000000ea   Code   RO         1669    x$fpl$fsub          fz_ws.l(faddsub_clz.o)
    0x0800ba6e   0x00000000   Code   RO         1697    x$fpl$usenofp       fz_ws.l(usenofp.o)
    0x0800ba6e   0x000011d0   Data   RO          609    .constdata          stm3210c_eval_lcd.o
    0x0800cc3e   0x00000002   PAD
    0x0800cc40   0x00000050   Data   RO          631    .constdata          stm32_eval.o
    0x0800cc90   0x0000000c   Data   RO          904    .constdata          etharp.o
    0x0800cc9c   0x00000024   Data   RO         1051    .constdata          memp.o
    0x0800ccc0   0x00000014   Data   RO         1142    .constdata          tcp.o
    0x0800ccd4   0x0000000c   Data   RO         1333    .constdata          ip_addr.o
    0x0800cce0   0x00000018   Data   RO          773    .conststring        server.o
    0x0800ccf8   0x00000020   Data   RO         1851    Region$$Table       anon$$obj.o


    Execution Region ER_RW (Base: 0x20000000, Size: 0x00000270, Max: 0xffffffff, ABSOLUTE, COMPRESSED[0x00000080])

    Base Addr    Size         Type   Attr      Idx    E Section Name        Object

    0x20000000   0x00000120   Data   RW            2    .data               main.o
    0x20000120   0x00000014   Data   RW          167    .data               system_stm32f10x.o
    0x20000134   0x00000014   Data   RW          426    .data               stm32f10x_rcc.o
    0x20000148   0x00000010   Data   RW          576    .data               stm32_eth.o
    0x20000158   0x00000018   Data   RW          591    .data               stm3210c_eval_ioe.o
    0x20000170   0x00000004   Data   RW          610    .data               stm3210c_eval_lcd.o
    0x20000174   0x00000024   Data   RW          632    .data               stm32_eval.o
    0x20000198   0x00000014   Data   RW          651    .data               ethernetif.o
    0x200001ac   0x00000005   Data   RW          709    .data               client.o
    0x200001b1   0x00000003   PAD
    0x200001b4   0x00000020   Data   RW          774    .data               server.o
    0x200001d4   0x00000001   Data   RW          905    .data               etharp.o
    0x200001d5   0x00000003   PAD
    0x200001d8   0x0000001a   Data   RW          930    .data               netconf.o
    0x200001f2   0x00000002   PAD
    0x200001f4   0x00000004   Data   RW          955    .data               stm32f10x_it.o
    0x200001f8   0x0000000d   Data   RW         1033    .data               mem.o
    0x20000205   0x00000003   PAD
    0x20000208   0x00000009   Data   RW         1080    .data               netif.o
    0x20000211   0x00000003   PAD
    0x20000214   0x00000004   Data   RW         1113    .data               raw.o
    0x20000218   0x00000020   Data   RW         1143    .data               tcp.o
    0x20000238   0x00000020   Data   RW         1169    .data               tcp_in.o
    0x20000258   0x00000004   Data   RW         1203    .data               udp.o
    0x2000025c   0x0000000a   Data   RW         1313    .data               ip.o
    0x20000266   0x00000002   PAD
    0x20000268   0x00000006   Data   RW         1356    .data               ip_frag.o


    Execution Region ER_ZI (Base: 0x20000270, Size: 0x0000c830, Max: 0xffffffff, ABSOLUTE)

    Base Addr    Size         Type   Attr      Idx    E Section Name        Object

    0x20000270   0x00002400   Zero   RW          650    .bss                ethernetif.o
    0x20002670   0x00000010   Zero   RW          772    .bss                server.o
    0x20002680   0x000000c8   Zero   RW          903    .bss                etharp.o
    0x20002748   0x00000030   Zero   RW          929    .bss                netconf.o
    0x20002778   0x00005014   Zero   RW         1032    .bss                mem.o
    0x2000778c   0x000046af   Zero   RW         1050    .bss                memp.o
    0x2000be3b   0x00000001   PAD
    0x2000be3c   0x00000014   Zero   RW         1168    .bss                tcp_in.o
    0x2000be50   0x00000010   Zero   RW         1281    .bss                inet.o
    0x2000be60   0x000005e0   Zero   RW         1355    .bss                ip_frag.o
    0x2000c440   0x00000060   Zero   RW         1726    .bss                c_w.l(libspace.o)
    0x2000c4a0   0x00000200   Zero   RW          149    HEAP                startup_stm32f10x_cl.o
    0x2000c6a0   0x00000400   Zero   RW          148    STACK               startup_stm32f10x_cl.o


==============================================================================

Image component sizes


      Code (inc. data)   RO Data    RW Data    ZI Data      Debug   Object Name

       520        104          0          5          0       2417   client.o
      2484         24         12          1        200       9095   etharp.o
       748         42          0         20       9216       9232   ethernetif.o
       558          0          0          0          0       2538   icmp.o
       540         12          0          0         16       3184   inet.o
       342          0          0          0          0       5208   inet_chksum.o
       564         26          0          0          0      16778   inits.o
       808         20          0         10          0       4354   ip.o
        78          0         12          0          0       5495   ip_addr.o
      1624         22          0          6       1504       5888   ip_frag.o
        96         10          0        288          0     313073   main.o
      1016         22          0         13      20500       3758   mem.o
       192         18         36          0      18095       2350   memp.o
       220         22          0          0          0       1741   misc.o
       380         86          0         26         48       9577   netconf.o
       516         22          0          9          0       5300   netif.o
      1802          0          0          0          0       5740   pbuf.o
       420          4          0          4          0       4033   raw.o
      1472        196         24         32         16       5703   server.o
       192         24          0          0          0        833   set_angle.o
        64         26        336          0       1536        904   startup_stm32f10x_cl.o
      3116         74          0         24          0      15131   stm3210c_eval_ioe.o
      2368         80       4560          4          0       8494   stm3210c_eval_lcd.o
      4408        118          0         16          0      24301   stm32_eth.o
       476         66         80         36          0       4275   stm32_eval.o
       728         32          0          0          0      16949   stm32f107.o
      1102         26          0          0          0      19829   stm32f10x_adc.o
       284         10          0          0          0       4363   stm32f10x_exti.o
       860         38          0          0          0       5585   stm32f10x_gpio.o
      1028         16          0          0          0      17019   stm32f10x_i2c.o
       468        102          0          4          0       2162   stm32f10x_it.o
      1284         64          0         20          0      11106   stm32f10x_rcc.o
       852         20          0          0          0      13450   stm32f10x_spi.o
      1032         22          0          0          0       8312   stm32f10x_usart.o
       632         44          0         20          0       2079   system_stm32f10x.o
      3100        104         20         32          0      17380   tcp.o
      4964        206          0         32         20      13012   tcp_in.o
      2628         12          0          0          0       6403   tcp_out.o
      1024         10          0          4          0       6181   udp.o

    ----------------------------------------------------------------------
     45000       1724       5114        624      51152     613232   Object Totals
         0          0         32          0          0          0   (incl. Generated)
        10          0          2         18          1          0   (incl. Padding)

    ----------------------------------------------------------------------

      Code (inc. data)   RO Data    RW Data    ZI Data      Debug   Library Member Name

        90          0          0          0          0          0   __dczerorl2.o
         8          0          0          0          0         68   __main.o
       104          0          0          0          0         84   __printf.o
         0          0          0          0          0          0   __rtentry.o
        12          0          0          0          0          0   __rtentry2.o
         6          0          0          0          0          0   __rtentry4.o
        52          8          0          0          0          0   __scatter.o
        28          0          0          0          0          0   __scatter_zi.o
        48          6          0          0          0         96   _printf_char_common.o
         6          0          0          0          0          0   _printf_d.o
       120         16          0          0          0         92   _printf_dec.o
       178          0          0          0          0         88   _printf_intcommon.o
         0          0          0          0          0          0   _printf_percent.o
         4          0          0          0          0          0   _printf_percent_end.o
        10          0          0          0          0         68   _sputc.o
        12          0          0          0          0         72   exit.o
         6          0          0          0          0        152   heapauxi.o
         0          0          0          0          0          0   indicate_semi.o
         2          0          0          0          0          0   libinit.o
         2          0          0          0          0          0   libinit2.o
         2          0          0          0          0          0   libshutdown.o
         2          0          0          0          0          0   libshutdown2.o
         8          4          0          0         96         68   libspace.o
        40          6          0          0          0         84   noretval__2sprintf.o
        68          0          0          0          0         68   rt_memclr.o
        78          0          0          0          0         80   rt_memclr_w.o
       138          0          0          0          0         68   rt_memcpy_v6.o
       100          0          0          0          0         80   rt_memcpy_w.o
         2          0          0          0          0          0   rtexit.o
        10          0          0          0          0          0   rtexit2.o
        62          0          0          0          0         76   strlen.o
       150          0          0          0          0         80   strncmp.o
        12          4          0          0          0         68   sys_exit.o
        74          0          0          0          0         80   sys_stackheap_outer.o
         2          0          0          0          0         68   use_no_semi.o
       430          8          0          0          0        168   faddsub_clz.o
        62          4          0          0          0         84   ffixu.o
        48          0          0          0          0         68   fflt_clz.o
       258          4          0          0          0         84   fmul.o
       140          4          0          0          0         84   fnaninf.o
        10          0          0          0          0         68   fretinf.o
         0          0          0          0          0          0   usenofp.o

    ----------------------------------------------------------------------
      2390         64          0          0         96       2096   Library Totals
         6          0          0          0          0          0   (incl. Padding)

    ----------------------------------------------------------------------

      Code (inc. data)   RO Data    RW Data    ZI Data      Debug   Library Name

      1436         44          0          0         96       1540   c_w.l
       948         20          0          0          0        556   fz_ws.l

    ----------------------------------------------------------------------
      2390         64          0          0         96       2096   Library Totals

    ----------------------------------------------------------------------

==============================================================================


      Code (inc. data)   RO Data    RW Data    ZI Data      Debug   

     47390       1788       5114        624      51248     610332   Grand Totals
     47390       1788       5114        128      51248     610332   ELF Image Totals (compressed)
     47390       1788       5114        128          0          0   ROM Totals

==============================================================================

    Total RO  Size (Code + RO Data)                52504 (  51.27kB)
    Total RW  Size (RW Data + ZI Data)             51872 (  50.66kB)
    Total ROM Size (Code + RO Data + RW Data)      52632 (  51.40kB)

==============================================================================

